Archive member included to satisfy reference by file (symbol)

C:/ST/STM32CubeIDE_1.19.0/STM32CubeIDE/plugins/com.st.stm32cube.ide.mcu.externaltools.gnu-tools-for-stm32.13.3.rel1.win32_1.0.0.202411081344/tools/bin/../lib/gcc/arm-none-eabi/13.3.1/../../../../arm-none-eabi/lib/thumb/v8-m.main+fp/hard\libc_nano.a(libc_a-exit.o)
                              C:/ST/STM32CubeIDE_1.19.0/STM32CubeIDE/plugins/com.st.stm32cube.ide.mcu.externaltools.gnu-tools-for-stm32.13.3.rel1.win32_1.0.0.202411081344/tools/bin/../lib/gcc/arm-none-eabi/13.3.1/../../../../arm-none-eabi/lib/thumb/v8-m.main+fp/hard/crt0.o (exit)
C:/ST/STM32CubeIDE_1.19.0/STM32CubeIDE/plugins/com.st.stm32cube.ide.mcu.externaltools.gnu-tools-for-stm32.13.3.rel1.win32_1.0.0.202411081344/tools/bin/../lib/gcc/arm-none-eabi/13.3.1/../../../../arm-none-eabi/lib/thumb/v8-m.main+fp/hard\libc_nano.a(libc_a-findfp.o)
                              C:/ST/STM32CubeIDE_1.19.0/STM32CubeIDE/plugins/com.st.stm32cube.ide.mcu.externaltools.gnu-tools-for-stm32.13.3.rel1.win32_1.0.0.202411081344/tools/bin/../lib/gcc/arm-none-eabi/13.3.1/../../../../arm-none-eabi/lib/thumb/v8-m.main+fp/hard\libc_nano.a(libc_a-exit.o) (__stdio_exit_handler)
C:/ST/STM32CubeIDE_1.19.0/STM32CubeIDE/plugins/com.st.stm32cube.ide.mcu.externaltools.gnu-tools-for-stm32.13.3.rel1.win32_1.0.0.202411081344/tools/bin/../lib/gcc/arm-none-eabi/13.3.1/../../../../arm-none-eabi/lib/thumb/v8-m.main+fp/hard\libc_nano.a(libc_a-fwalk.o)
                              C:/ST/STM32CubeIDE_1.19.0/STM32CubeIDE/plugins/com.st.stm32cube.ide.mcu.externaltools.gnu-tools-for-stm32.13.3.rel1.win32_1.0.0.202411081344/tools/bin/../lib/gcc/arm-none-eabi/13.3.1/../../../../arm-none-eabi/lib/thumb/v8-m.main+fp/hard\libc_nano.a(libc_a-findfp.o) (_fwalk_sglue)
C:/ST/STM32CubeIDE_1.19.0/STM32CubeIDE/plugins/com.st.stm32cube.ide.mcu.externaltools.gnu-tools-for-stm32.13.3.rel1.win32_1.0.0.202411081344/tools/bin/../lib/gcc/arm-none-eabi/13.3.1/../../../../arm-none-eabi/lib/thumb/v8-m.main+fp/hard\libc_nano.a(libc_a-stdio.o)
                              C:/ST/STM32CubeIDE_1.19.0/STM32CubeIDE/plugins/com.st.stm32cube.ide.mcu.externaltools.gnu-tools-for-stm32.13.3.rel1.win32_1.0.0.202411081344/tools/bin/../lib/gcc/arm-none-eabi/13.3.1/../../../../arm-none-eabi/lib/thumb/v8-m.main+fp/hard\libc_nano.a(libc_a-findfp.o) (__sread)
C:/ST/STM32CubeIDE_1.19.0/STM32CubeIDE/plugins/com.st.stm32cube.ide.mcu.externaltools.gnu-tools-for-stm32.13.3.rel1.win32_1.0.0.202411081344/tools/bin/../lib/gcc/arm-none-eabi/13.3.1/../../../../arm-none-eabi/lib/thumb/v8-m.main+fp/hard\libc_nano.a(libc_a-memset.o)
                              C:/ST/STM32CubeIDE_1.19.0/STM32CubeIDE/plugins/com.st.stm32cube.ide.mcu.externaltools.gnu-tools-for-stm32.13.3.rel1.win32_1.0.0.202411081344/tools/bin/../lib/gcc/arm-none-eabi/13.3.1/../../../../arm-none-eabi/lib/thumb/v8-m.main+fp/hard/crt0.o (memset)
C:/ST/STM32CubeIDE_1.19.0/STM32CubeIDE/plugins/com.st.stm32cube.ide.mcu.externaltools.gnu-tools-for-stm32.13.3.rel1.win32_1.0.0.202411081344/tools/bin/../lib/gcc/arm-none-eabi/13.3.1/../../../../arm-none-eabi/lib/thumb/v8-m.main+fp/hard\libc_nano.a(libc_a-closer.o)
                              C:/ST/STM32CubeIDE_1.19.0/STM32CubeIDE/plugins/com.st.stm32cube.ide.mcu.externaltools.gnu-tools-for-stm32.13.3.rel1.win32_1.0.0.202411081344/tools/bin/../lib/gcc/arm-none-eabi/13.3.1/../../../../arm-none-eabi/lib/thumb/v8-m.main+fp/hard\libc_nano.a(libc_a-stdio.o) (_close_r)
C:/ST/STM32CubeIDE_1.19.0/STM32CubeIDE/plugins/com.st.stm32cube.ide.mcu.externaltools.gnu-tools-for-stm32.13.3.rel1.win32_1.0.0.202411081344/tools/bin/../lib/gcc/arm-none-eabi/13.3.1/../../../../arm-none-eabi/lib/thumb/v8-m.main+fp/hard\libc_nano.a(libc_a-reent.o)
                              C:/ST/STM32CubeIDE_1.19.0/STM32CubeIDE/plugins/com.st.stm32cube.ide.mcu.externaltools.gnu-tools-for-stm32.13.3.rel1.win32_1.0.0.202411081344/tools/bin/../lib/gcc/arm-none-eabi/13.3.1/../../../../arm-none-eabi/lib/thumb/v8-m.main+fp/hard\libc_nano.a(libc_a-closer.o) (errno)
C:/ST/STM32CubeIDE_1.19.0/STM32CubeIDE/plugins/com.st.stm32cube.ide.mcu.externaltools.gnu-tools-for-stm32.13.3.rel1.win32_1.0.0.202411081344/tools/bin/../lib/gcc/arm-none-eabi/13.3.1/../../../../arm-none-eabi/lib/thumb/v8-m.main+fp/hard\libc_nano.a(libc_a-impure.o)
                              C:/ST/STM32CubeIDE_1.19.0/STM32CubeIDE/plugins/com.st.stm32cube.ide.mcu.externaltools.gnu-tools-for-stm32.13.3.rel1.win32_1.0.0.202411081344/tools/bin/../lib/gcc/arm-none-eabi/13.3.1/../../../../arm-none-eabi/lib/thumb/v8-m.main+fp/hard\libc_nano.a(libc_a-reent.o) (_impure_ptr)
C:/ST/STM32CubeIDE_1.19.0/STM32CubeIDE/plugins/com.st.stm32cube.ide.mcu.externaltools.gnu-tools-for-stm32.13.3.rel1.win32_1.0.0.202411081344/tools/bin/../lib/gcc/arm-none-eabi/13.3.1/../../../../arm-none-eabi/lib/thumb/v8-m.main+fp/hard\libc_nano.a(libc_a-lseekr.o)
[...]
Memory Configuration

Name             Origin             Length             Attributes
RAM              0x20000000         0x000a0000         xrw
FLASH            0x08000000         0x00200000         xr
*default*        0x00000000         0xffffffff

Linker script and memory map

LOAD C:/ST/STM32CubeIDE_1.19.0/STM32CubeIDE/plugins/com.st.stm32cube.ide.mcu.externaltools.gnu-tools-for-stm32.13.3.rel1.win32_1.0.0.202411081344/tools/bin/../lib/gcc/arm-none-eabi/13.3.1/thumb/v8-m.main+fp/hard/crti.o
LOAD C:/ST/STM32CubeIDE_1.19.0/STM32CubeIDE/plugins/com.st.stm32cube.ide.mcu.externaltools.gnu-tools-for-stm32.13.3.rel1.win32_1.0.0.202411081344/tools/bin/../lib/gcc/arm-none-eabi/13.3.1/thumb/v8-m.main+fp/hard/crtbegin.o
LOAD C:/ST/STM32CubeIDE_1.19.0/STM32CubeIDE/plugins/com.st.stm32cube.ide.mcu.externaltools.gnu-tools-for-stm32.13.3.rel1.win32_1.0.0.202411081344/tools/bin/../lib/gcc/arm-none-eabi/13.3.1/../../../../arm-none-eabi/lib/thumb/v8-m.main+fp/hard/crt0.o
LOAD ./Core/Audio/hihat.o
LOAD ./Core/Audio/kick.o
LOAD ./Core/Audio/snare1.o
LOAD ./Core/Audio/snare2.o
LOAD ./Core/Src/SN76489.o
LOAD ./Core/Src/StereoMadness.o
LOAD ./Core/Src/default_data.o
LOAD ./Core/Src/main.o
LOAD ./Core/Src/stm32h5xx_hal_msp.o
LOAD ./Core/Src/stm32h5xx_it.o
LOAD ./Core/Src/syscalls.o
LOAD ./Core/Src/sysmem.o
LOAD ./Core/Src/system_stm32h5xx.o
LOAD ./Core/Startup/startup_stm32h563zitx.o
LOAD ./Drivers/STM32H5xx_HAL_Driver/Src/stm32h5xx_hal.o
LOAD ./Drivers/STM32H5xx_HAL_Driver/Src/stm32h5xx_hal_cortex.o
LOAD ./Drivers/STM32H5xx_HAL_Driver/Src/stm32h5xx_hal_dma.o
LOAD ./Drivers/STM32H5xx_HAL_Driver/Src/stm32h5xx_hal_dma_ex.o
LOAD ./Drivers/STM32H5xx_HAL_Driver/Src/stm32h5xx_hal_exti.o
LOAD ./Drivers/STM32H5xx_HAL_Driver/Src/stm32h5xx_hal_flash.o
LOAD ./Drivers/STM32H5xx_HAL_Driver/Src/stm32h5xx_hal_flash_ex.o
LOAD ./Drivers/STM32H5xx_HAL_Driver/Src/stm32h5xx_hal_gpio.o
LOAD ./Drivers/STM32H5xx_HAL_Driver/Src/stm32h5xx_hal_icache.o
LOAD ./Drivers/STM32H5xx_HAL_Driver/Src/stm32h5xx_hal_pwr.o
LOAD ./Drivers/STM32H5xx_HAL_Driver/Src/stm32h5xx_hal_pwr_ex.o
LOAD ./Drivers/STM32H5xx_HAL_Driver/Src/stm32h5xx_hal_rcc.o
LOAD ./Drivers/STM32H5xx_HAL_Driver/Src/stm32h5xx_hal_rcc_ex.o
LOAD ./Drivers/STM32H5xx_HAL_Driver/Src/stm32h5xx_hal_tim.o
LOAD ./Drivers/STM32H5xx_HAL_Driver/Src/stm32h5xx_hal_tim_ex.o
START GROUP
LOAD C:/ST/STM32CubeIDE_1.19.0/STM32CubeIDE/plugins/com.st.stm32cube.ide.mcu.externaltools.gnu-tools-for-stm32.13.3.rel1.win32_1.0.0.202411081344/tools/bin/../lib/gcc/arm-none-eabi/13.3.1/../../../../arm-none-eabi/lib/thumb/v8-m.main+fp/hard\libc_nano.a
LOAD C:/ST/STM32CubeIDE_1.19.0/STM32CubeIDE/plugins/com.st.stm32cube.ide.mcu.externaltools.gnu-tools-for-stm32.13.3.rel1.win32_1.0.0.202411081344/tools/bin/../lib/gcc/arm-none-eabi/13.3.1/../../../../arm-none-eabi/lib/thumb/v8-m.main+fp/hard\libm.a
END GROUP
START GROUP
LOAD C:/ST/STM32CubeIDE_1.19.0/STM32CubeIDE/plugins/com.st.stm32cube.ide.mcu.externaltools.gnu-tools-for-stm32.13.3.rel1.win32_1.0.0.202411081344/tools/bin/../lib/gcc/arm-none-eabi/13.3.1/thumb/v8-m.main+fp/hard\libgcc.a
LOAD C:/ST/STM32CubeIDE_1.19.0/STM32CubeIDE/plugins/com.st.stm32cube.ide.mcu.externaltools.gnu-tools-for-stm32.13.3.rel1.win32_1.0.0.202411081344/tools/bin/../lib/gcc/arm-none-eabi/13.3.1/../../../../arm-none-eabi/lib/thumb/v8-m.main+fp/hard\libc_nano.a
END GROUP
START GROUP
LOAD C:/ST/STM32CubeIDE_1.19.0/STM32CubeIDE/plugins/com.st.stm32cube.ide.mcu.externaltools.gnu-tools-for-stm32.13.3.rel1.win32_1.0.0.202411081344/tools/bin/../lib/gcc/arm-none-eabi/13.3.1/thumb/v8-m.main+fp/hard\libgcc.a
LOAD C:/ST/STM32CubeIDE_1.19.0/STM32CubeIDE/plugins/com.st.stm32cube.ide.mcu.externaltools.gnu-tools-for-stm32.13.3.rel1.win32_1.0.0.202411081344/tools/bin/../lib/gcc/arm-none-eabi/13.3.1/../../../../arm-none-eabi/lib/thumb/v8-m.main+fp/hard\libc_nano.a
LOAD C:/ST/STM32CubeIDE_1.19.0/STM32CubeIDE/plugins/com.st.stm32cube.ide.mcu.externaltools.gnu-tools-for-stm32.13.3.rel1.win32_1.0.0.202411081344/tools/bin/../lib/gcc/arm-none-eabi/13.3.1/../../../../arm-none-eabi/lib/thumb/v8-m.main+fp/hard\libnosys.a
END GROUP
START GROUP
LOAD C:/ST/STM32CubeIDE_1.19.0/STM32CubeIDE/plugins/com.st.stm32cube.ide.mcu.externaltools.gnu-tools-for-stm32.13.3.rel1.win32_1.0.0.202411081344/tools/bin/../lib/gcc/arm-none-eabi/13.3.1/thumb/v8-m.main+fp/hard\libgcc.a
LOAD C:/ST/STM32CubeIDE_1.19.0/STM32CubeIDE/plugins/com.st.stm32cube.ide.mcu.externaltools.gnu-tools-for-stm32.13.3.rel1.win32_1.0.0.202411081344/tools/bin/../lib/gcc/arm-none-eabi/13.3.1/../../../../arm-none-eabi/lib/thumb/v8-m.main+fp/hard\libc_nano.a
LOAD C:/ST/STM32CubeIDE_1.19.0/STM32CubeIDE/plugins/com.st.stm32cube.ide.mcu.externaltools.gnu-tools-for-stm32.13.3.rel1.win32_1.0.0.202411081344/tools/bin/../lib/gcc/arm-none-eabi/13.3.1/../../../../arm-none-eabi/lib/thumb/v8-m.main+fp/hard\libnosys.a
END GROUP
LOAD C:/ST/STM32CubeIDE_1.19.0/STM32CubeIDE/plugins/com.st.stm32cube.ide.mcu.externaltools.gnu-tools-for-stm32.13.3.rel1.win32_1.0.0.202411081344/tools/bin/../lib/gcc/arm-none-eabi/13.3.1/thumb/v8-m.main+fp/hard/crtend.o
LOAD C:/ST/STM32CubeIDE_1.19.0/STM32CubeIDE/plugins/com.st.stm32cube.ide.mcu.externaltools.gnu-tools-for-stm32.13.3.rel1.win32_1.0.0.202411081344/tools/bin/../lib/gcc/arm-none-eabi/13.3.1/thumb/v8-m.main+fp/hard/crtn.o
                0x200a0000                        _estack = (ORIGIN (RAM) + LENGTH (RAM))
                0x00000200                        _Min_Heap_Size = 0x200
                0x00000400                        _Min_Stack_Size = 0x400

.isr_vector     0x08000000      0x24c
                0x08000000                        . = ALIGN (0x4)
 *(.isr_vector)
 .isr_vector    0x08000000      0x24c ./Core/Startup/startup_stm32h563zitx.o
                0x08000000                g_pfnVectors
                0x0800024c                        . = ALIGN (0x4)

.text           0x08000250     0x3794
                0x08000250                        . = ALIGN (0x4)
 *(.text)
 .text          0x08000250       0x40 C:/ST/STM32CubeIDE_1.19.0/STM32CubeIDE/plugins/com.st.stm32cube.ide.mcu.externaltools.gnu-tools-for-stm32.13.3.rel1.win32_1.0.0.202411081344/tools/bin/../lib/gcc/arm-none-eabi/13.3.1/thumb/v8-m.main+fp/hard/crtbegin.o
 .text          0x08000290      0x254 C:/ST/STM32CubeIDE_1.19.0/STM32CubeIDE/plugins/com.st.stm32cube.ide.mcu.externaltools.gnu-tools-for-stm32.13.3.rel1.win32_1.0.0.202411081344/tools/bin/../lib/gcc/arm-none-eabi/13.3.1/thumb/v8-m.main+fp/hard\libgcc.a(_arm_muldf3.o)
                0x08000290                __muldf3
                0x08000290                __aeabi_dmul
 .text          0x080004e4      0x378 C:/ST/STM32CubeIDE_1.19.0/STM32CubeIDE/plugins/com.st.stm32cube.ide.mcu.externaltools.gnu-tools-for-stm32.13.3.rel1.win32_1.0.0.202411081344/tools/bin/../lib/gcc/arm-none-eabi/13.3.1/thumb/v8-m.main+fp/hard\libgcc.a(_arm_addsubdf3.o)
                0x080004e4                __aeabi_drsub
                0x080004ec                __aeabi_dsub
                0x080004ec                __subdf3
                0x080004f0                __aeabi_dadd
                0x080004f0                __adddf3
                0x08000768                __floatunsidf
                0x08000768                __aeabi_ui2d
                0x08000788                __floatsidf
                0x08000788                __aeabi_i2d
                0x080007ac                __aeabi_f2d
                0x080007ac                __extendsfdf2
                0x080007f0                __floatundidf
                0x080007f0                __aeabi_ul2d
                0x08000800                __floatdidf
                0x08000800                __aeabi_l2d
 .text          0x0800085c       0xa0 C:/ST/STM32CubeIDE_1.19.0/STM32CubeIDE/plugins/com.st.stm32cube.ide.mcu.externaltools.gnu-tools-for-stm32.13.3.rel1.win32_1.0.0.202411081344/tools/bin/../lib/gcc/arm-none-eabi/13.3.1/thumb/v8-m.main+fp/hard\libgcc.a(_arm_truncdfsf2.o)
                0x0800085c                __truncdfsf2
                0x0800085c                __aeabi_d2f
 *(.text*)
 .text.sendByte
                0x080008fc       0xfc ./Core/Src/SN76489.o
                0x080008fc                sendByte
 .text.setNote  0x080009f8       0xa8 ./Core/Src/SN76489.o
                0x080009f8                setNote
 .text.round_to
                0x08000aa0       0x60 ./Core/Src/main.o
                0x08000aa0                round_to
 .text.main     0x08000b00       0xb8 ./Core/Src/main.o
                0x08000b00                main
 .text.SystemClock_Config
                0x08000bb8       0xc4 ./Core/Src/main.o
                0x08000bb8                SystemClock_Config
 .text.MX_ICACHE_Init
                0x08000c7c       0x26 ./Core/Src/main.o
 *fill*         0x08000ca2        0x2 
 .text.MX_TIM2_Init
                0x08000ca4       0x98 ./Core/Src/main.o
 .text.MX_TIM3_Init
                0x08000d3c       0x9c ./Core/Src/main.o
 .text.MX_GPIO_Init
                0x08000dd8      0x13c ./Core/Src/main.o
 .text.Error_Handler
                0x08000f14        0xc ./Core/Src/main.o
                0x08000f14                Error_Handler
 .text.HAL_MspInit
                0x08000f20        0xe ./Core/Src/stm32h5xx_hal_msp.o
                0x08000f20                HAL_MspInit
 *fill*         0x08000f2e        0x2 
 .text.HAL_TIM_Base_MspInit
                0x08000f30       0x8c ./Core/Src/stm32h5xx_hal_msp.o
                0x08000f30                HAL_TIM_Base_MspInit
 .text.ToneMelody
                0x08000fbc       0x1c ./Core/Src/stm32h5xx_it.o
 .text.ToneMelody2
                0x08000fd8       0x1c ./Core/Src/stm32h5xx_it.o
 .text.ToneBass
                0x08000ff4       0x1c ./Core/Src/stm32h5xx_it.o
 .text.NMI_Handler
                0x08001010        0x8 ./Core/Src/stm32h5xx_it.o
                0x08001010                NMI_Handler
 .text.HardFault_Handler
                0x08001018        0x8 ./Core/Src/stm32h5xx_it.o
                0x08001018                HardFault_Handler
 .text.MemManage_Handler
                0x08001020        0x8 ./Core/Src/stm32h5xx_it.o
                0x08001020                MemManage_Handler
 .text.BusFault_Handler
                0x08001028        0x8 ./Core/Src/stm32h5xx_it.o
                0x08001028                BusFault_Handler
 .text.UsageFault_Handler
                0x08001030        0x8 ./Core/Src/stm32h5xx_it.o
                0x08001030                UsageFault_Handler
 .text.SVC_Handler
                0x08001038        0xe ./Core/Src/stm32h5xx_it.o
                0x08001038                SVC_Handler
 .text.DebugMon_Handler
                0x08001046        0xe ./Core/Src/stm32h5xx_it.o
                0x08001046                DebugMon_Handler
 .text.PendSV_Handler
                0x08001054        0xe ./Core/Src/stm32h5xx_it.o
                0x08001054                PendSV_Handler
 .text.SysTick_Handler
                0x08001062        0xc ./Core/Src/stm32h5xx_it.o
                0x08001062                SysTick_Handler
 *fill*         0x0800106e        0x2 
 .text.TIM2_IRQHandler
                0x08001070      0x370 ./Core/Src/stm32h5xx_it.o
                0x08001070                TIM2_IRQHandler
 .text.TIM3_IRQHandler
                0x080013e0       0x14 ./Core/Src/stm32h5xx_it.o
                0x080013e0                TIM3_IRQHandler
 .text.SystemInit
                0x080013f4       0xf8 ./Core/Src/system_stm32h5xx.o
                0x080013f4                SystemInit
 .text.Reset_Handler
                0x080014ec       0x50 ./Core/Startup/startup_stm32h563zitx.o
                0x080014ec                Reset_Handler
 .text.Default_Handler
                0x0800153c        0x2 ./Core/Startup/startup_stm32h563zitx.o
                0x0800153c                EXTI2_IRQHandler
                0x0800153c                TIM8_TRG_COM_IRQHandler
                0x0800153c                TIM8_CC_IRQHandler
                0x0800153c                EXTI5_IRQHandler
                0x0800153c                I3C1_ER_IRQHandler
                0x0800153c                UART8_IRQHandler
                0x0800153c                SPI4_IRQHandler
                0x0800153c                GPDMA2_Channel1_IRQHandler
                0x0800153c                FLASH_S_IRQHandler
                0x0800153c                EXTI13_IRQHandler
                0x0800153c                TIM1_CC_IRQHandler
                0x0800153c                GPDMA2_Channel3_IRQHandler
                0x0800153c                TAMP_IRQHandler
                0x0800153c                TIM6_IRQHandler
                0x0800153c                EXTI12_IRQHandler
                0x0800153c                CORDIC_IRQHandler
                0x0800153c                USB_DRD_FS_IRQHandler
                0x0800153c                EXTI3_IRQHandler
                0x0800153c                LPTIM4_IRQHandler
                0x0800153c                GPDMA1_Channel5_IRQHandler
                0x0800153c                EXTI8_IRQHandler
                0x0800153c                GPDMA2_Channel5_IRQHandler
                0x0800153c                LPTIM2_IRQHandler
                0x0800153c                I2C3_ER_IRQHandler
                0x0800153c                GPDMA2_Channel2_IRQHandler
                0x0800153c                USART10_IRQHandler
                0x0800153c                LPTIM3_IRQHandler
                0x0800153c                EXTI0_IRQHandler
                0x0800153c                I2C2_EV_IRQHandler
                0x0800153c                FPU_IRQHandler
                0x0800153c                GPDMA1_Channel3_IRQHandler
                0x0800153c                GPDMA1_Channel7_IRQHandler
                0x0800153c                FDCAN1_IT1_IRQHandler
                0x0800153c                RAMCFG_IRQHandler
                0x0800153c                DCACHE1_IRQHandler
                0x0800153c                SPI1_IRQHandler
                0x0800153c                OCTOSPI1_IRQHandler
                0x0800153c                GPDMA1_Channel2_IRQHandler
                0x0800153c                TIM8_UP_IRQHandler
                0x0800153c                RCC_S_IRQHandler
                0x0800153c                SAI2_IRQHandler
                0x0800153c                ADC1_IRQHandler
                0x0800153c                USART6_IRQHandler
                0x0800153c                EXTI15_IRQHandler
                0x0800153c                TIM17_IRQHandler
                0x0800153c                USART3_IRQHandler
                0x0800153c                RTC_IRQHandler
                0x0800153c                EXTI9_IRQHandler
                0x0800153c                LPTIM5_IRQHandler
                0x0800153c                UART5_IRQHandler
                0x0800153c                TIM4_IRQHandler
                0x0800153c                I2C1_EV_IRQHandler
                0x0800153c                GPDMA1_Channel1_IRQHandler
                0x0800153c                TIM16_IRQHandler
                0x0800153c                UART4_IRQHandler
                0x0800153c                SecureFault_Handler
                0x0800153c                RCC_IRQHandler
                0x0800153c                UART9_IRQHandler
                0x0800153c                TIM1_TRG_COM_IRQHandler
                0x0800153c                Default_Handler
                0x0800153c                FMAC_IRQHandler
                0x0800153c                CEC_IRQHandler
                0x0800153c                USART11_IRQHandler
                0x0800153c                TIM14_IRQHandler
                0x0800153c                TIM13_IRQHandler
                0x0800153c                GPDMA2_Channel4_IRQHandler
                0x0800153c                SPI5_IRQHandler
                0x0800153c                TIM12_IRQHandler
                0x0800153c                TIM7_IRQHandler
                0x0800153c                SDMMC1_IRQHandler
                0x0800153c                TIM5_IRQHandler
                0x0800153c                UCPD1_IRQHandler
                0x0800153c                GPDMA1_Channel0_IRQHandler
                0x0800153c                I3C1_EV_IRQHandler
                0x0800153c                TIM15_IRQHandler
                0x0800153c                PVD_AVD_IRQHandler
                0x0800153c                I2C3_EV_IRQHandler
                0x0800153c                ETH_WKUP_IRQHandler
                0x0800153c                ADC2_IRQHandler
                0x0800153c                SPI2_IRQHandler
                0x0800153c                EXTI14_IRQHandler
                0x0800153c                EXTI11_IRQHandler
                0x0800153c                CRS_IRQHandler
                0x0800153c                EXTI4_IRQHandler
                0x0800153c                GPDMA2_Channel0_IRQHandler
                0x0800153c                RTC_S_IRQHandler
                0x0800153c                RNG_IRQHandler
                0x0800153c                FDCAN2_IT1_IRQHandler
                0x0800153c                ETH_IRQHandler
                0x0800153c                GPDMA2_Channel6_IRQHandler
                0x0800153c                TIM1_UP_IRQHandler
                0x0800153c                UART12_IRQHandler
                0x0800153c                WWDG_IRQHandler
                0x0800153c                SPI6_IRQHandler
                0x0800153c                I2C4_EV_IRQHandler
                0x0800153c                FDCAN2_IT0_IRQHandler
                0x0800153c                IWDG_IRQHandler
                0x0800153c                LPUART1_IRQHandler
                0x0800153c                FDCAN1_IT0_IRQHandler
                0x0800153c                GPDMA1_Channel4_IRQHandler
                0x0800153c                EXTI7_IRQHandler
                0x0800153c                TIM1_BRK_IRQHandler
                0x0800153c                EXTI1_IRQHandler
                0x0800153c                SDMMC2_IRQHandler
                0x0800153c                LPTIM6_IRQHandler
                0x0800153c                DAC1_IRQHandler
                0x0800153c                DTS_IRQHandler
                0x0800153c                UART7_IRQHandler
                0x0800153c                GTZC_IRQHandler
                0x0800153c                USART2_IRQHandler
                0x0800153c                GPDMA1_Channel6_IRQHandler
                0x0800153c                GPDMA2_Channel7_IRQHandler
                0x0800153c                I2C2_ER_IRQHandler
                0x0800153c                TIM8_BRK_IRQHandler
                0x0800153c                FLASH_IRQHandler
                0x0800153c                USART1_IRQHandler
                0x0800153c                EXTI10_IRQHandler
                0x0800153c                SPI3_IRQHandler
                0x0800153c                I2C1_ER_IRQHandler
                0x0800153c                FMC_IRQHandler
                0x0800153c                EXTI6_IRQHandler
                0x0800153c                LPTIM1_IRQHandler
                0x0800153c                DCMI_PSSI_IRQHandler
                0x0800153c                I2C4_ER_IRQHandler
                0x0800153c                ICACHE_IRQHandler
                0x0800153c                SAI1_IRQHandler
                0x0800153c                HASH_IRQHandler
 *fill*         0x0800153e        0x2 
 .text.HAL_Init
                0x08001540       0x50 ./Drivers/STM32H5xx_HAL_Driver/Src/stm32h5xx_hal.o
                0x08001540                HAL_Init
 .text.HAL_InitTick
                0x08001590       0xec ./Drivers/STM32H5xx_HAL_Driver/Src/stm32h5xx_hal.o
                0x08001590                HAL_InitTick
 .text.HAL_IncTick
                0x0800167c       0x28 ./Drivers/STM32H5xx_HAL_Driver/Src/stm32h5xx_hal.o
                0x0800167c                HAL_IncTick
 .text.HAL_GetTick
                0x080016a4       0x18 ./Drivers/STM32H5xx_HAL_Driver/Src/stm32h5xx_hal.o
                0x080016a4                HAL_GetTick
 .text.__NVIC_SetPriorityGrouping
                0x080016bc       0x48 ./Drivers/STM32H5xx_HAL_Driver/Src/stm32h5xx_hal_cortex.o
 .text.__NVIC_GetPriorityGrouping
                0x08001704       0x1c ./Drivers/STM32H5xx_HAL_Driver/Src/stm32h5xx_hal_cortex.o
 .text.__NVIC_EnableIRQ
                0x08001720       0x3c ./Drivers/STM32H5xx_HAL_Driver/Src/stm32h5xx_hal_cortex.o
 .text.__NVIC_SetPriority
                0x0800175c       0x54 ./Drivers/STM32H5xx_HAL_Driver/Src/stm32h5xx_hal_cortex.o
 .text.NVIC_EncodePriority
                0x080017b0       0x66 ./Drivers/STM32H5xx_HAL_Driver/Src/stm32h5xx_hal_cortex.o
 .text.HAL_NVIC_SetPriorityGrouping
                0x08001816       0x16 ./Drivers/STM32H5xx_HAL_Driver/Src/stm32h5xx_hal_cortex.o
                0x08001816                HAL_NVIC_SetPriorityGrouping
 .text.HAL_NVIC_SetPriority
                0x0800182c       0x34 ./Drivers/STM32H5xx_HAL_Driver/Src/stm32h5xx_hal_cortex.o
                0x0800182c                HAL_NVIC_SetPriority
 .text.HAL_NVIC_EnableIRQ
                0x08001860       0x1c ./Drivers/STM32H5xx_HAL_Driver/Src/stm32h5xx_hal_cortex.o
                0x08001860                HAL_NVIC_EnableIRQ
 .text.HAL_SYSTICK_Config
                0x0800187c       0x44 ./Drivers/STM32H5xx_HAL_Driver/Src/stm32h5xx_hal_cortex.o
                0x0800187c                HAL_SYSTICK_Config
 .text.HAL_SYSTICK_CLKSourceConfig
                0x080018c0       0xb0 ./Drivers/STM32H5xx_HAL_Driver/Src/stm32h5xx_hal_cortex.o
                0x080018c0                HAL_SYSTICK_CLKSourceConfig
 .text.HAL_SYSTICK_GetCLKSourceConfig
                0x08001970       0x6c ./Drivers/STM32H5xx_HAL_Driver/Src/stm32h5xx_hal_cortex.o
                0x08001970                HAL_SYSTICK_GetCLKSourceConfig
 .text.HAL_GPIO_Init
                0x080019dc      0x2bc ./Drivers/STM32H5xx_HAL_Driver/Src/stm32h5xx_hal_gpio.o
                0x080019dc                HAL_GPIO_Init
 .text.HAL_GPIO_ReadPin
                0x08001c98       0x30 ./Drivers/STM32H5xx_HAL_Driver/Src/stm32h5xx_hal_gpio.o
                0x08001c98                HAL_GPIO_ReadPin
 .text.HAL_GPIO_WritePin
                0x08001cc8       0x30 ./Drivers/STM32H5xx_HAL_Driver/Src/stm32h5xx_hal_gpio.o
                0x08001cc8                HAL_GPIO_WritePin
 .text.HAL_ICACHE_ConfigAssociativityMode
                0x08001cf8       0x40 ./Drivers/STM32H5xx_HAL_Driver/Src/stm32h5xx_hal_icache.o
                0x08001cf8                HAL_ICACHE_ConfigAssociativityMode
 .text.HAL_ICACHE_Enable
                0x08001d38       0x20 ./Drivers/STM32H5xx_HAL_Driver/Src/stm32h5xx_hal_icache.o
                0x08001d38                HAL_ICACHE_Enable
 .text.HAL_RCC_OscConfig
                0x08001d58      0x870 ./Drivers/STM32H5xx_HAL_Driver/Src/stm32h5xx_hal_rcc.o
                0x08001d58                HAL_RCC_OscConfig
 .text.HAL_RCC_ClockConfig
                0x080025c8      0x370 ./Drivers/STM32H5xx_HAL_Driver/Src/stm32h5xx_hal_rcc.o
                0x080025c8                HAL_RCC_ClockConfig
 .text.HAL_RCC_GetSysClockFreq
                0x08002938      0x258 ./Drivers/STM32H5xx_HAL_Driver/Src/stm32h5xx_hal_rcc.o
                0x08002938                HAL_RCC_GetSysClockFreq
 .text.HAL_RCC_GetHCLKFreq
                0x08002b90       0x38 ./Drivers/STM32H5xx_HAL_Driver/Src/stm32h5xx_hal_rcc.o
                0x08002b90                HAL_RCC_GetHCLKFreq
 .text.HAL_TIM_Base_Init
                0x08002bc8       0xae ./Drivers/STM32H5xx_HAL_Driver/Src/stm32h5xx_hal_tim.o
                0x08002bc8                HAL_TIM_Base_Init
 *fill*         0x08002c76        0x2 
 .text.HAL_TIM_Base_Start_IT
                0x08002c78      0x15c ./Drivers/STM32H5xx_HAL_Driver/Src/stm32h5xx_hal_tim.o
                0x08002c78                HAL_TIM_Base_Start_IT
 .text.HAL_TIM_IRQHandler
                0x08002dd4      0x29e ./Drivers/STM32H5xx_HAL_Driver/Src/stm32h5xx_hal_tim.o
                0x08002dd4                HAL_TIM_IRQHandler
 *fill*         0x08003072        0x2 
 .text.HAL_TIM_ConfigClockSource
                0x08003074      0x23c ./Drivers/STM32H5xx_HAL_Driver/Src/stm32h5xx_hal_tim.o
                0x08003074                HAL_TIM_ConfigClockSource
 .text.HAL_TIM_PeriodElapsedCallback
                0x080032b0       0x14 ./Drivers/STM32H5xx_HAL_Driver/Src/stm32h5xx_hal_tim.o
                0x080032b0                HAL_TIM_PeriodElapsedCallback
 .text.HAL_TIM_OC_DelayElapsedCallback
                0x080032c4       0x14 ./Drivers/STM32H5xx_HAL_Driver/Src/stm32h5xx_hal_tim.o
                0x080032c4                HAL_TIM_OC_DelayElapsedCallback
 .text.HAL_TIM_IC_CaptureCallback
                0x080032d8       0x14 ./Drivers/STM32H5xx_HAL_Driver/Src/stm32h5xx_hal_tim.o
                0x080032d8                HAL_TIM_IC_CaptureCallback
 .text.HAL_TIM_PWM_PulseFinishedCallback
                0x080032ec       0x14 ./Drivers/STM32H5xx_HAL_Driver/Src/stm32h5xx_hal_tim.o
                0x080032ec                HAL_TIM_PWM_PulseFinishedCallback
 .text.HAL_TIM_TriggerCallback
                0x08003300       0x14 ./Drivers/STM32H5xx_HAL_Driver/Src/stm32h5xx_hal_tim.o
                0x08003300                HAL_TIM_TriggerCallback
 .text.TIM_Base_SetConfig
                0x08003314      0x254 ./Drivers/STM32H5xx_HAL_Driver/Src/stm32h5xx_hal_tim.o
                0x08003314                TIM_Base_SetConfig
 .text.TIM_TI1_ConfigInputStage
                0x08003568       0x5e ./Drivers/STM32H5xx_HAL_Driver/Src/stm32h5xx_hal_tim.o
 .text.TIM_TI2_ConfigInputStage
                0x080035c6       0x60 ./Drivers/STM32H5xx_HAL_Driver/Src/stm32h5xx_hal_tim.o
 .text.TIM_ITRx_SetConfig
                0x08003626       0x3a ./Drivers/STM32H5xx_HAL_Driver/Src/stm32h5xx_hal_tim.o
 .text.TIM_ETR_SetConfig
                0x08003660       0x40 ./Drivers/STM32H5xx_HAL_Driver/Src/stm32h5xx_hal_tim.o
                0x08003660                TIM_ETR_SetConfig
 .text.HAL_TIMEx_MasterConfigSynchronization
                0x080036a0      0x1a0 ./Drivers/STM32H5xx_HAL_Driver/Src/stm32h5xx_hal_tim_ex.o
                0x080036a0                HAL_TIMEx_MasterConfigSynchronization
 .text.HAL_TIMEx_CommutCallback
                0x08003840       0x14 ./Drivers/STM32H5xx_HAL_Driver/Src/stm32h5xx_hal_tim_ex.o
                0x08003840                HAL_TIMEx_CommutCallback
 .text.HAL_TIMEx_BreakCallback
                0x08003854       0x14 ./Drivers/STM32H5xx_HAL_Driver/Src/stm32h5xx_hal_tim_ex.o
                0x08003854                HAL_TIMEx_BreakCallback
 .text.HAL_TIMEx_Break2Callback
                0x08003868       0x14 ./Drivers/STM32H5xx_HAL_Driver/Src/stm32h5xx_hal_tim_ex.o
                0x08003868                HAL_TIMEx_Break2Callback
 .text.HAL_TIMEx_EncoderIndexCallback
                0x0800387c       0x14 ./Drivers/STM32H5xx_HAL_Driver/Src/stm32h5xx_hal_tim_ex.o
                0x0800387c                HAL_TIMEx_EncoderIndexCallback
 .text.HAL_TIMEx_DirectionChangeCallback
                0x08003890       0x14 ./Drivers/STM32H5xx_HAL_Driver/Src/stm32h5xx_hal_tim_ex.o
                0x08003890                HAL_TIMEx_DirectionChangeCallback
 .text.HAL_TIMEx_IndexErrorCallback
                0x080038a4       0x14 ./Drivers/STM32H5xx_HAL_Driver/Src/stm32h5xx_hal_tim_ex.o
                0x080038a4                HAL_TIMEx_IndexErrorCallback
 .text.HAL_TIMEx_TransitionErrorCallback
                0x080038b8       0x14 ./Drivers/STM32H5xx_HAL_Driver/Src/stm32h5xx_hal_tim_ex.o
                0x080038b8                HAL_TIMEx_TransitionErrorCallback
 .text.memset   0x080038cc       0x10 C:/ST/STM32CubeIDE_1.19.0/STM32CubeIDE/plugins/com.st.stm32cube.ide.mcu.externaltools.gnu-tools-for-stm32.13.3.rel1.win32_1.0.0.202411081344/tools/bin/../lib/gcc/arm-none-eabi/13.3.1/../../../../arm-none-eabi/lib/thumb/v8-m.main+fp/hard\libc_nano.a(libc_a-memset.o)
                0x080038cc                memset
 .text.__libc_init_array
                0x080038dc       0x48 C:/ST/STM32CubeIDE_1.19.0/STM32CubeIDE/plugins/com.st.stm32cube.ide.mcu.externaltools.gnu-tools-for-stm32.13.3.rel1.win32_1.0.0.202411081344/tools/bin/../lib/gcc/arm-none-eabi/13.3.1/../../../../arm-none-eabi/lib/thumb/v8-m.main+fp/hard\libc_nano.a(libc_a-init.o)
                0x080038dc                __libc_init_array
 .text.memcpy   0x08003924       0x1a C:/ST/STM32CubeIDE_1.19.0/STM32CubeIDE/plugins/com.st.stm32cube.ide.mcu.externaltools.gnu-tools-for-stm32.13.3.rel1.win32_1.0.0.202411081344/tools/bin/../lib/gcc/arm-none-eabi/13.3.1/../../../../arm-none-eabi/lib/thumb/v8-m.main+fp/hard\libc_nano.a(libc_a-memcpy-stub.o)
                0x08003924                memcpy
 *fill*         0x0800393e        0x2 
 .text.round    0x08003940       0x8c C:/ST/STM32CubeIDE_1.19.0/STM32CubeIDE/plugins/com.st.stm32cube.ide.mcu.externaltools.gnu-tools-for-stm32.13.3.rel1.win32_1.0.0.202411081344/tools/bin/../lib/gcc/arm-none-eabi/13.3.1/../../../../arm-none-eabi/lib/thumb/v8-m.main+fp/hard\libm.a(libm_a-s_round.o)
                0x08003940                round
 *(.glue_7)
 .glue_7        0x080039cc        0x0 linker stubs
 *(.glue_7t)
 .glue_7t       0x080039cc        0x0 linker stubs
 *(.eh_frame)
 .eh_frame      0x080039cc        0x0 C:/ST/STM32CubeIDE_1.19.0/STM32CubeIDE/plugins/com.st.stm32cube.ide.mcu.externaltools.gnu-tools-for-stm32.13.3.rel1.win32_1.0.0.202411081344/tools/bin/../lib/gcc/arm-none-eabi/13.3.1/thumb/v8-m.main+fp/hard/crtbegin.o
 *(.init)
 .init          0x080039cc        0x4 C:/ST/STM32CubeIDE_1.19.0/STM32CubeIDE/plugins/com.st.stm32cube.ide.mcu.externaltools.gnu-tools-for-stm32.13.3.rel1.win32_1.0.0.202411081344/tools/bin/../lib/gcc/arm-none-eabi/13.3.1/thumb/v8-m.main+fp/hard/crti.o
                0x080039cc                _init
 .init          0x080039d0        0x8 C:/ST/STM32CubeIDE_1.19.0/STM32CubeIDE/plugins/com.st.stm32cube.ide.mcu.externaltools.gnu-tools-for-stm32.13.3.rel1.win32_1.0.0.202411081344/tools/bin/../lib/gcc/arm-none-eabi/13.3.1/thumb/v8-m.main+fp/hard/crtn.o
 *(.fini)
 .fini          0x080039d8        0x4 C:/ST/STM32CubeIDE_1.19.0/STM32CubeIDE/plugins/com.st.stm32cube.ide.mcu.externaltools.gnu-tools-for-stm32.13.3.rel1.win32_1.0.0.202411081344/tools/bin/../lib/gcc/arm-none-eabi/13.3.1/thumb/v8-m.main+fp/hard/crti.o
                0x080039d8                _fini
 .fini          0x080039dc        0x8 C:/ST/STM32CubeIDE_1.19.0/STM32CubeIDE/plugins/com.st.stm32cube.ide.mcu.externaltools.gnu-tools-for-stm32.13.3.rel1.win32_1.0.0.202411081344/tools/bin/../lib/gcc/arm-none-eabi/13.3.1/thumb/v8-m.main+fp/hard/crtn.o
                0x080039e4                        . = ALIGN (0x4)
                0x080039e4                        _etext = .

.vfp11_veneer   0x080039e4        0x0
 .vfp11_veneer  0x080039e4        0x0 linker stubs

.v4_bx          0x080039e4        0x0
 .v4_bx         0x080039e4        0x0 linker stubs

.iplt           0x080039e4        0x0
 .iplt          0x080039e4        0x0 C:/ST/STM32CubeIDE_1.19.0/STM32CubeIDE/plugins/com.st.stm32cube.ide.mcu.externaltools.gnu-tools-for-stm32.13.3.rel1.win32_1.0.0.202411081344/tools/bin/../lib/gcc/arm-none-eabi/13.3.1/thumb/v8-m.main+fp/hard/crtbegin.o

.rodata         0x080039e4       0x10
                0x080039e4                        . = ALIGN (0x4)
 *(.rodata)
 *(.rodata*)
 .rodata.AHBPrescTable
                0x080039e4       0x10 ./Core/Src/system_stm32h5xx.o
                0x080039e4                AHBPrescTable
                0x080039f4                        . = ALIGN (0x4)

.ARM.extab      0x080039f4        0x0
                0x080039f4                        . = ALIGN (0x4)
 *(.ARM.extab* .gnu.linkonce.armextab.*)
                0x080039f4                        . = ALIGN (0x4)

.ARM            0x080039f4        0x0
                0x080039f4                        . = ALIGN (0x4)
                0x080039f4                        __exidx_start = .
 *(.ARM.exidx*)
                0x080039f4                        __exidx_end = .
                0x080039f4                        . = ALIGN (0x4)

.preinit_array  0x080039f4        0x0
                0x080039f4                        . = ALIGN (0x4)
                0x080039f4                        PROVIDE (__preinit_array_start = .)
 *(.preinit_array*)
                0x080039f4                        PROVIDE (__preinit_array_end = .)
                0x080039f4                        . = ALIGN (0x4)

.init_array     0x080039f4        0x4
                0x080039f4                        . = ALIGN (0x4)
                0x080039f4                        PROVIDE (__init_array_start = .)
 *(SORT_BY_NAME(.init_array.*))
 *(.init_array*)
 .init_array    0x080039f4        0x4 C:/ST/STM32CubeIDE_1.19.0/STM32CubeIDE/plugins/com.st.stm32cube.ide.mcu.externaltools.gnu-tools-for-stm32.13.3.rel1.win32_1.0.0.202411081344/tools/bin/../lib/gcc/arm-none-eabi/13.3.1/thumb/v8-m.main+fp/hard/crtbegin.o
                0x080039f8                        PROVIDE (__init_array_end = .)
                0x080039f8                        . = ALIGN (0x4)

.fini_array     0x080039f8        0x4
                0x080039f8                        . = ALIGN (0x4)
                [!provide]                        PROVIDE (__fini_array_start = .)
 *(SORT_BY_NAME(.fini_array.*))
 *(.fini_array*)
 .fini_array    0x080039f8        0x4 C:/ST/STM32CubeIDE_1.19.0/STM32CubeIDE/plugins/com.st.stm32cube.ide.mcu.externaltools.gnu-tools-for-stm32.13.3.rel1.win32_1.0.0.202411081344/tools/bin/../lib/gcc/arm-none-eabi/13.3.1/thumb/v8-m.main+fp/hard/crtbegin.o
                [!provide]                        PROVIDE (__fini_array_end = .)
                0x080039fc                        . = ALIGN (0x4)
                0x080039fc                        _sidata = LOADADDR (.data)

.rel.dyn        0x080039fc        0x0
 .rel.iplt      0x080039fc        0x0 C:/ST/STM32CubeIDE_1.19.0/STM32CubeIDE/plugins/com.st.stm32cube.ide.mcu.externaltools.gnu-tools-for-stm32.13.3.rel1.win32_1.0.0.202411081344/tools/bin/../lib/gcc/arm-none-eabi/13.3.1/thumb/v8-m.main+fp/hard/crtbegin.o

.data           0x20000000     0x143c load address 0x080039fc
                0x20000000                        . = ALIGN (0x4)
                0x20000000                        _sdata = .
 *(.data)
 *(.data*)
 .data.melodyNotes
                0x20000000      0x698 ./Core/Src/stm32h5xx_it.o
                0x20000000                melodyNotes
 .data.melodyNotes2
                0x20000698      0x6a8 ./Core/Src/stm32h5xx_it.o
                0x20000698                melodyNotes2
 .data.bassNotes
                0x20000d40      0x6e0 ./Core/Src/stm32h5xx_it.o
                0x20000d40                bassNotes
 .data.bpm      0x20001420        0x4 ./Core/Src/stm32h5xx_it.o
                0x20001420                bpm
 .data.noteSize
                0x20001424        0x4 ./Core/Src/stm32h5xx_it.o
                0x20001424                noteSize
 .data.noteSize2
                0x20001428        0x4 ./Core/Src/stm32h5xx_it.o
                0x20001428                noteSize2
 .data.noteSize3
                0x2000142c        0x4 ./Core/Src/stm32h5xx_it.o
                0x2000142c                noteSize3
 .data.SystemCoreClock
                0x20001430        0x4 ./Core/Src/system_stm32h5xx.o
                0x20001430                SystemCoreClock
 .data.uwTickPrio
                0x20001434        0x4 ./Drivers/STM32H5xx_HAL_Driver/Src/stm32h5xx_hal.o
                0x20001434                uwTickPrio
 .data.uwTickFreq
                0x20001438        0x1 ./Drivers/STM32H5xx_HAL_Driver/Src/stm32h5xx_hal.o
                0x20001438                uwTickFreq
 *(.RamFunc)
 *(.RamFunc*)
                0x2000143c                        . = ALIGN (0x4)
 *fill*         0x20001439        0x3 
                0x2000143c                        _edata = .

.igot.plt       0x2000143c        0x0 load address 0x08004e38
 .igot.plt      0x2000143c        0x0 C:/ST/STM32CubeIDE_1.19.0/STM32CubeIDE/plugins/com.st.stm32cube.ide.mcu.externaltools.gnu-tools-for-stm32.13.3.rel1.win32_1.0.0.202411081344/tools/bin/../lib/gcc/arm-none-eabi/13.3.1/thumb/v8-m.main+fp/hard/crtbegin.o
                0x2000143c                        . = ALIGN (0x4)

.bss            0x2000143c       0xf8 load address 0x08004e38
                0x2000143c                        _sbss = .
                0x2000143c                        __bss_start__ = _sbss
 *(.bss)
 .bss           0x2000143c       0x1c C:/ST/STM32CubeIDE_1.19.0/STM32CubeIDE/plugins/com.st.stm32cube.ide.mcu.externaltools.gnu-tools-for-stm32.13.3.rel1.win32_1.0.0.202411081344/tools/bin/../lib/gcc/arm-none-eabi/13.3.1/thumb/v8-m.main+fp/hard/crtbegin.o
 *(.bss*)
 .bss.tenBitData
                0x20001458        0x2 ./Core/Src/SN76489.o
                0x20001458                tenBitData
 .bss.firstByte
                0x2000145a        0x1 ./Core/Src/SN76489.o
                0x2000145a                firstByte
 .bss.secondByte
                0x2000145b        0x1 ./Core/Src/SN76489.o
                0x2000145b                secondByte
 .bss.htim2     0x2000145c       0x4c ./Core/Src/main.o
                0x2000145c                htim2
 .bss.htim3     0x200014a8       0x4c ./Core/Src/main.o
                0x200014a8                htim3
 .bss.ready     0x200014f4        0x1 ./Core/Src/main.o
                0x200014f4                ready
 *fill*         0x200014f5        0x3 
 .bss.noteDurationMelody
                0x200014f8        0x4 ./Core/Src/main.o
                0x200014f8                noteDurationMelody
 .bss.noteDurationMelody2
                0x200014fc        0x4 ./Core/Src/main.o
                0x200014fc                noteDurationMelody2
 .bss.noteDurationBass
                0x20001500        0x4 ./Core/Src/main.o
                0x20001500                noteDurationBass
 .bss.triangleOffset
                0x20001504        0x1 ./Core/Src/stm32h5xx_it.o
                0x20001504                triangleOffset
 *fill*         0x20001505        0x3 
 .bss.currentNoteMelody
                0x20001508        0x8 ./Core/Src/stm32h5xx_it.o
                0x20001508                currentNoteMelody
 .bss.currentNoteMelody2
                0x20001510        0x8 ./Core/Src/stm32h5xx_it.o
                0x20001510                currentNoteMelody2
 .bss.currentNoteBass
                0x20001518        0x8 ./Core/Src/stm32h5xx_it.o
                0x20001518                currentNoteBass
 .bss.beatDuration
                0x20001520        0x4 ./Core/Src/stm32h5xx_it.o
                0x20001520                beatDuration
 .bss.noteIndexMelody
                0x20001524        0x2 ./Core/Src/stm32h5xx_it.o
                0x20001524                noteIndexMelody
 .bss.noteIndexMelody2
                0x20001526        0x2 ./Core/Src/stm32h5xx_it.o
                0x20001526                noteIndexMelody2
 .bss.noteIndexBass
                0x20001528        0x2 ./Core/Src/stm32h5xx_it.o
                0x20001528                noteIndexBass
 .bss.tone1Sent
                0x2000152a        0x1 ./Core/Src/stm32h5xx_it.o
                0x2000152a                tone1Sent
 .bss.tone2Sent
                0x2000152b        0x1 ./Core/Src/stm32h5xx_it.o
                0x2000152b                tone2Sent
 .bss.tone3Sent
                0x2000152c        0x1 ./Core/Src/stm32h5xx_it.o
                0x2000152c                tone3Sent
 .bss.tone1Muted
                0x2000152d        0x1 ./Core/Src/stm32h5xx_it.o
                0x2000152d                tone1Muted
 .bss.tone2Muted
                0x2000152e        0x1 ./Core/Src/stm32h5xx_it.o
                0x2000152e                tone2Muted
 .bss.tone3Muted
                0x2000152f        0x1 ./Core/Src/stm32h5xx_it.o
                0x2000152f                tone3Muted
 .bss.uwTick    0x20001530        0x4 ./Drivers/STM32H5xx_HAL_Driver/Src/stm32h5xx_hal.o
                0x20001530                uwTick
 *(COMMON)
                0x20001534                        . = ALIGN (0x4)
                0x20001534                        _ebss = .
                0x20001534                        __bss_end__ = _ebss

._user_heap_stack
                0x20001534      0x604 load address 0x08004e38
                0x20001538                        . = ALIGN (0x8)
 *fill*         0x20001534        0x4 
                [!provide]                        PROVIDE (end = .)
                0x20001538                        PROVIDE (_end = .)
                0x20001738                        . = (. + _Min_Heap_Size)
 *fill*         0x20001538      0x200 
                0x20001b38                        . = (. + _Min_Stack_Size)
 *fill*         0x20001738      0x400 
                0x20001b38                        . = ALIGN (0x8)

/DISCARD/
 libc.a(*)
 libm.a(*)
 libgcc.a(*)

.ARM.attributes
                0x00000000       0x36
 *(.ARM.attributes)
 .ARM.attributes
                0x00000000       0x26 C:/ST/STM32CubeIDE_1.19.0/STM32CubeIDE/plugins/com.st.stm32cube.ide.mcu.externaltools.gnu-tools-for-stm32.13.3.rel1.win32_1.0.0.202411081344/tools/bin/../lib/gcc/arm-none-eabi/13.3.1/thumb/v8-m.main+fp/hard/crti.o
 .ARM.attributes
                0x00000026       0x38 C:/ST/STM32CubeIDE_1.19.0/STM32CubeIDE/plugins/com.st.stm32cube.ide.mcu.externaltools.gnu-tools-for-stm32.13.3.rel1.win32_1.0.0.202411081344/tools/bin/../lib/gcc/arm-none-eabi/13.3.1/thumb/v8-m.main+fp/hard/crtbegin.o
 .ARM.attributes
                0x0000005e       0x3a ./Core/Src/SN76489.o
 .ARM.attributes
                0x00000098       0x3a ./Core/Src/main.o
 .ARM.attributes
                0x000000d2       0x3a ./Core/Src/stm32h5xx_hal_msp.o
 .ARM.attributes
                0x0000010c       0x3a ./Core/Src/stm32h5xx_it.o
 .ARM.attributes
                0x00000146       0x3a ./Core/Src/system_stm32h5xx.o
 .ARM.attributes
                0x00000180       0x24 ./Core/Startup/startup_stm32h563zitx.o
 .ARM.attributes
                0x000001a4       0x3a ./Drivers/STM32H5xx_HAL_Driver/Src/stm32h5xx_hal.o
 .ARM.attributes
                0x000001de       0x3a ./Drivers/STM32H5xx_HAL_Driver/Src/stm32h5xx_hal_cortex.o
 .ARM.attributes
                0x00000218       0x3a ./Drivers/STM32H5xx_HAL_Driver/Src/stm32h5xx_hal_gpio.o
 .ARM.attributes
                0x00000252       0x3a ./Drivers/STM32H5xx_HAL_Driver/Src/stm32h5xx_hal_icache.o
 .ARM.attributes
                0x0000028c       0x3a ./Drivers/STM32H5xx_HAL_Driver/Src/stm32h5xx_hal_rcc.o
 .ARM.attributes
                0x000002c6       0x3a ./Drivers/STM32H5xx_HAL_Driver/Src/stm32h5xx_hal_tim.o
 .ARM.attributes
                0x00000300       0x3a ./Drivers/STM32H5xx_HAL_Driver/Src/stm32h5xx_hal_tim_ex.o
 .ARM.attributes
                0x0000033a       0x38 C:/ST/STM32CubeIDE_1.19.0/STM32CubeIDE/plugins/com.st.stm32cube.ide.mcu.externaltools.gnu-tools-for-stm32.13.3.rel1.win32_1.0.0.202411081344/tools/bin/../lib/gcc/arm-none-eabi/13.3.1/../../../../arm-none-eabi/lib/thumb/v8-m.main+fp/hard\libc_nano.a(libc_a-memset.o)
 .ARM.attributes
                0x00000372       0x38 C:/ST/STM32CubeIDE_1.19.0/STM32CubeIDE/plugins/com.st.stm32cube.ide.mcu.externaltools.gnu-tools-for-stm32.13.3.rel1.win32_1.0.0.202411081344/tools/bin/../lib/gcc/arm-none-eabi/13.3.1/../../../../arm-none-eabi/lib/thumb/v8-m.main+fp/hard\libc_nano.a(libc_a-init.o)
 .ARM.attributes
                0x000003aa       0x38 C:/ST/STM32CubeIDE_1.19.0/STM32CubeIDE/plugins/com.st.stm32cube.ide.mcu.externaltools.gnu-tools-for-stm32.13.3.rel1.win32_1.0.0.202411081344/tools/bin/../lib/gcc/arm-none-eabi/13.3.1/../../../../arm-none-eabi/lib/thumb/v8-m.main+fp/hard\libc_nano.a(libc_a-memcpy-stub.o)
 .ARM.attributes
                0x000003e2       0x38 C:/ST/STM32CubeIDE_1.19.0/STM32CubeIDE/plugins/com.st.stm32cube.ide.mcu.externaltools.gnu-tools-for-stm32.13.3.rel1.win32_1.0.0.202411081344/tools/bin/../lib/gcc/arm-none-eabi/13.3.1/../../../../arm-none-eabi/lib/thumb/v8-m.main+fp/hard\libm.a(libm_a-s_round.o)
 .ARM.attributes
                0x0000041a       0x26 C:/ST/STM32CubeIDE_1.19.0/STM32CubeIDE/plugins/com.st.stm32cube.ide.mcu.externaltools.gnu-tools-for-stm32.13.3.rel1.win32_1.0.0.202411081344/tools/bin/../lib/gcc/arm-none-eabi/13.3.1/thumb/v8-m.main+fp/hard\libgcc.a(_arm_muldf3.o)
 .ARM.attributes
                0x00000440       0x26 C:/ST/STM32CubeIDE_1.19.0/STM32CubeIDE/plugins/com.st.stm32cube.ide.mcu.externaltools.gnu-tools-for-stm32.13.3.rel1.win32_1.0.0.202411081344/tools/bin/../lib/gcc/arm-none-eabi/13.3.1/thumb/v8-m.main+fp/hard\libgcc.a(_arm_addsubdf3.o)
 .ARM.attributes
                0x00000466       0x26 C:/ST/STM32CubeIDE_1.19.0/STM32CubeIDE/plugins/com.st.stm32cube.ide.mcu.externaltools.gnu-tools-for-stm32.13.3.rel1.win32_1.0.0.202411081344/tools/bin/../lib/gcc/arm-none-eabi/13.3.1/thumb/v8-m.main+fp/hard\libgcc.a(_arm_truncdfsf2.o)
 .ARM.attributes
                0x0000048c       0x26 C:/ST/STM32CubeIDE_1.19.0/STM32CubeIDE/plugins/com.st.stm32cube.ide.mcu.externaltools.gnu-tools-for-stm32.13.3.rel1.win32_1.0.0.202411081344/tools/bin/../lib/gcc/arm-none-eabi/13.3.1/thumb/v8-m.main+fp/hard/crtn.o
OUTPUT(SN76489_STM32.elf elf32-littlearm)
LOAD linker stubs
LOAD C:/ST/STM32CubeIDE_1.19.0/STM32CubeIDE/plugins/com.st.stm32cube.ide.mcu.externaltools.gnu-tools-for-stm32.13.3.rel1.win32_1.0.0.202411081344/tools/bin/../lib/gcc/arm-none-eabi/13.3.1/../../../../arm-none-eabi/lib/thumb/v8-m.main+fp/hard\libc.a
LOAD C:/ST/STM32CubeIDE_1.19.0/STM32CubeIDE/plugins/com.st.stm32cube.ide.mcu.externaltools.gnu-tools-for-stm32.13.3.rel1.win32_1.0.0.202411081344/tools/bin/../lib/gcc/arm-none-eabi/13.3.1/../../../../arm-none-eabi/lib/thumb/v8-m.main+fp/hard\libm.a
LOAD C:/ST/STM32CubeIDE_1.19.0/STM32CubeIDE/plugins/com.st.stm32cube.ide.mcu.externaltools.gnu-tools-for-stm32.13.3.rel1.win32_1.0.0.202411081344/tools/bin/../lib/gcc/arm-none-eabi/13.3.1/thumb/v8-m.main+fp/hard\libgcc.a

.debug_info     0x00000000     0xdbf6
 .debug_info    0x00000000      0x27f ./Core/Src/SN76489.o
 .debug_info    0x0000027f     0x1a9a ./Core/Src/main.o
 .debug_info    0x00001d19     0x107b ./Core/Src/stm32h5xx_hal_msp.o
 .debug_info    0x00002d94      0xd84 ./Core/Src/stm32h5xx_it.o
 .debug_info    0x00003b18      0xd8e ./Core/Src/system_stm32h5xx.o
 .debug_info    0x000048a6       0x30 ./Core/Startup/startup_stm32h563zitx.o
 .debug_info    0x000048d6     0x139f ./Drivers/STM32H5xx_HAL_Driver/Src/stm32h5xx_hal.o
 .debug_info    0x00005c75     0x1658 ./Drivers/STM32H5xx_HAL_Driver/Src/stm32h5xx_hal_cortex.o
 .debug_info    0x000072cd      0x6b6 ./Drivers/STM32H5xx_HAL_Driver/Src/stm32h5xx_hal_gpio.o
 .debug_info    0x00007983      0x4d6 ./Drivers/STM32H5xx_HAL_Driver/Src/stm32h5xx_hal_icache.o
 .debug_info    0x00007e59     0x109f ./Drivers/STM32H5xx_HAL_Driver/Src/stm32h5xx_hal_rcc.o
 .debug_info    0x00008ef8     0x2e54 ./Drivers/STM32H5xx_HAL_Driver/Src/stm32h5xx_hal_tim.o
 .debug_info    0x0000bd4c     0x1eaa ./Drivers/STM32H5xx_HAL_Driver/Src/stm32h5xx_hal_tim_ex.o

.debug_abbrev   0x00000000     0x1c32
 .debug_abbrev  0x00000000      0x14d ./Core/Src/SN76489.o
 .debug_abbrev  0x0000014d      0x351 ./Core/Src/main.o
 .debug_abbrev  0x0000049e      0x1e4 ./Core/Src/stm32h5xx_hal_msp.o
 .debug_abbrev  0x00000682      0x27b ./Core/Src/stm32h5xx_it.o
 .debug_abbrev  0x000008fd      0x13a ./Core/Src/system_stm32h5xx.o
 .debug_abbrev  0x00000a37       0x24 ./Core/Startup/startup_stm32h563zitx.o
 .debug_abbrev  0x00000a5b      0x2af ./Drivers/STM32H5xx_HAL_Driver/Src/stm32h5xx_hal.o
 .debug_abbrev  0x00000d0a      0x311 ./Drivers/STM32H5xx_HAL_Driver/Src/stm32h5xx_hal_cortex.o
 .debug_abbrev  0x0000101b      0x1db ./Drivers/STM32H5xx_HAL_Driver/Src/stm32h5xx_hal_gpio.o
 .debug_abbrev  0x000011f6      0x228 ./Drivers/STM32H5xx_HAL_Driver/Src/stm32h5xx_hal_icache.o
 .debug_abbrev  0x0000141e      0x290 ./Drivers/STM32H5xx_HAL_Driver/Src/stm32h5xx_hal_rcc.o
 .debug_abbrev  0x000016ae      0x2bd ./Drivers/STM32H5xx_HAL_Driver/Src/stm32h5xx_hal_tim.o
 .debug_abbrev  0x0000196b      0x2c7 ./Drivers/STM32H5xx_HAL_Driver/Src/stm32h5xx_hal_tim_ex.o

.debug_aranges  0x00000000      0xcb8
 .debug_aranges
                0x00000000       0x28 ./Core/Src/SN76489.o
 .debug_aranges
                0x00000028       0x58 ./Core/Src/main.o
 .debug_aranges
                0x00000080       0x30 ./Core/Src/stm32h5xx_hal_msp.o
 .debug_aranges
                0x000000b0       0x90 ./Core/Src/stm32h5xx_it.o
 .debug_aranges
                0x00000140       0x28 ./Core/Src/system_stm32h5xx.o
 .debug_aranges
                0x00000168       0x28 ./Core/Startup/startup_stm32h563zitx.o
 .debug_aranges
                0x00000190      0x200 ./Drivers/STM32H5xx_HAL_Driver/Src/stm32h5xx_hal.o
 .debug_aranges
                0x00000390      0x140 ./Drivers/STM32H5xx_HAL_Driver/Src/stm32h5xx_hal_cortex.o
 .debug_aranges
                0x000004d0       0x78 ./Drivers/STM32H5xx_HAL_Driver/Src/stm32h5xx_hal_gpio.o
 .debug_aranges
                0x00000548       0xa8 ./Drivers/STM32H5xx_HAL_Driver/Src/stm32h5xx_hal_icache.o
 .debug_aranges
                0x000005f0       0xa0 ./Drivers/STM32H5xx_HAL_Driver/Src/stm32h5xx_hal_rcc.o
 .debug_aranges
                0x00000690      0x3e8 ./Drivers/STM32H5xx_HAL_Driver/Src/stm32h5xx_hal_tim.o
 .debug_aranges
                0x00000a78      0x240 ./Drivers/STM32H5xx_HAL_Driver/Src/stm32h5xx_hal_tim_ex.o

.debug_rnglists
                0x00000000      0x9c5
 .debug_rnglists
                0x00000000       0x1b ./Core/Src/SN76489.o
 .debug_rnglists
                0x0000001b       0x42 ./Core/Src/main.o
 .debug_rnglists
                0x0000005d       0x20 ./Core/Src/stm32h5xx_hal_msp.o
 .debug_rnglists
                0x0000007d       0x68 ./Core/Src/stm32h5xx_it.o
 .debug_rnglists
                0x000000e5       0x1b ./Core/Src/system_stm32h5xx.o
 .debug_rnglists
                0x00000100       0x19 ./Core/Startup/startup_stm32h563zitx.o
 .debug_rnglists
                0x00000119      0x17d ./Drivers/STM32H5xx_HAL_Driver/Src/stm32h5xx_hal.o
 .debug_rnglists
                0x00000296       0xec ./Drivers/STM32H5xx_HAL_Driver/Src/stm32h5xx_hal_cortex.o
 .debug_rnglists
                0x00000382       0x57 ./Drivers/STM32H5xx_HAL_Driver/Src/stm32h5xx_hal_gpio.o
 .debug_rnglists
                0x000003d9       0x7a ./Drivers/STM32H5xx_HAL_Driver/Src/stm32h5xx_hal_icache.o
 .debug_rnglists
                0x00000453       0x79 ./Drivers/STM32H5xx_HAL_Driver/Src/stm32h5xx_hal_rcc.o
 .debug_rnglists
                0x000004cc      0x32e ./Drivers/STM32H5xx_HAL_Driver/Src/stm32h5xx_hal_tim.o
 .debug_rnglists
                0x000007fa      0x1cb ./Drivers/STM32H5xx_HAL_Driver/Src/stm32h5xx_hal_tim_ex.o

.debug_macro    0x00000000    0x30e73
 .debug_macro   0x00000000      0x281 ./Core/Src/SN76489.o
 .debug_macro   0x00000281      0xade ./Core/Src/SN76489.o
 .debug_macro   0x00000d5f      0x1e6 ./Core/Src/SN76489.o
 .debug_macro   0x00000f45       0x22 ./Core/Src/SN76489.o
 .debug_macro   0x00000f67       0x5b ./Core/Src/SN76489.o
 .debug_macro   0x00000fc2       0x2a ./Core/Src/SN76489.o
 .debug_macro   0x00000fec       0x94 ./Core/Src/SN76489.o
 .debug_macro   0x00001080       0x43 ./Core/Src/SN76489.o
 .debug_macro   0x000010c3       0x34 ./Core/Src/SN76489.o
 .debug_macro   0x000010f7      0x190 ./Core/Src/SN76489.o
 .debug_macro   0x00001287       0x57 ./Core/Src/SN76489.o
 .debug_macro   0x000012de      0x370 ./Core/Src/SN76489.o
 .debug_macro   0x0000164e       0x16 ./Core/Src/SN76489.o
 .debug_macro   0x00001664       0x4a ./Core/Src/SN76489.o
 .debug_macro   0x000016ae       0x34 ./Core/Src/SN76489.o
 .debug_macro   0x000016e2       0x10 ./Core/Src/SN76489.o
 .debug_macro   0x000016f2       0x58 ./Core/Src/SN76489.o
 .debug_macro   0x0000174a       0x8e ./Core/Src/SN76489.o
 .debug_macro   0x000017d8       0x1c ./Core/Src/SN76489.o
 .debug_macro   0x000017f4      0x185 ./Core/Src/SN76489.o
 .debug_macro   0x00001979      0x19b ./Core/Src/SN76489.o
 .debug_macro   0x00001b14       0x28 ./Core/Src/SN76489.o
 .debug_macro   0x00001b3c       0x49 ./Core/Src/SN76489.o
 .debug_macro   0x00001b85      0x103 ./Core/Src/SN76489.o
 .debug_macro   0x00001c88       0x6a ./Core/Src/SN76489.o
 .debug_macro   0x00001cf2      0x1df ./Core/Src/SN76489.o
 .debug_macro   0x00001ed1       0x1c ./Core/Src/SN76489.o
 .debug_macro   0x00001eed       0x29 ./Core/Src/SN76489.o
 .debug_macro   0x00001f16       0xfb ./Core/Src/SN76489.o
 .debug_macro   0x00002011     0x1685 ./Core/Src/SN76489.o
 .debug_macro   0x00003696       0x5e ./Core/Src/SN76489.o
 .debug_macro   0x000036f4    0x2124a ./Core/Src/SN76489.o
 .debug_macro   0x0002493e       0x6d ./Core/Src/SN76489.o
 .debug_macro   0x000249ab     0x388a ./Core/Src/SN76489.o
 .debug_macro   0x00028235       0x63 ./Core/Src/SN76489.o
 .debug_macro   0x00028298     0x1f0d ./Core/Src/SN76489.o
 .debug_macro   0x0002a1a5      0xe96 ./Core/Src/SN76489.o
 .debug_macro   0x0002b03b      0x166 ./Core/Src/SN76489.o
 .debug_macro   0x0002b1a1      0x300 ./Core/Src/SN76489.o
 .debug_macro   0x0002b4a1       0xca ./Core/Src/SN76489.o
 .debug_macro   0x0002b56b      0x917 ./Core/Src/SN76489.o
 .debug_macro   0x0002be82      0x478 ./Core/Src/SN76489.o
 .debug_macro   0x0002c2fa       0xd6 ./Core/Src/SN76489.o
 .debug_macro   0x0002c3d0      0x1cd ./Core/Src/SN76489.o
 .debug_macro   0x0002c59d      0x55b ./Core/Src/SN76489.o
 .debug_macro   0x0002caf8      0x638 ./Core/Src/SN76489.o
 .debug_macro   0x0002d130       0x7b ./Core/Src/SN76489.o
 .debug_macro   0x0002d1ab      0x313 ./Core/Src/SN76489.o
 .debug_macro   0x0002d4be      0x1bb ./Core/Src/SN76489.o
 .debug_macro   0x0002d679      0xbe8 ./Core/Src/SN76489.o
 .debug_macro   0x0002e261      0x3f4 ./Core/Src/SN76489.o
 .debug_macro   0x0002e655      0x2a7 ./Core/Src/SN76489.o
 .debug_macro   0x0002e8fc      0x4ee ./Core/Src/SN76489.o
 .debug_macro   0x0002edea       0x88 ./Core/Src/SN76489.o
 .debug_macro   0x0002ee72       0xb2 ./Core/Src/SN76489.o
 .debug_macro   0x0002ef24      0x2cb ./Core/Src/main.o
 .debug_macro   0x0002f1ef       0x16 ./Core/Src/main.o
 .debug_macro   0x0002f205       0x3c ./Core/Src/main.o
 .debug_macro   0x0002f241       0x16 ./Core/Src/main.o
 .debug_macro   0x0002f257       0x29 ./Core/Src/main.o
 .debug_macro   0x0002f280      0x272 ./Core/Src/stm32h5xx_hal_msp.o
 .debug_macro   0x0002f4f2      0x306 ./Core/Src/stm32h5xx_it.o
 .debug_macro   0x0002f7f8      0x238 ./Core/Src/stm32h5xx_it.o
 .debug_macro   0x0002fa30       0x16 ./Core/Src/stm32h5xx_it.o
 .debug_macro   0x0002fa46       0x20 ./Core/Src/stm32h5xx_it.o
 .debug_macro   0x0002fa66      0x26a ./Core/Src/system_stm32h5xx.o
 .debug_macro   0x0002fcd0      0x299 ./Drivers/STM32H5xx_HAL_Driver/Src/stm32h5xx_hal.o
 .debug_macro   0x0002ff69      0x263 ./Drivers/STM32H5xx_HAL_Driver/Src/stm32h5xx_hal_cortex.o
 .debug_macro   0x000301cc      0x299 ./Drivers/STM32H5xx_HAL_Driver/Src/stm32h5xx_hal_gpio.o
 .debug_macro   0x00030465      0x295 ./Drivers/STM32H5xx_HAL_Driver/Src/stm32h5xx_hal_icache.o
 .debug_macro   0x000306fa      0x2a5 ./Drivers/STM32H5xx_HAL_Driver/Src/stm32h5xx_hal_rcc.o
 .debug_macro   0x0003099f      0x26b ./Drivers/STM32H5xx_HAL_Driver/Src/stm32h5xx_hal_tim.o
 .debug_macro   0x00030c0a      0x269 ./Drivers/STM32H5xx_HAL_Driver/Src/stm32h5xx_hal_tim_ex.o

.debug_line     0x00000000     0xe436
 .debug_line    0x00000000      0x8ea ./Core/Src/SN76489.o
 .debug_line    0x000008ea      0xa9c ./Core/Src/main.o
 .debug_line    0x00001386      0x8bb ./Core/Src/stm32h5xx_hal_msp.o
 .debug_line    0x00001c41      0xb24 ./Core/Src/stm32h5xx_it.o
 .debug_line    0x00002765      0x9e5 ./Core/Src/system_stm32h5xx.o
 .debug_line    0x0000314a       0x7b ./Core/Startup/startup_stm32h563zitx.o
 .debug_line    0x000031c5      0xf85 ./Drivers/STM32H5xx_HAL_Driver/Src/stm32h5xx_hal.o
 .debug_line    0x0000414a      0xeb4 ./Drivers/STM32H5xx_HAL_Driver/Src/stm32h5xx_hal_cortex.o
 .debug_line    0x00004ffe      0xc6e ./Drivers/STM32H5xx_HAL_Driver/Src/stm32h5xx_hal_gpio.o
 .debug_line    0x00005c6c      0xb57 ./Drivers/STM32H5xx_HAL_Driver/Src/stm32h5xx_hal_icache.o
 .debug_line    0x000067c3     0x13fd ./Drivers/STM32H5xx_HAL_Driver/Src/stm32h5xx_hal_rcc.o
 .debug_line    0x00007bc0     0x465f ./Drivers/STM32H5xx_HAL_Driver/Src/stm32h5xx_hal_tim.o
 .debug_line    0x0000c21f     0x2217 ./Drivers/STM32H5xx_HAL_Driver/Src/stm32h5xx_hal_tim_ex.o

.debug_str      0x00000000   0x13be1b
 .debug_str     0x00000000   0x13be1b ./Core/Src/SN76489.o
                             0x136c38 (size before relaxing)
 .debug_str     0x0013be1b   0x137de2 ./Core/Src/main.o
 .debug_str     0x0013be1b   0x1379f5 ./Core/Src/stm32h5xx_hal_msp.o
 .debug_str     0x0013be1b   0x137b67 ./Core/Src/stm32h5xx_it.o
 .debug_str     0x0013be1b   0x136e46 ./Core/Src/system_stm32h5xx.o
 .debug_str     0x0013be1b       0x87 ./Core/Startup/startup_stm32h563zitx.o
 .debug_str     0x0013be1b   0x137c92 ./Drivers/STM32H5xx_HAL_Driver/Src/stm32h5xx_hal.o
 .debug_str     0x0013be1b   0x137821 ./Drivers/STM32H5xx_HAL_Driver/Src/stm32h5xx_hal_cortex.o
 .debug_str     0x0013be1b   0x136bab ./Drivers/STM32H5xx_HAL_Driver/Src/stm32h5xx_hal_gpio.o
 .debug_str     0x0013be1b   0x136ed4 ./Drivers/STM32H5xx_HAL_Driver/Src/stm32h5xx_hal_icache.o
 .debug_str     0x0013be1b   0x13738b ./Drivers/STM32H5xx_HAL_Driver/Src/stm32h5xx_hal_rcc.o
 .debug_str     0x0013be1b   0x137ff5 ./Drivers/STM32H5xx_HAL_Driver/Src/stm32h5xx_hal_tim.o
 .debug_str     0x0013be1b   0x137c1f ./Drivers/STM32H5xx_HAL_Driver/Src/stm32h5xx_hal_tim_ex.o

.comment        0x00000000       0x43
 .comment       0x00000000       0x43 ./Core/Src/SN76489.o
                                 0x44 (size before relaxing)
 .comment       0x00000043       0x44 ./Core/Src/main.o
 .comment       0x00000043       0x44 ./Core/Src/stm32h5xx_hal_msp.o
 .comment       0x00000043       0x44 ./Core/Src/stm32h5xx_it.o
 .comment       0x00000043       0x44 ./Core/Src/system_stm32h5xx.o
 .comment       0x00000043       0x44 ./Drivers/STM32H5xx_HAL_Driver/Src/stm32h5xx_hal.o
 .comment       0x00000043       0x44 ./Drivers/STM32H5xx_HAL_Driver/Src/stm32h5xx_hal_cortex.o
 .comment       0x00000043       0x44 ./Drivers/STM32H5xx_HAL_Driver/Src/stm32h5xx_hal_gpio.o
 .comment       0x00000043       0x44 ./Drivers/STM32H5xx_HAL_Driver/Src/stm32h5xx_hal_icache.o
 .comment       0x00000043       0x44 ./Drivers/STM32H5xx_HAL_Driver/Src/stm32h5xx_hal_rcc.o
 .comment       0x00000043       0x44 ./Drivers/STM32H5xx_HAL_Driver/Src/stm32h5xx_hal_tim.o
 .comment       0x00000043       0x44 ./Drivers/STM32H5xx_HAL_Driver/Src/stm32h5xx_hal_tim_ex.o

.debug_frame    0x00000000     0x36f4
 .debug_frame   0x00000000       0x58 ./Core/Src/SN76489.o
 .debug_frame   0x00000058      0x118 ./Core/Src/main.o
 .debug_frame   0x00000170       0x78 ./Core/Src/stm32h5xx_hal_msp.o
 .debug_frame   0x000001e8      0x1c8 ./Core/Src/stm32h5xx_it.o
 .debug_frame   0x000003b0       0x60 ./Core/Src/system_stm32h5xx.o
 .debug_frame   0x00000410      0x828 ./Drivers/STM32H5xx_HAL_Driver/Src/stm32h5xx_hal.o
 .debug_frame   0x00000c38      0x560 ./Drivers/STM32H5xx_HAL_Driver/Src/stm32h5xx_hal_cortex.o
 .debug_frame   0x00001198      0x1ec ./Drivers/STM32H5xx_HAL_Driver/Src/stm32h5xx_hal_gpio.o
 .debug_frame   0x00001384      0x298 ./Drivers/STM32H5xx_HAL_Driver/Src/stm32h5xx_hal_icache.o
 .debug_frame   0x0000161c      0x268 ./Drivers/STM32H5xx_HAL_Driver/Src/stm32h5xx_hal_rcc.o
 .debug_frame   0x00001884     0x1260 ./Drivers/STM32H5xx_HAL_Driver/Src/stm32h5xx_hal_tim.o
 .debug_frame   0x00002ae4      0xa70 ./Drivers/STM32H5xx_HAL_Driver/Src/stm32h5xx_hal_tim_ex.o
 .debug_frame   0x00003554       0x20 C:/ST/STM32CubeIDE_1.19.0/STM32CubeIDE/plugins/com.st.stm32cube.ide.mcu.externaltools.gnu-tools-for-stm32.13.3.rel1.win32_1.0.0.202411081344/tools/bin/../lib/gcc/arm-none-eabi/13.3.1/../../../../arm-none-eabi/lib/thumb/v8-m.main+fp/hard\libc_nano.a(libc_a-memset.o)
 .debug_frame   0x00003574       0x2c C:/ST/STM32CubeIDE_1.19.0/STM32CubeIDE/plugins/com.st.stm32cube.ide.mcu.externaltools.gnu-tools-for-stm32.13.3.rel1.win32_1.0.0.202411081344/tools/bin/../lib/gcc/arm-none-eabi/13.3.1/../../../../arm-none-eabi/lib/thumb/v8-m.main+fp/hard\libc_nano.a(libc_a-init.o)
 .debug_frame   0x000035a0       0x28 C:/ST/STM32CubeIDE_1.19.0/STM32CubeIDE/plugins/com.st.stm32cube.ide.mcu.externaltools.gnu-tools-for-stm32.13.3.rel1.win32_1.0.0.202411081344/tools/bin/../lib/gcc/arm-none-eabi/13.3.1/../../../../arm-none-eabi/lib/thumb/v8-m.main+fp/hard\libc_nano.a(libc_a-memcpy-stub.o)
 .debug_frame   0x000035c8       0x2c C:/ST/STM32CubeIDE_1.19.0/STM32CubeIDE/plugins/com.st.stm32cube.ide.mcu.externaltools.gnu-tools-for-stm32.13.3.rel1.win32_1.0.0.202411081344/tools/bin/../lib/gcc/arm-none-eabi/13.3.1/../../../../arm-none-eabi/lib/thumb/v8-m.main+fp/hard\libm.a(libm_a-s_round.o)
 .debug_frame   0x000035f4       0x30 C:/ST/STM32CubeIDE_1.19.0/STM32CubeIDE/plugins/com.st.stm32cube.ide.mcu.externaltools.gnu-tools-for-stm32.13.3.rel1.win32_1.0.0.202411081344/tools/bin/../lib/gcc/arm-none-eabi/13.3.1/thumb/v8-m.main+fp/hard\libgcc.a(_arm_muldf3.o)
 .debug_frame   0x00003624       0xac C:/ST/STM32CubeIDE_1.19.0/STM32CubeIDE/plugins/com.st.stm32cube.ide.mcu.externaltools.gnu-tools-for-stm32.13.3.rel1.win32_1.0.0.202411081344/tools/bin/../lib/gcc/arm-none-eabi/13.3.1/thumb/v8-m.main+fp/hard\libgcc.a(_arm_addsubdf3.o)
 .debug_frame   0x000036d0       0x24 C:/ST/STM32CubeIDE_1.19.0/STM32CubeIDE/plugins/com.st.stm32cube.ide.mcu.externaltools.gnu-tools-for-stm32.13.3.rel1.win32_1.0.0.202411081344/tools/bin/../lib/gcc/arm-none-eabi/13.3.1/thumb/v8-m.main+fp/hard\libgcc.a(_arm_truncdfsf2.o)

.debug_line_str
                0x00000000       0x6b
 .debug_line_str
                0x00000000       0x6b ./Core/Startup/startup_stm32h563zitx.o
