Archive member included to satisfy reference by file (symbol)

C:/ST/STM32CubeIDE_1.19.0/STM32CubeIDE/plugins/com.st.stm32cube.ide.mcu.externaltools.gnu-tools-for-stm32.13.3.rel1.win32_1.0.0.202411081344/tools/bin/../lib/gcc/arm-none-eabi/13.3.1/../../../../arm-none-eabi/lib/thumb/v8-m.main+fp/hard\libc_nano.a(libc_a-exit.o)
                              C:/ST/STM32CubeIDE_1.19.0/STM32CubeIDE/plugins/com.st.stm32cube.ide.mcu.externaltools.gnu-tools-for-stm32.13.3.rel1.win32_1.0.0.202411081344/tools/bin/../lib/gcc/arm-none-eabi/13.3.1/../../../../arm-none-eabi/lib/thumb/v8-m.main+fp/hard/crt0.o (exit)
C:/ST/STM32CubeIDE_1.19.0/STM32CubeIDE/plugins/com.st.stm32cube.ide.mcu.externaltools.gnu-tools-for-stm32.13.3.rel1.win32_1.0.0.202411081344/tools/bin/../lib/gcc/arm-none-eabi/13.3.1/../../../../arm-none-eabi/lib/thumb/v8-m.main+fp/hard\libc_nano.a(libc_a-findfp.o)
                              C:/ST/STM32CubeIDE_1.19.0/STM32CubeIDE/plugins/com.st.stm32cube.ide.mcu.externaltools.gnu-tools-for-stm32.13.3.rel1.win32_1.0.0.202411081344/tools/bin/../lib/gcc/arm-none-eabi/13.3.1/../../../../arm-none-eabi/lib/thumb/v8-m.main+fp/hard\libc_nano.a(libc_a-exit.o) (__stdio_exit_handler)
C:/ST/STM32CubeIDE_1.19.0/STM32CubeIDE/plugins/com.st.stm32cube.ide.mcu.externaltools.gnu-tools-for-stm32.13.3.rel1.win32_1.0.0.202411081344/tools/bin/../lib/gcc/arm-none-eabi/13.3.1/../../../../arm-none-eabi/lib/thumb/v8-m.main+fp/hard\libc_nano.a(libc_a-fwalk.o)
                              C:/ST/STM32CubeIDE_1.19.0/STM32CubeIDE/plugins/com.st.stm32cube.ide.mcu.externaltools.gnu-tools-for-stm32.13.3.rel1.win32_1.0.0.202411081344/tools/bin/../lib/gcc/arm-none-eabi/13.3.1/../../../../arm-none-eabi/lib/thumb/v8-m.main+fp/hard\libc_nano.a(libc_a-findfp.o) (_fwalk_sglue)
C:/ST/STM32CubeIDE_1.19.0/STM32CubeIDE/plugins/com.st.stm32cube.ide.mcu.externaltools.gnu-tools-for-stm32.13.3.rel1.win32_1.0.0.202411081344/tools/bin/../lib/gcc/arm-none-eabi/13.3.1/../../../../arm-none-eabi/lib/thumb/v8-m.main+fp/hard\libc_nano.a(libc_a-snprintf.o)
                              ./Core/Src/ui.o (snprintf)
C:/ST/STM32CubeIDE_1.19.0/STM32CubeIDE/plugins/com.st.stm32cube.ide.mcu.externaltools.gnu-tools-for-stm32.13.3.rel1.win32_1.0.0.202411081344/tools/bin/../lib/gcc/arm-none-eabi/13.3.1/../../../../arm-none-eabi/lib/thumb/v8-m.main+fp/hard\libc_nano.a(libc_a-stdio.o)
                              C:/ST/STM32CubeIDE_1.19.0/STM32CubeIDE/plugins/com.st.stm32cube.ide.mcu.externaltools.gnu-tools-for-stm32.13.3.rel1.win32_1.0.0.202411081344/tools/bin/../lib/gcc/arm-none-eabi/13.3.1/../../../../arm-none-eabi/lib/thumb/v8-m.main+fp/hard\libc_nano.a(libc_a-findfp.o) (__sread)
C:/ST/STM32CubeIDE_1.19.0/STM32CubeIDE/plugins/com.st.stm32cube.ide.mcu.externaltools.gnu-tools-for-stm32.13.3.rel1.win32_1.0.0.202411081344/tools/bin/../lib/gcc/arm-none-eabi/13.3.1/../../../../arm-none-eabi/lib/thumb/v8-m.main+fp/hard\libc_nano.a(libc_a-memcmp.o)
                              ./Core/Src/fat32.o (memcmp)
C:/ST/STM32CubeIDE_1.19.0/STM32CubeIDE/plugins/com.st.stm32cube.ide.mcu.externaltools.gnu-tools-for-stm32.13.3.rel1.win32_1.0.0.202411081344/tools/bin/../lib/gcc/arm-none-eabi/13.3.1/../../../../arm-none-eabi/lib/thumb/v8-m.main+fp/hard\libc_nano.a(libc_a-memset.o)
                              C:/ST/STM32CubeIDE_1.19.0/STM32CubeIDE/plugins/com.st.stm32cube.ide.mcu.externaltools.gnu-tools-for-stm32.13.3.rel1.win32_1.0.0.202411081344/tools/bin/../lib/gcc/arm-none-eabi/13.3.1/../../../../arm-none-eabi/lib/thumb/v8-m.main+fp/hard/crt0.o (memset)
C:/ST/STM32CubeIDE_1.19.0/STM32CubeIDE/plugins/com.st.stm32cube.ide.mcu.externaltools.gnu-tools-for-stm32.13.3.rel1.win32_1.0.0.202411081344/tools/bin/../lib/gcc/arm-none-eabi/13.3.1/../../../../arm-none-eabi/lib/thumb/v8-m.main+fp/hard\libc_nano.a(libc_a-strncpy.o)
                              ./Core/Src/ui.o (strncpy)
C:/ST/STM32CubeIDE_1.19.0/STM32CubeIDE/plugins/com.st.stm32cube.ide.mcu.externaltools.gnu-tools-for-stm32.13.3.rel1.win32_1.0.0.202411081344/tools/bin/../lib/gcc/arm-none-eabi/13.3.1/../../../../arm-none-eabi/lib/thumb/v8-m.main+fp/hard\libc_nano.a(libc_a-closer.o)
                              C:/ST/STM32CubeIDE_1.19.0/STM32CubeIDE/plugins/com.st.stm32cube.ide.mcu.externaltools.gnu-tools-for-stm32.13.3.rel1.win32_1.0.0.202411081344/tools/bin/../lib/gcc/arm-none-eabi/13.3.1/../../../../arm-none-eabi/lib/thumb/v8-m.main+fp/hard\libc_nano.a(libc_a-stdio.o) (_close_r)
C:/ST/STM32CubeIDE_1.19.0/STM32CubeIDE/plugins/com.st.stm32cube.ide.mcu.externaltools.gnu-tools-for-stm32.13.3.rel1.win32_1.0.0.202411081344/tools/bin/../lib/gcc/arm-none-eabi/13.3.1/../../../../arm-none-eabi/lib/thumb/v8-m.main+fp/hard\libc_nano.a(libc_a-reent.o)
                              C:/ST/STM32CubeIDE_1.19.0/STM32CubeIDE/plugins/com.st.stm32cube.ide.mcu.externaltools.gnu-tools-for-stm32.13.3.rel1.win32_1.0.0.202411081344/tools/bin/../lib/gcc/arm-none-eabi/13.3.1/../../../../arm-none-eabi/lib/thumb/v8-m.main+fp/hard\libc_nano.a(libc_a-closer.o) (errno)
[...]
Memory Configuration

Name             Origin             Length             Attributes
RAM              0x20000000         0x000a0000         xrw
FLASH            0x08000000         0x00200000         xr
*default*        0x00000000         0xffffffff

Linker script and memory map

LOAD C:/ST/STM32CubeIDE_1.19.0/STM32CubeIDE/plugins/com.st.stm32cube.ide.mcu.externaltools.gnu-tools-for-stm32.13.3.rel1.win32_1.0.0.202411081344/tools/bin/../lib/gcc/arm-none-eabi/13.3.1/thumb/v8-m.main+fp/hard/crti.o
LOAD C:/ST/STM32CubeIDE_1.19.0/STM32CubeIDE/plugins/com.st.stm32cube.ide.mcu.externaltools.gnu-tools-for-stm32.13.3.rel1.win32_1.0.0.202411081344/tools/bin/../lib/gcc/arm-none-eabi/13.3.1/thumb/v8-m.main+fp/hard/crtbegin.o
LOAD C:/ST/STM32CubeIDE_1.19.0/STM32CubeIDE/plugins/com.st.stm32cube.ide.mcu.externaltools.gnu-tools-for-stm32.13.3.rel1.win32_1.0.0.202411081344/tools/bin/../lib/gcc/arm-none-eabi/13.3.1/../../../../arm-none-eabi/lib/thumb/v8-m.main+fp/hard/crt0.o
LOAD ./Core/Audio/hihat.o
LOAD ./Core/Audio/kick.o
LOAD ./Core/Audio/snare1.o
LOAD ./Core/Audio/snare2.o
LOAD ./Core/Audio/vgm_data.o
LOAD ./Core/Src/ILI9341.o
LOAD ./Core/Src/SI5351.o
LOAD ./Core/Src/SN76489.o
LOAD ./Core/Src/YM2151.o
LOAD ./Core/Src/fat32.o
LOAD ./Core/Src/font5x7.o
LOAD ./Core/Src/main.o
LOAD ./Core/Src/msm6295.o
LOAD ./Core/Src/puff.o
LOAD ./Core/Src/sd_spi.o
LOAD ./Core/Src/shuffle.o
LOAD ./Core/Src/stm32h5xx_hal_msp.o
LOAD ./Core/Src/stm32h5xx_it.o
LOAD ./Core/Src/storage.o
LOAD ./Core/Src/syscalls.o
LOAD ./Core/Src/sysmem.o
LOAD ./Core/Src/system_stm32h5xx.o
LOAD ./Core/Src/ui.o
LOAD ./Core/Src/vgm.o
LOAD ./Core/Src/vgz.o
LOAD ./Core/Startup/startup_stm32h563zitx.o
LOAD ./Drivers/STM32H5xx_HAL_Driver/Src/stm32h5xx_hal.o
LOAD ./Drivers/STM32H5xx_HAL_Driver/Src/stm32h5xx_hal_cortex.o
LOAD ./Drivers/STM32H5xx_HAL_Driver/Src/stm32h5xx_hal_dac.o
LOAD ./Drivers/STM32H5xx_HAL_Driver/Src/stm32h5xx_hal_dac_ex.o
LOAD ./Drivers/STM32H5xx_HAL_Driver/Src/stm32h5xx_hal_dma.o
LOAD ./Drivers/STM32H5xx_HAL_Driver/Src/stm32h5xx_hal_dma_ex.o
LOAD ./Drivers/STM32H5xx_HAL_Driver/Src/stm32h5xx_hal_exti.o
LOAD ./Drivers/STM32H5xx_HAL_Driver/Src/stm32h5xx_hal_flash.o
LOAD ./Drivers/STM32H5xx_HAL_Driver/Src/stm32h5xx_hal_flash_ex.o
LOAD ./Drivers/STM32H5xx_HAL_Driver/Src/stm32h5xx_hal_gpio.o
LOAD ./Drivers/STM32H5xx_HAL_Driver/Src/stm32h5xx_hal_i2c.o
LOAD ./Drivers/STM32H5xx_HAL_Driver/Src/stm32h5xx_hal_i2c_ex.o
LOAD ./Drivers/STM32H5xx_HAL_Driver/Src/stm32h5xx_hal_icache.o
LOAD ./Drivers/STM32H5xx_HAL_Driver/Src/stm32h5xx_hal_pwr.o
LOAD ./Drivers/STM32H5xx_HAL_Driver/Src/stm32h5xx_hal_pwr_ex.o
LOAD ./Drivers/STM32H5xx_HAL_Driver/Src/stm32h5xx_hal_rcc.o
LOAD ./Drivers/STM32H5xx_HAL_Driver/Src/stm32h5xx_hal_rcc_ex.o
LOAD ./Drivers/STM32H5xx_HAL_Driver/Src/stm32h5xx_hal_spi.o
LOAD ./Drivers/STM32H5xx_HAL_Driver/Src/stm32h5xx_hal_spi_ex.o
LOAD ./Drivers/STM32H5xx_HAL_Driver/Src/stm32h5xx_hal_tim.o
LOAD ./Drivers/STM32H5xx_HAL_Driver/Src/stm32h5xx_hal_tim_ex.o
START GROUP
LOAD C:/ST/STM32CubeIDE_1.19.0/STM32CubeIDE/plugins/com.st.stm32cube.ide.mcu.externaltools.gnu-tools-for-stm32.13.3.rel1.win32_1.0.0.202411081344/tools/bin/../lib/gcc/arm-none-eabi/13.3.1/../../../../arm-none-eabi/lib/thumb/v8-m.main+fp/hard\libc_nano.a
LOAD C:/ST/STM32CubeIDE_1.19.0/STM32CubeIDE/plugins/com.st.stm32cube.ide.mcu.externaltools.gnu-tools-for-stm32.13.3.rel1.win32_1.0.0.202411081344/tools/bin/../lib/gcc/arm-none-eabi/13.3.1/../../../../arm-none-eabi/lib/thumb/v8-m.main+fp/hard\libm.a
END GROUP
START GROUP
LOAD C:/ST/STM32CubeIDE_1.19.0/STM32CubeIDE/plugins/com.st.stm32cube.ide.mcu.externaltools.gnu-tools-for-stm32.13.3.rel1.win32_1.0.0.202411081344/tools/bin/../lib/gcc/arm-none-eabi/13.3.1/thumb/v8-m.main+fp/hard\libgcc.a
LOAD C:/ST/STM32CubeIDE_1.19.0/STM32CubeIDE/plugins/com.st.stm32cube.ide.mcu.externaltools.gnu-tools-for-stm32.13.3.rel1.win32_1.0.0.202411081344/tools/bin/../lib/gcc/arm-none-eabi/13.3.1/../../../../arm-none-eabi/lib/thumb/v8-m.main+fp/hard\libc_nano.a
END GROUP
START GROUP
LOAD C:/ST/STM32CubeIDE_1.19.0/STM32CubeIDE/plugins/com.st.stm32cube.ide.mcu.externaltools.gnu-tools-for-stm32.13.3.rel1.win32_1.0.0.202411081344/tools/bin/../lib/gcc/arm-none-eabi/13.3.1/thumb/v8-m.main+fp/hard\libgcc.a
LOAD C:/ST/STM32CubeIDE_1.19.0/STM32CubeIDE/plugins/com.st.stm32cube.ide.mcu.externaltools.gnu-tools-for-stm32.13.3.rel1.win32_1.0.0.202411081344/tools/bin/../lib/gcc/arm-none-eabi/13.3.1/../../../../arm-none-eabi/lib/thumb/v8-m.main+fp/hard\libc_nano.a
LOAD C:/ST/STM32CubeIDE_1.19.0/STM32CubeIDE/plugins/com.st.stm32cube.ide.mcu.externaltools.gnu-tools-for-stm32.13.3.rel1.win32_1.0.0.202411081344/tools/bin/../lib/gcc/arm-none-eabi/13.3.1/../../../../arm-none-eabi/lib/thumb/v8-m.main+fp/hard\libnosys.a
END GROUP
START GROUP
LOAD C:/ST/STM32CubeIDE_1.19.0/STM32CubeIDE/plugins/com.st.stm32cube.ide.mcu.externaltools.gnu-tools-for-stm32.13.3.rel1.win32_1.0.0.202411081344/tools/bin/../lib/gcc/arm-none-eabi/13.3.1/thumb/v8-m.main+fp/hard\libgcc.a
LOAD C:/ST/STM32CubeIDE_1.19.0/STM32CubeIDE/plugins/com.st.stm32cube.ide.mcu.externaltools.gnu-tools-for-stm32.13.3.rel1.win32_1.0.0.202411081344/tools/bin/../lib/gcc/arm-none-eabi/13.3.1/../../../../arm-none-eabi/lib/thumb/v8-m.main+fp/hard\libc_nano.a
LOAD C:/ST/STM32CubeIDE_1.19.0/STM32CubeIDE/plugins/com.st.stm32cube.ide.mcu.externaltools.gnu-tools-for-stm32.13.3.rel1.win32_1.0.0.202411081344/tools/bin/../lib/gcc/arm-none-eabi/13.3.1/../../../../arm-none-eabi/lib/thumb/v8-m.main+fp/hard\libnosys.a
END GROUP
LOAD C:/ST/STM32CubeIDE_1.19.0/STM32CubeIDE/plugins/com.st.stm32cube.ide.mcu.externaltools.gnu-tools-for-stm32.13.3.rel1.win32_1.0.0.202411081344/tools/bin/../lib/gcc/arm-none-eabi/13.3.1/thumb/v8-m.main+fp/hard/crtend.o
LOAD C:/ST/STM32CubeIDE_1.19.0/STM32CubeIDE/plugins/com.st.stm32cube.ide.mcu.externaltools.gnu-tools-for-stm32.13.3.rel1.win32_1.0.0.202411081344/tools/bin/../lib/gcc/arm-none-eabi/13.3.1/thumb/v8-m.main+fp/hard/crtn.o
                0x200a0000                        _estack = (ORIGIN (RAM) + LENGTH (RAM))
                0x00000200                        _Min_Heap_Size = 0x200
                0x00000400                        _Min_Stack_Size = 0x400

.isr_vector     0x08000000      0x24c
                0x08000000                        . = ALIGN (0x4)
 *(.isr_vector)
 .isr_vector    0x08000000      0x24c ./Core/Startup/startup_stm32h563zitx.o
                0x08000000                g_pfnVectors
                0x0800024c                        . = ALIGN (0x4)

.text           0x08000250     0xea30
                0x08000250                        . = ALIGN (0x4)
 *(.text)
 .text          0x08000250       0x40 C:/ST/STM32CubeIDE_1.19.0/STM32CubeIDE/plugins/com.st.stm32cube.ide.mcu.externaltools.gnu-tools-for-stm32.13.3.rel1.win32_1.0.0.202411081344/tools/bin/../lib/gcc/arm-none-eabi/13.3.1/thumb/v8-m.main+fp/hard/crtbegin.o
 .text          0x08000290       0x24 C:/ST/STM32CubeIDE_1.19.0/STM32CubeIDE/plugins/com.st.stm32cube.ide.mcu.externaltools.gnu-tools-for-stm32.13.3.rel1.win32_1.0.0.202411081344/tools/bin/../lib/gcc/arm-none-eabi/13.3.1/../../../../arm-none-eabi/lib/thumb/v8-m.main+fp/hard\libc_nano.a(libc_a-setjmp.o)
                0x08000290                setjmp
                0x080002a0                longjmp
 .text          0x080002b4       0x14 C:/ST/STM32CubeIDE_1.19.0/STM32CubeIDE/plugins/com.st.stm32cube.ide.mcu.externaltools.gnu-tools-for-stm32.13.3.rel1.win32_1.0.0.202411081344/tools/bin/../lib/gcc/arm-none-eabi/13.3.1/../../../../arm-none-eabi/lib/thumb/v8-m.main+fp/hard\libc_nano.a(libc_a-strcmp.o)
                0x080002b4                strcmp
 .text          0x080002c8       0x30 C:/ST/STM32CubeIDE_1.19.0/STM32CubeIDE/plugins/com.st.stm32cube.ide.mcu.externaltools.gnu-tools-for-stm32.13.3.rel1.win32_1.0.0.202411081344/tools/bin/../lib/gcc/arm-none-eabi/13.3.1/thumb/v8-m.main+fp/hard\libgcc.a(_aeabi_uldivmod.o)
                0x080002c8                __aeabi_uldivmod
 .text          0x080002f8      0x348 C:/ST/STM32CubeIDE_1.19.0/STM32CubeIDE/plugins/com.st.stm32cube.ide.mcu.externaltools.gnu-tools-for-stm32.13.3.rel1.win32_1.0.0.202411081344/tools/bin/../lib/gcc/arm-none-eabi/13.3.1/thumb/v8-m.main+fp/hard\libgcc.a(_udivmoddi4.o)
                0x080002f8                __udivmoddi4
 .text          0x08000640      0xa60 C:/ST/STM32CubeIDE_1.19.0/STM32CubeIDE/plugins/com.st.stm32cube.ide.mcu.externaltools.gnu-tools-for-stm32.13.3.rel1.win32_1.0.0.202411081344/tools/bin/../lib/gcc/arm-none-eabi/13.3.1/thumb/v8-m.main+fp/hard\libgcc.a(unwind-arm.o)
                0x08000900                _Unwind_GetCFA
                0x08000904                __gnu_Unwind_RaiseException
                0x0800096c                __gnu_Unwind_ForcedUnwind
                0x08000980                __gnu_Unwind_Resume
                0x080009c4                __gnu_Unwind_Resume_or_Rethrow
                0x080009d8                _Unwind_Complete
                0x080009dc                _Unwind_DeleteException
                0x080009e8                _Unwind_VRS_Get
                0x08000a34                _Unwind_VRS_Set
                0x08000a80                __gnu_Unwind_Backtrace
                0x08000dac                __aeabi_unwind_cpp_pr0
                0x08000db0                __aeabi_unwind_cpp_pr1
                0x08000db4                __aeabi_unwind_cpp_pr2
                0x08000db8                _Unwind_VRS_Pop
 .text          0x080010a0      0x1ac C:/ST/STM32CubeIDE_1.19.0/STM32CubeIDE/plugins/com.st.stm32cube.ide.mcu.externaltools.gnu-tools-for-stm32.13.3.rel1.win32_1.0.0.202411081344/tools/bin/../lib/gcc/arm-none-eabi/13.3.1/thumb/v8-m.main+fp/hard\libgcc.a(libunwind.o)
                0x080010a0                __restore_core_regs
                0x080010a0                restore_core_regs
                0x080010b8                __gnu_Unwind_Restore_VFP
                0x080010c0                __gnu_Unwind_Save_VFP
                0x080010c8                __gnu_Unwind_Restore_VFP_D
                0x080010d0                __gnu_Unwind_Save_VFP_D
                0x080010d8                __gnu_Unwind_Restore_VFP_D_16_to_31
                0x080010e0                __gnu_Unwind_Save_VFP_D_16_to_31
                0x080010e8                __gnu_Unwind_Restore_WMMXD
                0x0800112c                __gnu_Unwind_Save_WMMXD
                0x08001170                __gnu_Unwind_Restore_WMMXC
                0x08001184                __gnu_Unwind_Save_WMMXC
                0x08001198                ___Unwind_RaiseException
                0x08001198                _Unwind_RaiseException
                0x080011bc                _Unwind_Resume
                0x080011bc                ___Unwind_Resume
                0x080011e0                _Unwind_Resume_or_Rethrow
                0x080011e0                ___Unwind_Resume_or_Rethrow
                0x08001204                _Unwind_ForcedUnwind
                0x08001204                ___Unwind_ForcedUnwind
                0x08001228                ___Unwind_Backtrace
                0x08001228                _Unwind_Backtrace
 .text          0x0800124c      0x3a4 C:/ST/STM32CubeIDE_1.19.0/STM32CubeIDE/plugins/com.st.stm32cube.ide.mcu.externaltools.gnu-tools-for-stm32.13.3.rel1.win32_1.0.0.202411081344/tools/bin/../lib/gcc/arm-none-eabi/13.3.1/thumb/v8-m.main+fp/hard\libgcc.a(pr-support.o)
                0x080012a4                __gnu_unwind_execute
                0x080015a4                __gnu_unwind_frame
                0x080015d0                _Unwind_GetRegionStart
                0x080015dc                _Unwind_GetLanguageSpecificData
 .text          0x080015f0        0x4 C:/ST/STM32CubeIDE_1.19.0/STM32CubeIDE/plugins/com.st.stm32cube.ide.mcu.externaltools.gnu-tools-for-stm32.13.3.rel1.win32_1.0.0.202411081344/tools/bin/../lib/gcc/arm-none-eabi/13.3.1/thumb/v8-m.main+fp/hard\libgcc.a(_dvmd_tls.o)
                0x080015f0                __aeabi_idiv0
                0x080015f0                __aeabi_ldiv0
 *(.text*)
 .text.ILI9341_Select
                0x080015f4       0x18 ./Core/Src/ILI9341.o
 .text.ILI9341_Deselect
                0x0800160c       0x18 ./Core/Src/ILI9341.o
 .text.ILI9341_Reset
                0x08001624       0x2c ./Core/Src/ILI9341.o
 .text.ILI9341_WriteCommand
                0x08001650       0x34 ./Core/Src/ILI9341.o
 .text.ILI9341_WriteData
                0x08001684       0x34 ./Core/Src/ILI9341.o
 .text.ILI9341_Init
                0x080016b8      0x280 ./Core/Src/ILI9341.o
                0x080016b8                ILI9341_Init
 .text.ILI9341_SetAddressWindow
                0x08001938       0x94 ./Core/Src/ILI9341.o
                0x08001938                ILI9341_SetAddressWindow
 .text.ILI9341_FillRect
                0x080019cc      0x124 ./Core/Src/ILI9341.o
                0x080019cc                ILI9341_FillRect
 .text.ILI9341_FillScreen
                0x08001af0       0x24 ./Core/Src/ILI9341.o
                0x08001af0                ILI9341_FillScreen
 .text.ILI9341_DrawChar
                0x08001b14      0x250 ./Core/Src/ILI9341.o
                0x08001b14                ILI9341_DrawChar
 .text.ILI9341_DrawString
                0x08001d64       0x82 ./Core/Src/ILI9341.o
                0x08001d64                ILI9341_DrawString
 *fill*         0x08001de6        0x2 
 .text.WriteReg
                0x08001de8       0x38 ./Core/Src/SI5351.o
 .text.WriteBlock
                0x08001e20       0x4c ./Core/Src/SI5351.o
 .text.SI5351_Init
                0x08001e6c       0x18 ./Core/Src/SI5351.o
                0x08001e6c                SI5351_Init
 .text.SI5351_OutputEnable
                0x08001e84       0x68 ./Core/Src/SI5351.o
                0x08001e84                SI5351_OutputEnable
 *fill*         0x08001eec        0x4 
 .text.SI5351_SetFrequency
                0x08001ef0      0x3ac ./Core/Src/SI5351.o
                0x08001ef0                SI5351_SetFrequency
 .text.SN76489_Init
                0x0800229c       0x48 ./Core/Src/SN76489.o
                0x0800229c                SN76489_Init
 .text.SN76489_Write
                0x080022e4       0x90 ./Core/Src/SN76489.o
                0x080022e4                SN76489_Write
 .text.SN76489_GetAttenuation
                0x08002374       0x2c ./Core/Src/SN76489.o
                0x08002374                SN76489_GetAttenuation
 .text.SN76489_MuteAll
                0x080023a0       0x20 ./Core/Src/SN76489.o
                0x080023a0                SN76489_MuteAll
 .text.SN76489_UnmuteAll
                0x080023c0       0x20 ./Core/Src/SN76489.o
                0x080023c0                SN76489_UnmuteAll
 .text.YM2151_SetMasterClockHz
                0x080023e0       0x24 ./Core/Src/YM2151.o
                0x080023e0                YM2151_SetMasterClockHz
 .text.YM2151_Init
                0x08002404       0x88 ./Core/Src/YM2151.o
                0x08002404                YM2151_Init
 .text.YM2151_SetPins
                0x0800248c       0x2c ./Core/Src/YM2151.o
                0x0800248c                YM2151_SetPins
 .text.YM2151_Write
                0x080024b8      0x1d0 ./Core/Src/YM2151.o
                0x080024b8                YM2151_Write
 .text.YM2151_GetKeyOn
                0x08002688       0x2c ./Core/Src/YM2151.o
                0x08002688                YM2151_GetKeyOn
 .text.YM2151_Mute_KeyOff
                0x080026b4       0x32 ./Core/Src/YM2151.o
                0x080026b4                YM2151_Mute_KeyOff
 *fill*         0x080026e6        0x2 
 .text.YM2151_Mute_TotalLevel
                0x080026e8       0x3c ./Core/Src/YM2151.o
                0x080026e8                YM2151_Mute_TotalLevel
 .text.YM2151_Mute_OutputDisable
                0x08002724       0x40 ./Core/Src/YM2151.o
                0x08002724                YM2151_Mute_OutputDisable
 .text.YM_System_All_Mute
                0x08002764       0x10 ./Core/Src/YM2151.o
                0x08002764                YM_System_All_Mute
 .text.YM2151_Unmute_TotalLevel
                0x08002774       0x3c ./Core/Src/YM2151.o
                0x08002774                YM2151_Unmute_TotalLevel
 .text.YM2151_Unmute_OutputEnable
                0x080027b0       0x40 ./Core/Src/YM2151.o
                0x080027b0                YM2151_Unmute_OutputEnable
 .text.YM_System_All_Unmute
                0x080027f0       0x10 ./Core/Src/YM2151.o
                0x080027f0                YM_System_All_Unmute
 .text.ru16     0x08002800       0x2c ./Core/Src/fat32.o
 .text.ru32     0x0800282c       0x38 ./Core/Src/fat32.o
 .text.cluster_lba
                0x08002864       0x30 ./Core/Src/fat32.o
 .text.next_cluster
                0x08002894       0x58 ./Core/Src/fat32.o
 .text.FAT32_Init
                0x080028ec      0x118 ./Core/Src/fat32.o
                0x080028ec                FAT32_Init
 .text.from_83  0x08002a04       0xa6 ./Core/Src/fat32.o
 *fill*         0x08002aaa        0x2 
 .text.FAT32_FindFileByIndex
                0x08002aac      0x124 ./Core/Src/fat32.o
                0x08002aac                FAT32_FindFileByIndex
 .text.FAT32_CacheAllNames
                0x08002bd0      0x100 ./Core/Src/fat32.o
                0x08002bd0                FAT32_CacheAllNames
 .text.FAT32_CountFiles
                0x08002cd0       0xcc ./Core/Src/fat32.o
                0x08002cd0                FAT32_CountFiles
 .text.FAT32_ReadBytes
                0x08002d9c      0x118 ./Core/Src/fat32.o
                0x08002d9c                FAT32_ReadBytes
 .text.main     0x08002eb4      0x5cc ./Core/Src/main.o
                0x08002eb4                main
 .text.SystemClock_Config
                0x08003480       0xc8 ./Core/Src/main.o
                0x08003480                SystemClock_Config
 .text.PeriphCommonClock_Config
                0x08003548       0xe2 ./Core/Src/main.o
                0x08003548                PeriphCommonClock_Config
 *fill*         0x0800362a        0x2 
 .text.MX_DAC1_Init
                0x0800362c       0x84 ./Core/Src/main.o
 .text.MX_I2C1_Init
                0x080036b0       0x80 ./Core/Src/main.o
 .text.MX_ICACHE_Init
                0x08003730       0x26 ./Core/Src/main.o
 *fill*         0x08003756        0x2 
 .text.MX_SPI1_Init
                0x08003758       0xac ./Core/Src/main.o
 .text.MX_SPI2_Init
                0x08003804       0xac ./Core/Src/main.o
 .text.MX_TIM2_Init
                0x080038b0       0x9c ./Core/Src/main.o
 .text.MX_TIM3_Init
                0x0800394c       0xac ./Core/Src/main.o
 .text.MX_TIM4_Init
                0x080039f8       0x9c ./Core/Src/main.o
 .text.MX_GPIO_Init
                0x08003a94      0x318 ./Core/Src/main.o
 .text.Error_Handler
                0x08003dac        0xc ./Core/Src/main.o
                0x08003dac                Error_Handler
 .text.rom_read
                0x08003db8       0x7c ./Core/Src/msm6295.o
 .text.decode_nibble
                0x08003e34       0xec ./Core/Src/msm6295.o
 .text.channel_start
                0x08003f20      0x100 ./Core/Src/msm6295.o
 .text.MSM6295_GetChannelPlaying
                0x08004020       0x38 ./Core/Src/msm6295.o
                0x08004020                MSM6295_GetChannelPlaying
 .text.MSM6295_Init
                0x08004058       0x54 ./Core/Src/msm6295.o
                0x08004058                MSM6295_Init
 .text.MSM6295_LoadROM
                0x080040ac       0x88 ./Core/Src/msm6295.o
                0x080040ac                MSM6295_LoadROM
 .text.MSM6295_Write
                0x08004134       0xd4 ./Core/Src/msm6295.o
                0x08004134                MSM6295_Write
 .text.MSM6295_Update
                0x08004208      0x12c ./Core/Src/msm6295.o
                0x08004208                MSM6295_Update
 .text.bits     0x08004334       0x8e ./Core/Src/puff.o
 .text.stored   0x080043c2      0x11e ./Core/Src/puff.o
 .text.decode   0x080044e0      0x108 ./Core/Src/puff.o
 .text.construct
                0x080045e8      0x166 ./Core/Src/puff.o
 *fill*         0x0800474e        0x2 
 .text.codes    0x08004750      0x158 ./Core/Src/puff.o
 .text.fixed    0x080048a8      0x160 ./Core/Src/puff.o
 .text.dynamic  0x08004a08      0x36c ./Core/Src/puff.o
 .text.puff     0x08004d74       0xee ./Core/Src/puff.o
                0x08004d74                puff
 *fill*         0x08004e62        0x2 
 .text.spi_set_prescaler
                0x08004e64       0x20 ./Core/Src/sd_spi.o
 .text.spi_byte
                0x08004e84       0x44 ./Core/Src/sd_spi.o
 .text.spi_read_buf
                0x08004ec8       0x30 ./Core/Src/sd_spi.o
 .text.sd_cmd   0x08004ef8       0x9e ./Core/Src/sd_spi.o
 *fill*         0x08004f96        0x2 
 .text.SD_Init  0x08004f98      0x338 ./Core/Src/sd_spi.o
                0x08004f98                SD_Init
 .text.SD_ReadBlock
                0x080052d0       0xe4 ./Core/Src/sd_spi.o
                0x080052d0                SD_ReadBlock
 .text.next_rand
                0x080053b4       0x44 ./Core/Src/shuffle.o
 .text.build_bag
                0x080053f8      0x110 ./Core/Src/shuffle.o
 .text.Shuffle_SetEnabled
                0x08005508       0x3c ./Core/Src/shuffle.o
                0x08005508                Shuffle_SetEnabled
 .text.Shuffle_IsEnabled
                0x08005544       0x18 ./Core/Src/shuffle.o
                0x08005544                Shuffle_IsEnabled
 .text.Shuffle_Reseed
                0x0800555c       0x16 ./Core/Src/shuffle.o
                0x0800555c                Shuffle_Reseed
 *fill*         0x08005572        0x2 
 .text.Shuffle_Next
                0x08005574       0x48 ./Core/Src/shuffle.o
                0x08005574                Shuffle_Next
 .text.Shuffle_Prev
                0x080055bc       0x4c ./Core/Src/shuffle.o
                0x080055bc                Shuffle_Prev
 .text.HAL_MspInit
                0x08005608        0xe ./Core/Src/stm32h5xx_hal_msp.o
                0x08005608                HAL_MspInit
 *fill*         0x08005616        0x2 
 .text.HAL_DAC_MspInit
                0x08005618      0x110 ./Core/Src/stm32h5xx_hal_msp.o
                0x08005618                HAL_DAC_MspInit
 .text.HAL_I2C_MspInit
                0x08005728      0x11c ./Core/Src/stm32h5xx_hal_msp.o
                0x08005728                HAL_I2C_MspInit
 .text.HAL_SPI_MspInit
                0x08005844      0x1ac ./Core/Src/stm32h5xx_hal_msp.o
                0x08005844                HAL_SPI_MspInit
 .text.HAL_TIM_Base_MspInit
                0x080059f0       0x8c ./Core/Src/stm32h5xx_hal_msp.o
                0x080059f0                HAL_TIM_Base_MspInit
 .text.HAL_TIM_Encoder_MspInit
                0x08005a7c       0x94 ./Core/Src/stm32h5xx_hal_msp.o
                0x08005a7c                HAL_TIM_Encoder_MspInit
 .text.NMI_Handler
                0x08005b10        0x8 ./Core/Src/stm32h5xx_it.o
                0x08005b10                NMI_Handler
 .text.HardFault_Handler
                0x08005b18        0x8 ./Core/Src/stm32h5xx_it.o
                0x08005b18                HardFault_Handler
 .text.MemManage_Handler
                0x08005b20        0x8 ./Core/Src/stm32h5xx_it.o
                0x08005b20                MemManage_Handler
 .text.BusFault_Handler
                0x08005b28        0x8 ./Core/Src/stm32h5xx_it.o
                0x08005b28                BusFault_Handler
 .text.UsageFault_Handler
                0x08005b30        0x8 ./Core/Src/stm32h5xx_it.o
                0x08005b30                UsageFault_Handler
 .text.SVC_Handler
                0x08005b38        0xe ./Core/Src/stm32h5xx_it.o
                0x08005b38                SVC_Handler
 .text.DebugMon_Handler
                0x08005b46        0xe ./Core/Src/stm32h5xx_it.o
                0x08005b46                DebugMon_Handler
 .text.PendSV_Handler
                0x08005b54        0xe ./Core/Src/stm32h5xx_it.o
                0x08005b54                PendSV_Handler
 .text.SysTick_Handler
                0x08005b62        0xc ./Core/Src/stm32h5xx_it.o
                0x08005b62                SysTick_Handler
 *fill*         0x08005b6e        0x2 
 .text.EXTI0_IRQHandler
                0x08005b70       0x38 ./Core/Src/stm32h5xx_it.o
                0x08005b70                EXTI0_IRQHandler
 .text.EXTI7_IRQHandler
                0x08005ba8       0x38 ./Core/Src/stm32h5xx_it.o
                0x08005ba8                EXTI7_IRQHandler
 .text.EXTI10_IRQHandler
                0x08005be0       0x38 ./Core/Src/stm32h5xx_it.o
                0x08005be0                EXTI10_IRQHandler
 .text.EXTI12_IRQHandler
                0x08005c18       0x38 ./Core/Src/stm32h5xx_it.o
                0x08005c18                EXTI12_IRQHandler
 .text.EXTI14_IRQHandler
                0x08005c50       0x48 ./Core/Src/stm32h5xx_it.o
                0x08005c50                EXTI14_IRQHandler
 .text.TIM2_IRQHandler
                0x08005c98       0x18 ./Core/Src/stm32h5xx_it.o
                0x08005c98                TIM2_IRQHandler
 .text.TIM4_IRQHandler
                0x08005cb0       0x40 ./Core/Src/stm32h5xx_it.o
                0x08005cb0                TIM4_IRQHandler
 .text.Storage_Init
                0x08005cf0       0x34 ./Core/Src/storage.o
                0x08005cf0                Storage_Init
 .text.Storage_GetLastSongIndex
                0x08005d24       0x18 ./Core/Src/storage.o
                0x08005d24                Storage_GetLastSongIndex
 .text.Storage_SaveLastSongIndex
                0x08005d3c       0x94 ./Core/Src/storage.o
                0x08005d3c                Storage_SaveLastSongIndex
 .text._getpid  0x08005dd0       0x10 ./Core/Src/syscalls.o
                0x08005dd0                _getpid
 .text._kill    0x08005de0       0x20 ./Core/Src/syscalls.o
                0x08005de0                _kill
 .text._exit    0x08005e00       0x16 ./Core/Src/syscalls.o
                0x08005e00                _exit
 *fill*         0x08005e16        0x2 
 .text._sbrk    0x08005e18       0x6c ./Core/Src/sysmem.o
                0x08005e18                _sbrk
 .text.SystemInit
                0x08005e84       0xf8 ./Core/Src/system_stm32h5xx.o
                0x08005e84                SystemInit
 .text.UI_Init  0x08005f7c       0xd4 ./Core/Src/ui.o
                0x08005f7c                UI_Init
 .text.draw_progress_bar
                0x08006050      0x196 ./Core/Src/ui.o
 *fill*         0x080061e6        0x2 
 .text.draw_activity
                0x080061e8      0x1c0 ./Core/Src/ui.o
 .text.UI_Update
                0x080063a8      0x358 ./Core/Src/ui.o
                0x080063a8                UI_Update
 .text.UI_GetMode
                0x08006700       0x18 ./Core/Src/ui.o
                0x08006700                UI_GetMode
 .text.UI_GetSelectedIndex
                0x08006718       0x18 ./Core/Src/ui.o
                0x08006718                UI_GetSelectedIndex
 .text.draw_list_row
                0x08006730       0x90 ./Core/Src/ui.o
 .text.draw_full_page
                0x080067c0       0x7c ./Core/Src/ui.o
 .text.UI_EnterFileList
                0x0800683c       0x6c ./Core/Src/ui.o
                0x0800683c                UI_EnterFileList
 .text.UI_ExitFileList
                0x080068a8       0x18 ./Core/Src/ui.o
                0x080068a8                UI_ExitFileList
 .text.UI_MoveCursor
                0x080068c0       0xec ./Core/Src/ui.o
                0x080068c0                UI_MoveCursor
 .text.UI_MoveCursorByPage
                0x080069ac       0xa4 ./Core/Src/ui.o
                0x080069ac                UI_MoveCursorByPage
 .text.read_u32_le
                0x08006a50       0x38 ./Core/Src/vgm.o
 .text.VGM_LoadFromSD
                0x08006a88      0x100 ./Core/Src/vgm.o
                0x08006a88                VGM_LoadFromSD
 .text.VGM_ParseHeader
                0x08006b88      0x1b4 ./Core/Src/vgm.o
                0x08006b88                VGM_ParseHeader
 .text.VGM_IsSN76489Active
                0x08006d3c       0x20 ./Core/Src/vgm.o
                0x08006d3c                VGM_IsSN76489Active
 .text.VGM_IsYM2151Active
                0x08006d5c       0x20 ./Core/Src/vgm.o
                0x08006d5c                VGM_IsYM2151Active
 .text.VGM_Init
                0x08006d7c       0x34 ./Core/Src/vgm.o
                0x08006d7c                VGM_Init
 .text.VGM_TrackFinished
                0x08006db0       0x28 ./Core/Src/vgm.o
                0x08006db0                VGM_TrackFinished
 .text.VGM_IsLoopModeOn
                0x08006dd8       0x20 ./Core/Src/vgm.o
                0x08006dd8                VGM_IsLoopModeOn
 .text.VGM_SetLoopMode
                0x08006df8       0x2c ./Core/Src/vgm.o
                0x08006df8                VGM_SetLoopMode
 .text.VGM_GetElapsedSeconds
                0x08006e24       0x24 ./Core/Src/vgm.o
                0x08006e24                VGM_GetElapsedSeconds
 .text.VGM_GetTotalSeconds
                0x08006e48       0x24 ./Core/Src/vgm.o
                0x08006e48                VGM_GetTotalSeconds
 .text.VGM_HasLoopPoint
                0x08006e6c       0x20 ./Core/Src/vgm.o
                0x08006e6c                VGM_HasLoopPoint
 .text.VGM_GetLoopStartSeconds
                0x08006e8c       0x40 ./Core/Src/vgm.o
                0x08006e8c                VGM_GetLoopStartSeconds
 .text.VGM_GetTrackTitle
                0x08006ecc      0x11c ./Core/Src/vgm.o
                0x08006ecc                VGM_GetTrackTitle
 .text.VGM_Update
                0x08006fe8      0x4e4 ./Core/Src/vgm.o
                0x08006fe8                VGM_Update
 .text.VGZ_IsGzip
                0x080074cc       0x34 ./Core/Src/vgz.o
                0x080074cc                VGZ_IsGzip
 .text.VGZ_Inflate
                0x08007500      0x152 ./Core/Src/vgz.o
                0x08007500                VGZ_Inflate
 *fill*         0x08007652        0x2 
 .text.Reset_Handler
                0x08007654       0x50 ./Core/Startup/startup_stm32h563zitx.o
                0x08007654                Reset_Handler
 .text.Default_Handler
                0x080076a4        0x2 ./Core/Startup/startup_stm32h563zitx.o
                0x080076a4                EXTI2_IRQHandler
                0x080076a4                TIM8_TRG_COM_IRQHandler
                0x080076a4                TIM8_CC_IRQHandler
                0x080076a4                EXTI5_IRQHandler
                0x080076a4                I3C1_ER_IRQHandler
                0x080076a4                UART8_IRQHandler
                0x080076a4                SPI4_IRQHandler
                0x080076a4                GPDMA2_Channel1_IRQHandler
                0x080076a4                FLASH_S_IRQHandler
                0x080076a4                EXTI13_IRQHandler
                0x080076a4                TIM1_CC_IRQHandler
                0x080076a4                GPDMA2_Channel3_IRQHandler
                0x080076a4                TAMP_IRQHandler
                0x080076a4                TIM6_IRQHandler
                0x080076a4                CORDIC_IRQHandler
                0x080076a4                USB_DRD_FS_IRQHandler
                0x080076a4                EXTI3_IRQHandler
                0x080076a4                LPTIM4_IRQHandler
                0x080076a4                GPDMA1_Channel5_IRQHandler
                0x080076a4                EXTI8_IRQHandler
                0x080076a4                GPDMA2_Channel5_IRQHandler
                0x080076a4                LPTIM2_IRQHandler
                0x080076a4                I2C3_ER_IRQHandler
                0x080076a4                GPDMA2_Channel2_IRQHandler
                0x080076a4                USART10_IRQHandler
                0x080076a4                LPTIM3_IRQHandler
                0x080076a4                I2C2_EV_IRQHandler
                0x080076a4                FPU_IRQHandler
                0x080076a4                GPDMA1_Channel3_IRQHandler
                0x080076a4                GPDMA1_Channel7_IRQHandler
                0x080076a4                FDCAN1_IT1_IRQHandler
                0x080076a4                RAMCFG_IRQHandler
                0x080076a4                DCACHE1_IRQHandler
                0x080076a4                SPI1_IRQHandler
                0x080076a4                OCTOSPI1_IRQHandler
                0x080076a4                GPDMA1_Channel2_IRQHandler
                0x080076a4                TIM8_UP_IRQHandler
                0x080076a4                RCC_S_IRQHandler
                0x080076a4                SAI2_IRQHandler
                0x080076a4                ADC1_IRQHandler
                0x080076a4                USART6_IRQHandler
                0x080076a4                EXTI15_IRQHandler
                0x080076a4                TIM17_IRQHandler
                0x080076a4                USART3_IRQHandler
                0x080076a4                RTC_IRQHandler
                0x080076a4                EXTI9_IRQHandler
                0x080076a4                LPTIM5_IRQHandler
                0x080076a4                UART5_IRQHandler
                0x080076a4                I2C1_EV_IRQHandler
                0x080076a4                GPDMA1_Channel1_IRQHandler
                0x080076a4                TIM16_IRQHandler
                0x080076a4                UART4_IRQHandler
                0x080076a4                SecureFault_Handler
                0x080076a4                TIM3_IRQHandler
                0x080076a4                RCC_IRQHandler
                0x080076a4                UART9_IRQHandler
                0x080076a4                TIM1_TRG_COM_IRQHandler
                0x080076a4                Default_Handler
                0x080076a4                FMAC_IRQHandler
                0x080076a4                CEC_IRQHandler
                0x080076a4                USART11_IRQHandler
                0x080076a4                TIM14_IRQHandler
                0x080076a4                TIM13_IRQHandler
                0x080076a4                GPDMA2_Channel4_IRQHandler
                0x080076a4                SPI5_IRQHandler
                0x080076a4                TIM12_IRQHandler
                0x080076a4                TIM7_IRQHandler
                0x080076a4                SDMMC1_IRQHandler
                0x080076a4                TIM5_IRQHandler
                0x080076a4                UCPD1_IRQHandler
                0x080076a4                GPDMA1_Channel0_IRQHandler
                0x080076a4                I3C1_EV_IRQHandler
                0x080076a4                TIM15_IRQHandler
                0x080076a4                PVD_AVD_IRQHandler
                0x080076a4                I2C3_EV_IRQHandler
                0x080076a4                ETH_WKUP_IRQHandler
                0x080076a4                ADC2_IRQHandler
                0x080076a4                SPI2_IRQHandler
                0x080076a4                EXTI11_IRQHandler
                0x080076a4                CRS_IRQHandler
                0x080076a4                EXTI4_IRQHandler
                0x080076a4                GPDMA2_Channel0_IRQHandler
                0x080076a4                RTC_S_IRQHandler
                0x080076a4                RNG_IRQHandler
                0x080076a4                FDCAN2_IT1_IRQHandler
                0x080076a4                ETH_IRQHandler
                0x080076a4                GPDMA2_Channel6_IRQHandler
                0x080076a4                TIM1_UP_IRQHandler
                0x080076a4                UART12_IRQHandler
                0x080076a4                WWDG_IRQHandler
                0x080076a4                SPI6_IRQHandler
                0x080076a4                I2C4_EV_IRQHandler
                0x080076a4                FDCAN2_IT0_IRQHandler
                0x080076a4                IWDG_IRQHandler
                0x080076a4                LPUART1_IRQHandler
                0x080076a4                FDCAN1_IT0_IRQHandler
                0x080076a4                GPDMA1_Channel4_IRQHandler
                0x080076a4                TIM1_BRK_IRQHandler
                0x080076a4                EXTI1_IRQHandler
                0x080076a4                SDMMC2_IRQHandler
                0x080076a4                LPTIM6_IRQHandler
                0x080076a4                DAC1_IRQHandler
                0x080076a4                DTS_IRQHandler
                0x080076a4                UART7_IRQHandler
                0x080076a4                GTZC_IRQHandler
                0x080076a4                USART2_IRQHandler
                0x080076a4                GPDMA1_Channel6_IRQHandler
                0x080076a4                GPDMA2_Channel7_IRQHandler
                0x080076a4                I2C2_ER_IRQHandler
                0x080076a4                TIM8_BRK_IRQHandler
                0x080076a4                FLASH_IRQHandler
                0x080076a4                USART1_IRQHandler
                0x080076a4                SPI3_IRQHandler
                0x080076a4                I2C1_ER_IRQHandler
                0x080076a4                FMC_IRQHandler
                0x080076a4                EXTI6_IRQHandler
                0x080076a4                LPTIM1_IRQHandler
                0x080076a4                DCMI_PSSI_IRQHandler
                0x080076a4                I2C4_ER_IRQHandler
                0x080076a4                ICACHE_IRQHandler
                0x080076a4                SAI1_IRQHandler
                0x080076a4                HASH_IRQHandler
 *fill*         0x080076a6        0x2 
 .text.HAL_Init
                0x080076a8       0x50 ./Drivers/STM32H5xx_HAL_Driver/Src/stm32h5xx_hal.o
                0x080076a8                HAL_Init
 .text.HAL_InitTick
                0x080076f8       0xec ./Drivers/STM32H5xx_HAL_Driver/Src/stm32h5xx_hal.o
                0x080076f8                HAL_InitTick
 .text.HAL_IncTick
                0x080077e4       0x28 ./Drivers/STM32H5xx_HAL_Driver/Src/stm32h5xx_hal.o
                0x080077e4                HAL_IncTick
 .text.HAL_GetTick
                0x0800780c       0x18 ./Drivers/STM32H5xx_HAL_Driver/Src/stm32h5xx_hal.o
                0x0800780c                HAL_GetTick
 .text.HAL_Delay
                0x08007824       0x48 ./Drivers/STM32H5xx_HAL_Driver/Src/stm32h5xx_hal.o
                0x08007824                HAL_Delay
 .text.__NVIC_SetPriorityGrouping
                0x0800786c       0x48 ./Drivers/STM32H5xx_HAL_Driver/Src/stm32h5xx_hal_cortex.o
 .text.__NVIC_GetPriorityGrouping
                0x080078b4       0x1c ./Drivers/STM32H5xx_HAL_Driver/Src/stm32h5xx_hal_cortex.o
 .text.__NVIC_EnableIRQ
                0x080078d0       0x3c ./Drivers/STM32H5xx_HAL_Driver/Src/stm32h5xx_hal_cortex.o
 .text.__NVIC_SetPriority
                0x0800790c       0x54 ./Drivers/STM32H5xx_HAL_Driver/Src/stm32h5xx_hal_cortex.o
 .text.NVIC_EncodePriority
                0x08007960       0x66 ./Drivers/STM32H5xx_HAL_Driver/Src/stm32h5xx_hal_cortex.o
 .text.HAL_NVIC_SetPriorityGrouping
                0x080079c6       0x16 ./Drivers/STM32H5xx_HAL_Driver/Src/stm32h5xx_hal_cortex.o
                0x080079c6                HAL_NVIC_SetPriorityGrouping
 .text.HAL_NVIC_SetPriority
                0x080079dc       0x34 ./Drivers/STM32H5xx_HAL_Driver/Src/stm32h5xx_hal_cortex.o
                0x080079dc                HAL_NVIC_SetPriority
 .text.HAL_NVIC_EnableIRQ
                0x08007a10       0x1c ./Drivers/STM32H5xx_HAL_Driver/Src/stm32h5xx_hal_cortex.o
                0x08007a10                HAL_NVIC_EnableIRQ
 .text.HAL_SYSTICK_Config
                0x08007a2c       0x44 ./Drivers/STM32H5xx_HAL_Driver/Src/stm32h5xx_hal_cortex.o
                0x08007a2c                HAL_SYSTICK_Config
 .text.HAL_SYSTICK_CLKSourceConfig
                0x08007a70       0xb0 ./Drivers/STM32H5xx_HAL_Driver/Src/stm32h5xx_hal_cortex.o
                0x08007a70                HAL_SYSTICK_CLKSourceConfig
 .text.HAL_SYSTICK_GetCLKSourceConfig
                0x08007b20       0x6c ./Drivers/STM32H5xx_HAL_Driver/Src/stm32h5xx_hal_cortex.o
                0x08007b20                HAL_SYSTICK_GetCLKSourceConfig
 .text.HAL_DAC_Init
                0x08007b8c       0x44 ./Drivers/STM32H5xx_HAL_Driver/Src/stm32h5xx_hal_dac.o
                0x08007b8c                HAL_DAC_Init
 .text.HAL_DAC_Start
                0x08007bd0       0xd8 ./Drivers/STM32H5xx_HAL_Driver/Src/stm32h5xx_hal_dac.o
                0x08007bd0                HAL_DAC_Start
 .text.HAL_DAC_ConfigChannel
                0x08007ca8      0x32c ./Drivers/STM32H5xx_HAL_Driver/Src/stm32h5xx_hal_dac.o
                0x08007ca8                HAL_DAC_ConfigChannel
 .text.HAL_FLASH_Program
                0x08007fd4       0xf0 ./Drivers/STM32H5xx_HAL_Driver/Src/stm32h5xx_hal_flash.o
                0x08007fd4                HAL_FLASH_Program
 .text.HAL_FLASH_Unlock
                0x080080c4       0x4c ./Drivers/STM32H5xx_HAL_Driver/Src/stm32h5xx_hal_flash.o
                0x080080c4                HAL_FLASH_Unlock
 .text.HAL_FLASH_Lock
                0x08008110       0x38 ./Drivers/STM32H5xx_HAL_Driver/Src/stm32h5xx_hal_flash.o
                0x08008110                HAL_FLASH_Lock
 .text.FLASH_WaitForLastOperation
                0x08008148       0x9c ./Drivers/STM32H5xx_HAL_Driver/Src/stm32h5xx_hal_flash.o
                0x08008148                FLASH_WaitForLastOperation
 .text.FLASH_Program_QuadWord
                0x080081e4       0x78 ./Drivers/STM32H5xx_HAL_Driver/Src/stm32h5xx_hal_flash.o
 .text.FLASH_Program_QuadWord_OBK
                0x0800825c       0x98 ./Drivers/STM32H5xx_HAL_Driver/Src/stm32h5xx_hal_flash.o
 .text.FLASH_Program_HalfWord
                0x080082f4       0x34 ./Drivers/STM32H5xx_HAL_Driver/Src/stm32h5xx_hal_flash.o
 .text.FLASH_Program_Word
                0x08008328       0x34 ./Drivers/STM32H5xx_HAL_Driver/Src/stm32h5xx_hal_flash.o
 .text.HAL_FLASHEx_Erase
                0x0800835c      0x100 ./Drivers/STM32H5xx_HAL_Driver/Src/stm32h5xx_hal_flash_ex.o
                0x0800835c                HAL_FLASHEx_Erase
 .text.FLASH_MassErase
                0x0800845c       0x70 ./Drivers/STM32H5xx_HAL_Driver/Src/stm32h5xx_hal_flash_ex.o
 .text.FLASH_Erase_Sector
                0x080084cc       0x70 ./Drivers/STM32H5xx_HAL_Driver/Src/stm32h5xx_hal_flash_ex.o
                0x080084cc                FLASH_Erase_Sector
 .text.FLASH_OBKErase
                0x0800853c       0x28 ./Drivers/STM32H5xx_HAL_Driver/Src/stm32h5xx_hal_flash_ex.o
 .text.HAL_GPIO_Init
                0x08008564      0x2bc ./Drivers/STM32H5xx_HAL_Driver/Src/stm32h5xx_hal_gpio.o
                0x08008564                HAL_GPIO_Init
 .text.HAL_GPIO_ReadPin
                0x08008820       0x30 ./Drivers/STM32H5xx_HAL_Driver/Src/stm32h5xx_hal_gpio.o
                0x08008820                HAL_GPIO_ReadPin
 .text.HAL_GPIO_WritePin
                0x08008850       0x30 ./Drivers/STM32H5xx_HAL_Driver/Src/stm32h5xx_hal_gpio.o
                0x08008850                HAL_GPIO_WritePin
 .text.HAL_GPIO_EXTI_IRQHandler
                0x08008880       0x4c ./Drivers/STM32H5xx_HAL_Driver/Src/stm32h5xx_hal_gpio.o
                0x08008880                HAL_GPIO_EXTI_IRQHandler
 .text.HAL_GPIO_EXTI_Rising_Callback
                0x080088cc       0x16 ./Drivers/STM32H5xx_HAL_Driver/Src/stm32h5xx_hal_gpio.o
                0x080088cc                HAL_GPIO_EXTI_Rising_Callback
 .text.HAL_GPIO_EXTI_Falling_Callback
                0x080088e2       0x16 ./Drivers/STM32H5xx_HAL_Driver/Src/stm32h5xx_hal_gpio.o
                0x080088e2                HAL_GPIO_EXTI_Falling_Callback
 .text.HAL_I2C_Init
                0x080088f8      0x136 ./Drivers/STM32H5xx_HAL_Driver/Src/stm32h5xx_hal_i2c.o
                0x080088f8                HAL_I2C_Init
 *fill*         0x08008a2e        0x2 
 .text.HAL_I2C_Master_Transmit
                0x08008a30      0x1e8 ./Drivers/STM32H5xx_HAL_Driver/Src/stm32h5xx_hal_i2c.o
                0x08008a30                HAL_I2C_Master_Transmit
 .text.I2C_Flush_TXDR
                0x08008c18       0x48 ./Drivers/STM32H5xx_HAL_Driver/Src/stm32h5xx_hal_i2c.o
 .text.I2C_WaitOnFlagUntilTimeout
                0x08008c60       0xb2 ./Drivers/STM32H5xx_HAL_Driver/Src/stm32h5xx_hal_i2c.o
 .text.I2C_WaitOnTXISFlagUntilTimeout
                0x08008d12       0x8e ./Drivers/STM32H5xx_HAL_Driver/Src/stm32h5xx_hal_i2c.o
 .text.I2C_WaitOnSTOPFlagUntilTimeout
                0x08008da0       0x86 ./Drivers/STM32H5xx_HAL_Driver/Src/stm32h5xx_hal_i2c.o
 *fill*         0x08008e26        0x2 
 .text.I2C_IsErrorOccurred
                0x08008e28      0x1c0 ./Drivers/STM32H5xx_HAL_Driver/Src/stm32h5xx_hal_i2c.o
 .text.I2C_TransferConfig
                0x08008fe8       0x64 ./Drivers/STM32H5xx_HAL_Driver/Src/stm32h5xx_hal_i2c.o
 .text.HAL_I2CEx_ConfigAnalogFilter
                0x0800904c       0x96 ./Drivers/STM32H5xx_HAL_Driver/Src/stm32h5xx_hal_i2c_ex.o
                0x0800904c                HAL_I2CEx_ConfigAnalogFilter
 .text.HAL_I2CEx_ConfigDigitalFilter
                0x080090e2       0x98 ./Drivers/STM32H5xx_HAL_Driver/Src/stm32h5xx_hal_i2c_ex.o
                0x080090e2                HAL_I2CEx_ConfigDigitalFilter
 *fill*         0x0800917a        0x2 
 .text.HAL_ICACHE_ConfigAssociativityMode
                0x0800917c       0x40 ./Drivers/STM32H5xx_HAL_Driver/Src/stm32h5xx_hal_icache.o
                0x0800917c                HAL_ICACHE_ConfigAssociativityMode
 .text.HAL_ICACHE_Enable
                0x080091bc       0x20 ./Drivers/STM32H5xx_HAL_Driver/Src/stm32h5xx_hal_icache.o
                0x080091bc                HAL_ICACHE_Enable
 .text.HAL_RCC_OscConfig
                0x080091dc      0x870 ./Drivers/STM32H5xx_HAL_Driver/Src/stm32h5xx_hal_rcc.o
                0x080091dc                HAL_RCC_OscConfig
 .text.HAL_RCC_ClockConfig
                0x08009a4c      0x370 ./Drivers/STM32H5xx_HAL_Driver/Src/stm32h5xx_hal_rcc.o
                0x08009a4c                HAL_RCC_ClockConfig
 .text.HAL_RCC_GetSysClockFreq
                0x08009dbc      0x258 ./Drivers/STM32H5xx_HAL_Driver/Src/stm32h5xx_hal_rcc.o
                0x08009dbc                HAL_RCC_GetSysClockFreq
 .text.HAL_RCC_GetHCLKFreq
                0x0800a014       0x38 ./Drivers/STM32H5xx_HAL_Driver/Src/stm32h5xx_hal_rcc.o
                0x0800a014                HAL_RCC_GetHCLKFreq
 .text.HAL_RCCEx_PeriphCLKConfig
                0x0800a04c     0x1f14 ./Drivers/STM32H5xx_HAL_Driver/Src/stm32h5xx_hal_rcc_ex.o
                0x0800a04c                HAL_RCCEx_PeriphCLKConfig
 .text.RCCEx_PLL2_Config
                0x0800bf60      0x130 ./Drivers/STM32H5xx_HAL_Driver/Src/stm32h5xx_hal_rcc_ex.o
 .text.RCCEx_PLL3_Config
                0x0800c090      0x130 ./Drivers/STM32H5xx_HAL_Driver/Src/stm32h5xx_hal_rcc_ex.o
 .text.HAL_SPI_Init
                0x0800c1c0      0x2e0 ./Drivers/STM32H5xx_HAL_Driver/Src/stm32h5xx_hal_spi.o
                0x0800c1c0                HAL_SPI_Init
 .text.HAL_SPI_Transmit
                0x0800c4a0      0x470 ./Drivers/STM32H5xx_HAL_Driver/Src/stm32h5xx_hal_spi.o
                0x0800c4a0                HAL_SPI_Transmit
 .text.HAL_SPI_TransmitReceive
                0x0800c910      0x718 ./Drivers/STM32H5xx_HAL_Driver/Src/stm32h5xx_hal_spi.o
                0x0800c910                HAL_SPI_TransmitReceive
 .text.SPI_CloseTransfer
                0x0800d028      0x140 ./Drivers/STM32H5xx_HAL_Driver/Src/stm32h5xx_hal_spi.o
 .text.SPI_WaitOnFlagUntilTimeout
                0x0800d168       0x5c ./Drivers/STM32H5xx_HAL_Driver/Src/stm32h5xx_hal_spi.o
 .text.SPI_GetPacketSize
                0x0800d1c4       0x36 ./Drivers/STM32H5xx_HAL_Driver/Src/stm32h5xx_hal_spi.o
 .text.HAL_TIM_Base_Init
                0x0800d1fa       0xae ./Drivers/STM32H5xx_HAL_Driver/Src/stm32h5xx_hal_tim.o
                0x0800d1fa                HAL_TIM_Base_Init
 .text.HAL_TIM_Base_Start_IT
                0x0800d2a8      0x15c ./Drivers/STM32H5xx_HAL_Driver/Src/stm32h5xx_hal_tim.o
                0x0800d2a8                HAL_TIM_Base_Start_IT
 .text.HAL_TIM_Base_Stop_IT
                0x0800d404       0x5e ./Drivers/STM32H5xx_HAL_Driver/Src/stm32h5xx_hal_tim.o
                0x0800d404                HAL_TIM_Base_Stop_IT
 .text.HAL_TIM_Encoder_Init
                0x0800d462      0x14c ./Drivers/STM32H5xx_HAL_Driver/Src/stm32h5xx_hal_tim.o
                0x0800d462                HAL_TIM_Encoder_Init
 .text.HAL_TIM_Encoder_Start
                0x0800d5ae      0x11c ./Drivers/STM32H5xx_HAL_Driver/Src/stm32h5xx_hal_tim.o
                0x0800d5ae                HAL_TIM_Encoder_Start
 .text.HAL_TIM_IRQHandler
                0x0800d6ca      0x29e ./Drivers/STM32H5xx_HAL_Driver/Src/stm32h5xx_hal_tim.o
                0x0800d6ca                HAL_TIM_IRQHandler
 .text.HAL_TIM_ConfigClockSource
                0x0800d968      0x23c ./Drivers/STM32H5xx_HAL_Driver/Src/stm32h5xx_hal_tim.o
                0x0800d968                HAL_TIM_ConfigClockSource
 .text.HAL_TIM_PeriodElapsedCallback
                0x0800dba4       0x14 ./Drivers/STM32H5xx_HAL_Driver/Src/stm32h5xx_hal_tim.o
                0x0800dba4                HAL_TIM_PeriodElapsedCallback
 .text.HAL_TIM_OC_DelayElapsedCallback
                0x0800dbb8       0x14 ./Drivers/STM32H5xx_HAL_Driver/Src/stm32h5xx_hal_tim.o
                0x0800dbb8                HAL_TIM_OC_DelayElapsedCallback
 .text.HAL_TIM_IC_CaptureCallback
                0x0800dbcc       0x14 ./Drivers/STM32H5xx_HAL_Driver/Src/stm32h5xx_hal_tim.o
                0x0800dbcc                HAL_TIM_IC_CaptureCallback
 .text.HAL_TIM_PWM_PulseFinishedCallback
                0x0800dbe0       0x14 ./Drivers/STM32H5xx_HAL_Driver/Src/stm32h5xx_hal_tim.o
                0x0800dbe0                HAL_TIM_PWM_PulseFinishedCallback
 .text.HAL_TIM_TriggerCallback
                0x0800dbf4       0x14 ./Drivers/STM32H5xx_HAL_Driver/Src/stm32h5xx_hal_tim.o
                0x0800dbf4                HAL_TIM_TriggerCallback
 .text.TIM_Base_SetConfig
                0x0800dc08      0x254 ./Drivers/STM32H5xx_HAL_Driver/Src/stm32h5xx_hal_tim.o
                0x0800dc08                TIM_Base_SetConfig
 .text.TIM_TI1_ConfigInputStage
                0x0800de5c       0x5e ./Drivers/STM32H5xx_HAL_Driver/Src/stm32h5xx_hal_tim.o
 .text.TIM_TI2_ConfigInputStage
                0x0800deba       0x60 ./Drivers/STM32H5xx_HAL_Driver/Src/stm32h5xx_hal_tim.o
 .text.TIM_ITRx_SetConfig
                0x0800df1a       0x3a ./Drivers/STM32H5xx_HAL_Driver/Src/stm32h5xx_hal_tim.o
 .text.TIM_ETR_SetConfig
                0x0800df54       0x40 ./Drivers/STM32H5xx_HAL_Driver/Src/stm32h5xx_hal_tim.o
                0x0800df54                TIM_ETR_SetConfig
 .text.TIM_CCxChannelCmd
                0x0800df94       0x4a ./Drivers/STM32H5xx_HAL_Driver/Src/stm32h5xx_hal_tim.o
                0x0800df94                TIM_CCxChannelCmd
 *fill*         0x0800dfde        0x2 
 .text.HAL_TIMEx_MasterConfigSynchronization
                0x0800dfe0      0x1a0 ./Drivers/STM32H5xx_HAL_Driver/Src/stm32h5xx_hal_tim_ex.o
                0x0800dfe0                HAL_TIMEx_MasterConfigSynchronization
 .text.HAL_TIMEx_CommutCallback
                0x0800e180       0x14 ./Drivers/STM32H5xx_HAL_Driver/Src/stm32h5xx_hal_tim_ex.o
                0x0800e180                HAL_TIMEx_CommutCallback
 .text.HAL_TIMEx_BreakCallback
                0x0800e194       0x14 ./Drivers/STM32H5xx_HAL_Driver/Src/stm32h5xx_hal_tim_ex.o
                0x0800e194                HAL_TIMEx_BreakCallback
 .text.HAL_TIMEx_Break2Callback
                0x0800e1a8       0x14 ./Drivers/STM32H5xx_HAL_Driver/Src/stm32h5xx_hal_tim_ex.o
                0x0800e1a8                HAL_TIMEx_Break2Callback
 .text.HAL_TIMEx_EncoderIndexCallback
                0x0800e1bc       0x14 ./Drivers/STM32H5xx_HAL_Driver/Src/stm32h5xx_hal_tim_ex.o
                0x0800e1bc                HAL_TIMEx_EncoderIndexCallback
 .text.HAL_TIMEx_DirectionChangeCallback
                0x0800e1d0       0x14 ./Drivers/STM32H5xx_HAL_Driver/Src/stm32h5xx_hal_tim_ex.o
                0x0800e1d0                HAL_TIMEx_DirectionChangeCallback
 .text.HAL_TIMEx_IndexErrorCallback
                0x0800e1e4       0x14 ./Drivers/STM32H5xx_HAL_Driver/Src/stm32h5xx_hal_tim_ex.o
                0x0800e1e4                HAL_TIMEx_IndexErrorCallback
 .text.HAL_TIMEx_TransitionErrorCallback
                0x0800e1f8       0x14 ./Drivers/STM32H5xx_HAL_Driver/Src/stm32h5xx_hal_tim_ex.o
                0x0800e1f8                HAL_TIMEx_TransitionErrorCallback
 .text.snprintf
                0x0800e20c       0x6c C:/ST/STM32CubeIDE_1.19.0/STM32CubeIDE/plugins/com.st.stm32cube.ide.mcu.externaltools.gnu-tools-for-stm32.13.3.rel1.win32_1.0.0.202411081344/tools/bin/../lib/gcc/arm-none-eabi/13.3.1/../../../../arm-none-eabi/lib/thumb/v8-m.main+fp/hard\libc_nano.a(libc_a-snprintf.o)
                0x0800e20c                sniprintf
                0x0800e20c                snprintf
 .text.memset   0x0800e278       0x10 C:/ST/STM32CubeIDE_1.19.0/STM32CubeIDE/plugins/com.st.stm32cube.ide.mcu.externaltools.gnu-tools-for-stm32.13.3.rel1.win32_1.0.0.202411081344/tools/bin/../lib/gcc/arm-none-eabi/13.3.1/../../../../arm-none-eabi/lib/thumb/v8-m.main+fp/hard\libc_nano.a(libc_a-memset.o)
                0x0800e278                memset
 .text.strncpy  0x0800e288       0x26 C:/ST/STM32CubeIDE_1.19.0/STM32CubeIDE/plugins/com.st.stm32cube.ide.mcu.externaltools.gnu-tools-for-stm32.13.3.rel1.win32_1.0.0.202411081344/tools/bin/../lib/gcc/arm-none-eabi/13.3.1/../../../../arm-none-eabi/lib/thumb/v8-m.main+fp/hard\libc_nano.a(libc_a-strncpy.o)
                0x0800e288                strncpy
 *fill*         0x0800e2ae        0x2 
 .text.__errno  0x0800e2b0        0xc C:/ST/STM32CubeIDE_1.19.0/STM32CubeIDE/plugins/com.st.stm32cube.ide.mcu.externaltools.gnu-tools-for-stm32.13.3.rel1.win32_1.0.0.202411081344/tools/bin/../lib/gcc/arm-none-eabi/13.3.1/../../../../arm-none-eabi/lib/thumb/v8-m.main+fp/hard\libc_nano.a(libc_a-errno.o)
                0x0800e2b0                __errno
 .text.__libc_init_array
                0x0800e2bc       0x48 C:/ST/STM32CubeIDE_1.19.0/STM32CubeIDE/plugins/com.st.stm32cube.ide.mcu.externaltools.gnu-tools-for-stm32.13.3.rel1.win32_1.0.0.202411081344/tools/bin/../lib/gcc/arm-none-eabi/13.3.1/../../../../arm-none-eabi/lib/thumb/v8-m.main+fp/hard\libc_nano.a(libc_a-init.o)
                0x0800e2bc                __libc_init_array
 .text.__retarget_lock_acquire_recursive
                0x0800e304        0x2 C:/ST/STM32CubeIDE_1.19.0/STM32CubeIDE/plugins/com.st.stm32cube.ide.mcu.externaltools.gnu-tools-for-stm32.13.3.rel1.win32_1.0.0.202411081344/tools/bin/../lib/gcc/arm-none-eabi/13.3.1/../../../../arm-none-eabi/lib/thumb/v8-m.main+fp/hard\libc_nano.a(libc_a-lock.o)
                0x0800e304                __retarget_lock_acquire_recursive
 .text.__retarget_lock_release_recursive
                0x0800e306        0x2 C:/ST/STM32CubeIDE_1.19.0/STM32CubeIDE/plugins/com.st.stm32cube.ide.mcu.externaltools.gnu-tools-for-stm32.13.3.rel1.win32_1.0.0.202411081344/tools/bin/../lib/gcc/arm-none-eabi/13.3.1/../../../../arm-none-eabi/lib/thumb/v8-m.main+fp/hard\libc_nano.a(libc_a-lock.o)
                0x0800e306                __retarget_lock_release_recursive
 .text.strcpy   0x0800e308       0x10 C:/ST/STM32CubeIDE_1.19.0/STM32CubeIDE/plugins/com.st.stm32cube.ide.mcu.externaltools.gnu-tools-for-stm32.13.3.rel1.win32_1.0.0.202411081344/tools/bin/../lib/gcc/arm-none-eabi/13.3.1/../../../../arm-none-eabi/lib/thumb/v8-m.main+fp/hard\libc_nano.a(libc_a-strcpy.o)
                0x0800e308                strcpy
 .text.memcpy   0x0800e318       0x1a C:/ST/STM32CubeIDE_1.19.0/STM32CubeIDE/plugins/com.st.stm32cube.ide.mcu.externaltools.gnu-tools-for-stm32.13.3.rel1.win32_1.0.0.202411081344/tools/bin/../lib/gcc/arm-none-eabi/13.3.1/../../../../arm-none-eabi/lib/thumb/v8-m.main+fp/hard\libc_nano.a(libc_a-memcpy-stub.o)
                0x0800e318                memcpy
 *fill*         0x0800e332        0x2 
 .text._free_r  0x0800e334       0x94 C:/ST/STM32CubeIDE_1.19.0/STM32CubeIDE/plugins/com.st.stm32cube.ide.mcu.externaltools.gnu-tools-for-stm32.13.3.rel1.win32_1.0.0.202411081344/tools/bin/../lib/gcc/arm-none-eabi/13.3.1/../../../../arm-none-eabi/lib/thumb/v8-m.main+fp/hard\libc_nano.a(libc_a-freer.o)
                0x0800e334                _free_r
 .text.sbrk_aligned
                0x0800e3c8       0x44 C:/ST/STM32CubeIDE_1.19.0/STM32CubeIDE/plugins/com.st.stm32cube.ide.mcu.externaltools.gnu-tools-for-stm32.13.3.rel1.win32_1.0.0.202411081344/tools/bin/../lib/gcc/arm-none-eabi/13.3.1/../../../../arm-none-eabi/lib/thumb/v8-m.main+fp/hard\libc_nano.a(libc_a-mallocr.o)
 .text._malloc_r
                0x0800e40c      0x100 C:/ST/STM32CubeIDE_1.19.0/STM32CubeIDE/plugins/com.st.stm32cube.ide.mcu.externaltools.gnu-tools-for-stm32.13.3.rel1.win32_1.0.0.202411081344/tools/bin/../lib/gcc/arm-none-eabi/13.3.1/../../../../arm-none-eabi/lib/thumb/v8-m.main+fp/hard\libc_nano.a(libc_a-mallocr.o)
                0x0800e40c                _malloc_r
 .text.__malloc_lock
                0x0800e50c        0xc C:/ST/STM32CubeIDE_1.19.0/STM32CubeIDE/plugins/com.st.stm32cube.ide.mcu.externaltools.gnu-tools-for-stm32.13.3.rel1.win32_1.0.0.202411081344/tools/bin/../lib/gcc/arm-none-eabi/13.3.1/../../../../arm-none-eabi/lib/thumb/v8-m.main+fp/hard\libc_nano.a(libc_a-mlock.o)
                0x0800e50c                __malloc_lock
 .text.__malloc_unlock
                0x0800e518        0xc C:/ST/STM32CubeIDE_1.19.0/STM32CubeIDE/plugins/com.st.stm32cube.ide.mcu.externaltools.gnu-tools-for-stm32.13.3.rel1.win32_1.0.0.202411081344/tools/bin/../lib/gcc/arm-none-eabi/13.3.1/../../../../arm-none-eabi/lib/thumb/v8-m.main+fp/hard\libc_nano.a(libc_a-mlock.o)
                0x0800e518                __malloc_unlock
 .text.__ssputs_r
                0x0800e524       0xb6 C:/ST/STM32CubeIDE_1.19.0/STM32CubeIDE/plugins/com.st.stm32cube.ide.mcu.externaltools.gnu-tools-for-stm32.13.3.rel1.win32_1.0.0.202411081344/tools/bin/../lib/gcc/arm-none-eabi/13.3.1/../../../../arm-none-eabi/lib/thumb/v8-m.main+fp/hard\libc_nano.a(libc_a-nano-svfprintf.o)
                0x0800e524                __ssputs_r
 *fill*         0x0800e5da        0x2 
 .text._svfprintf_r
                0x0800e5dc      0x1f8 C:/ST/STM32CubeIDE_1.19.0/STM32CubeIDE/plugins/com.st.stm32cube.ide.mcu.externaltools.gnu-tools-for-stm32.13.3.rel1.win32_1.0.0.202411081344/tools/bin/../lib/gcc/arm-none-eabi/13.3.1/../../../../arm-none-eabi/lib/thumb/v8-m.main+fp/hard\libc_nano.a(libc_a-nano-svfprintf.o)
                0x0800e5dc                _svfiprintf_r
                0x0800e5dc                _svfprintf_r
 .text._printf_common
                0x0800e7d4       0xe4 C:/ST/STM32CubeIDE_1.19.0/STM32CubeIDE/plugins/com.st.stm32cube.ide.mcu.externaltools.gnu-tools-for-stm32.13.3.rel1.win32_1.0.0.202411081344/tools/bin/../lib/gcc/arm-none-eabi/13.3.1/../../../../arm-none-eabi/lib/thumb/v8-m.main+fp/hard\libc_nano.a(libc_a-nano-vfprintf_i.o)
                0x0800e7d4                _printf_common
 .text._printf_i
                0x0800e8b8      0x23c C:/ST/STM32CubeIDE_1.19.0/STM32CubeIDE/plugins/com.st.stm32cube.ide.mcu.externaltools.gnu-tools-for-stm32.13.3.rel1.win32_1.0.0.202411081344/tools/bin/../lib/gcc/arm-none-eabi/13.3.1/../../../../arm-none-eabi/lib/thumb/v8-m.main+fp/hard\libc_nano.a(libc_a-nano-vfprintf_i.o)
                0x0800e8b8                _printf_i
 .text.memmove  0x0800eaf4       0x34 C:/ST/STM32CubeIDE_1.19.0/STM32CubeIDE/plugins/com.st.stm32cube.ide.mcu.externaltools.gnu-tools-for-stm32.13.3.rel1.win32_1.0.0.202411081344/tools/bin/../lib/gcc/arm-none-eabi/13.3.1/../../../../arm-none-eabi/lib/thumb/v8-m.main+fp/hard\libc_nano.a(libc_a-memmove.o)
                0x0800eaf4                memmove
 .text._sbrk_r  0x0800eb28       0x20 C:/ST/STM32CubeIDE_1.19.0/STM32CubeIDE/plugins/com.st.stm32cube.ide.mcu.externaltools.gnu-tools-for-stm32.13.3.rel1.win32_1.0.0.202411081344/tools/bin/../lib/gcc/arm-none-eabi/13.3.1/../../../../arm-none-eabi/lib/thumb/v8-m.main+fp/hard\libc_nano.a(libc_a-sbrkr.o)
                0x0800eb28                _sbrk_r
 .text.memchr   0x0800eb48       0x1c C:/ST/STM32CubeIDE_1.19.0/STM32CubeIDE/plugins/com.st.stm32cube.ide.mcu.externaltools.gnu-tools-for-stm32.13.3.rel1.win32_1.0.0.202411081344/tools/bin/../lib/gcc/arm-none-eabi/13.3.1/../../../../arm-none-eabi/lib/thumb/v8-m.main+fp/hard\libc_nano.a(libc_a-memchr-stub.o)
                0x0800eb48                memchr
 .text._realloc_r
                0x0800eb64       0x5c C:/ST/STM32CubeIDE_1.19.0/STM32CubeIDE/plugins/com.st.stm32cube.ide.mcu.externaltools.gnu-tools-for-stm32.13.3.rel1.win32_1.0.0.202411081344/tools/bin/../lib/gcc/arm-none-eabi/13.3.1/../../../../arm-none-eabi/lib/thumb/v8-m.main+fp/hard\libc_nano.a(libc_a-reallocr.o)
                0x0800eb64                _realloc_r
 .text._malloc_usable_size_r
                0x0800ebc0       0x10 C:/ST/STM32CubeIDE_1.19.0/STM32CubeIDE/plugins/com.st.stm32cube.ide.mcu.externaltools.gnu-tools-for-stm32.13.3.rel1.win32_1.0.0.202411081344/tools/bin/../lib/gcc/arm-none-eabi/13.3.1/../../../../arm-none-eabi/lib/thumb/v8-m.main+fp/hard\libc_nano.a(libc_a-msizer.o)
                0x0800ebc0                _malloc_usable_size_r
 .text.abort    0x0800ebd0        0xe C:/ST/STM32CubeIDE_1.19.0/STM32CubeIDE/plugins/com.st.stm32cube.ide.mcu.externaltools.gnu-tools-for-stm32.13.3.rel1.win32_1.0.0.202411081344/tools/bin/../lib/gcc/arm-none-eabi/13.3.1/../../../../arm-none-eabi/lib/thumb/v8-m.main+fp/hard\libc_nano.a(libc_a-abort.o)
                0x0800ebd0                abort
 .text._raise_r
                0x0800ebde       0x50 C:/ST/STM32CubeIDE_1.19.0/STM32CubeIDE/plugins/com.st.stm32cube.ide.mcu.externaltools.gnu-tools-for-stm32.13.3.rel1.win32_1.0.0.202411081344/tools/bin/../lib/gcc/arm-none-eabi/13.3.1/../../../../arm-none-eabi/lib/thumb/v8-m.main+fp/hard\libc_nano.a(libc_a-signal.o)
                0x0800ebde                _raise_r
 *fill*         0x0800ec2e        0x2 
 .text.raise    0x0800ec30       0x10 C:/ST/STM32CubeIDE_1.19.0/STM32CubeIDE/plugins/com.st.stm32cube.ide.mcu.externaltools.gnu-tools-for-stm32.13.3.rel1.win32_1.0.0.202411081344/tools/bin/../lib/gcc/arm-none-eabi/13.3.1/../../../../arm-none-eabi/lib/thumb/v8-m.main+fp/hard\libc_nano.a(libc_a-signal.o)
                0x0800ec30                raise
 .text._kill_r  0x0800ec40       0x24 C:/ST/STM32CubeIDE_1.19.0/STM32CubeIDE/plugins/com.st.stm32cube.ide.mcu.externaltools.gnu-tools-for-stm32.13.3.rel1.win32_1.0.0.202411081344/tools/bin/../lib/gcc/arm-none-eabi/13.3.1/../../../../arm-none-eabi/lib/thumb/v8-m.main+fp/hard\libc_nano.a(libc_a-signalr.o)
                0x0800ec40                _kill_r
 .text._getpid_r
                0x0800ec64        0x4 C:/ST/STM32CubeIDE_1.19.0/STM32CubeIDE/plugins/com.st.stm32cube.ide.mcu.externaltools.gnu-tools-for-stm32.13.3.rel1.win32_1.0.0.202411081344/tools/bin/../lib/gcc/arm-none-eabi/13.3.1/../../../../arm-none-eabi/lib/thumb/v8-m.main+fp/hard\libc_nano.a(libc_a-signalr.o)
                0x0800ec64                _getpid_r
 *(.glue_7)
 .glue_7        0x0800ec68        0x0 linker stubs
 *(.glue_7t)
 .glue_7t       0x0800ec68        0x0 linker stubs
 *(.eh_frame)
 .eh_frame      0x0800ec68        0x0 C:/ST/STM32CubeIDE_1.19.0/STM32CubeIDE/plugins/com.st.stm32cube.ide.mcu.externaltools.gnu-tools-for-stm32.13.3.rel1.win32_1.0.0.202411081344/tools/bin/../lib/gcc/arm-none-eabi/13.3.1/thumb/v8-m.main+fp/hard/crtbegin.o
 *(.init)
 .init          0x0800ec68        0x4 C:/ST/STM32CubeIDE_1.19.0/STM32CubeIDE/plugins/com.st.stm32cube.ide.mcu.externaltools.gnu-tools-for-stm32.13.3.rel1.win32_1.0.0.202411081344/tools/bin/../lib/gcc/arm-none-eabi/13.3.1/thumb/v8-m.main+fp/hard/crti.o
                0x0800ec68                _init
 .init          0x0800ec6c        0x8 C:/ST/STM32CubeIDE_1.19.0/STM32CubeIDE/plugins/com.st.stm32cube.ide.mcu.externaltools.gnu-tools-for-stm32.13.3.rel1.win32_1.0.0.202411081344/tools/bin/../lib/gcc/arm-none-eabi/13.3.1/thumb/v8-m.main+fp/hard/crtn.o
 *(.fini)
 .fini          0x0800ec74        0x4 C:/ST/STM32CubeIDE_1.19.0/STM32CubeIDE/plugins/com.st.stm32cube.ide.mcu.externaltools.gnu-tools-for-stm32.13.3.rel1.win32_1.0.0.202411081344/tools/bin/../lib/gcc/arm-none-eabi/13.3.1/thumb/v8-m.main+fp/hard/crti.o
                0x0800ec74                _fini
 .fini          0x0800ec78        0x8 C:/ST/STM32CubeIDE_1.19.0/STM32CubeIDE/plugins/com.st.stm32cube.ide.mcu.externaltools.gnu-tools-for-stm32.13.3.rel1.win32_1.0.0.202411081344/tools/bin/../lib/gcc/arm-none-eabi/13.3.1/thumb/v8-m.main+fp/hard/crtn.o
                0x0800ec80                        . = ALIGN (0x4)
                0x0800ec80                        _etext = .

.vfp11_veneer   0x0800ec80        0x0
 .vfp11_veneer  0x0800ec80        0x0 linker stubs

.v4_bx          0x0800ec80        0x0
 .v4_bx         0x0800ec80        0x0 linker stubs

.iplt           0x0800ec80        0x0
 .iplt          0x0800ec80        0x0 C:/ST/STM32CubeIDE_1.19.0/STM32CubeIDE/plugins/com.st.stm32cube.ide.mcu.externaltools.gnu-tools-for-stm32.13.3.rel1.win32_1.0.0.202411081344/tools/bin/../lib/gcc/arm-none-eabi/13.3.1/thumb/v8-m.main+fp/hard/crtbegin.o

.rodata         0x0800ec80    0x104bc
                0x0800ec80                        . = ALIGN (0x4)
 *(.rodata)
 .rodata        0x0800ec80    0x10026 ./Core/Audio/vgm_data.o
                0x0800ec80                vgm_data_start
                0x0801eca6                vgm_data_end
 *fill*         0x0801eca6        0x2 
 .rodata        0x0801eca8       0x3f ./Core/Src/ILI9341.o
 *fill*         0x0801ece7        0x1 
 .rodata        0x0801ece8       0x88 ./Core/Src/ui.o
 *(.rodata*)
 .rodata.MS_BASE
                0x0801ed70        0x3 ./Core/Src/SI5351.o
 *fill*         0x0801ed73        0x1 
 .rodata.PLL_BASE
                0x0801ed74        0x2 ./Core/Src/SI5351.o
 *fill*         0x0801ed76        0x2 
 .rodata.font5x7
                0x0801ed78      0x1db ./Core/Src/font5x7.o
                0x0801ed78                font5x7
 *fill*         0x0801ef53        0x1 
 .rodata.step_table
                0x0801ef54       0x62 ./Core/Src/msm6295.o
 *fill*         0x0801efb6        0x2 
 .rodata.index_table
                0x0801efb8        0x8 ./Core/Src/msm6295.o
 .rodata.vol_table
                0x0801efc0       0x20 ./Core/Src/msm6295.o
 .rodata.lens.11
                0x0801efe0       0x3a ./Core/Src/puff.o
 *fill*         0x0801f01a        0x2 
 .rodata.lext.10
                0x0801f01c       0x3a ./Core/Src/puff.o
 *fill*         0x0801f056        0x2 
 .rodata.dists.9
                0x0801f058       0x3c ./Core/Src/puff.o
 .rodata.dext.8
                0x0801f094       0x3c ./Core/Src/puff.o
 .rodata.order.0
                0x0801f0d0       0x26 ./Core/Src/puff.o
 *fill*         0x0801f0f6        0x2 
 .rodata.AHBPrescTable
                0x0801f0f8       0x10 ./Core/Src/system_stm32h5xx.o
                0x0801f0f8                AHBPrescTable
 .rodata._svfprintf_r.str1.1
                0x0801f108       0x33 C:/ST/STM32CubeIDE_1.19.0/STM32CubeIDE/plugins/com.st.stm32cube.ide.mcu.externaltools.gnu-tools-for-stm32.13.3.rel1.win32_1.0.0.202411081344/tools/bin/../lib/gcc/arm-none-eabi/13.3.1/../../../../arm-none-eabi/lib/thumb/v8-m.main+fp/hard\libc_nano.a(libc_a-nano-svfprintf.o)
                                 0x11 (size before relaxing)
 .rodata._printf_i.str1.1
                0x0801f13b       0x22 C:/ST/STM32CubeIDE_1.19.0/STM32CubeIDE/plugins/com.st.stm32cube.ide.mcu.externaltools.gnu-tools-for-stm32.13.3.rel1.win32_1.0.0.202411081344/tools/bin/../lib/gcc/arm-none-eabi/13.3.1/../../../../arm-none-eabi/lib/thumb/v8-m.main+fp/hard\libc_nano.a(libc_a-nano-vfprintf_i.o)
                0x0801f160                        . = ALIGN (0x4)
 *fill*         0x0801f13b        0x1 

.ARM.extab      0x0801f13c       0x18
                0x0801f13c                        . = ALIGN (0x4)
 *(.ARM.extab* .gnu.linkonce.armextab.*)
 .ARM.extab     0x0801f13c       0x18 C:/ST/STM32CubeIDE_1.19.0/STM32CubeIDE/plugins/com.st.stm32cube.ide.mcu.externaltools.gnu-tools-for-stm32.13.3.rel1.win32_1.0.0.202411081344/tools/bin/../lib/gcc/arm-none-eabi/13.3.1/thumb/v8-m.main+fp/hard\libgcc.a(pr-support.o)
                0x0801f154                        . = ALIGN (0x4)

.ARM            0x0801f154       0xc0
                0x0801f154                        . = ALIGN (0x4)
                0x0801f154                        __exidx_start = .
 *(.ARM.exidx*)
 .ARM.exidx     0x0801f154        0x8 C:/ST/STM32CubeIDE_1.19.0/STM32CubeIDE/plugins/com.st.stm32cube.ide.mcu.externaltools.gnu-tools-for-stm32.13.3.rel1.win32_1.0.0.202411081344/tools/bin/../lib/gcc/arm-none-eabi/13.3.1/../../../../arm-none-eabi/lib/thumb/v8-m.main+fp/hard\libc_nano.a(libc_a-setjmp.o)
                                 0x10 (size before relaxing)
 .ARM.exidx     0x0801f15c        0x8 C:/ST/STM32CubeIDE_1.19.0/STM32CubeIDE/plugins/com.st.stm32cube.ide.mcu.externaltools.gnu-tools-for-stm32.13.3.rel1.win32_1.0.0.202411081344/tools/bin/../lib/gcc/arm-none-eabi/13.3.1/../../../../arm-none-eabi/lib/thumb/v8-m.main+fp/hard\libc_nano.a(libc_a-strcmp.o)
 .ARM.exidx     0x0801f164        0x0 C:/ST/STM32CubeIDE_1.19.0/STM32CubeIDE/plugins/com.st.stm32cube.ide.mcu.externaltools.gnu-tools-for-stm32.13.3.rel1.win32_1.0.0.202411081344/tools/bin/../lib/gcc/arm-none-eabi/13.3.1/thumb/v8-m.main+fp/hard\libgcc.a(_udivmoddi4.o)
                                  0x8 (size before relaxing)
 .ARM.exidx     0x0801f164       0x78 C:/ST/STM32CubeIDE_1.19.0/STM32CubeIDE/plugins/com.st.stm32cube.ide.mcu.externaltools.gnu-tools-for-stm32.13.3.rel1.win32_1.0.0.202411081344/tools/bin/../lib/gcc/arm-none-eabi/13.3.1/thumb/v8-m.main+fp/hard\libgcc.a(unwind-arm.o)
                                 0xd8 (size before relaxing)
 .ARM.exidx     0x0801f1dc       0x38 C:/ST/STM32CubeIDE_1.19.0/STM32CubeIDE/plugins/com.st.stm32cube.ide.mcu.externaltools.gnu-tools-for-stm32.13.3.rel1.win32_1.0.0.202411081344/tools/bin/../lib/gcc/arm-none-eabi/13.3.1/thumb/v8-m.main+fp/hard\libgcc.a(pr-support.o)
                0x0801f214                        __exidx_end = .
                0x0801f214                        . = ALIGN (0x4)

.preinit_array  0x0801f214        0x0
                0x0801f214                        . = ALIGN (0x4)
                0x0801f214                        PROVIDE (__preinit_array_start = .)
 *(.preinit_array*)
                0x0801f214                        PROVIDE (__preinit_array_end = .)
                0x0801f214                        . = ALIGN (0x4)

.init_array     0x0801f214        0x4
                0x0801f214                        . = ALIGN (0x4)
                0x0801f214                        PROVIDE (__init_array_start = .)
 *(SORT_BY_NAME(.init_array.*))
 *(.init_array*)
 .init_array    0x0801f214        0x4 C:/ST/STM32CubeIDE_1.19.0/STM32CubeIDE/plugins/com.st.stm32cube.ide.mcu.externaltools.gnu-tools-for-stm32.13.3.rel1.win32_1.0.0.202411081344/tools/bin/../lib/gcc/arm-none-eabi/13.3.1/thumb/v8-m.main+fp/hard/crtbegin.o
                0x0801f218                        PROVIDE (__init_array_end = .)
                0x0801f218                        . = ALIGN (0x4)

.fini_array     0x0801f218        0x4
                0x0801f218                        . = ALIGN (0x4)
                [!provide]                        PROVIDE (__fini_array_start = .)
 *(SORT_BY_NAME(.fini_array.*))
 *(.fini_array*)
 .fini_array    0x0801f218        0x4 C:/ST/STM32CubeIDE_1.19.0/STM32CubeIDE/plugins/com.st.stm32cube.ide.mcu.externaltools.gnu-tools-for-stm32.13.3.rel1.win32_1.0.0.202411081344/tools/bin/../lib/gcc/arm-none-eabi/13.3.1/thumb/v8-m.main+fp/hard/crtbegin.o
                [!provide]                        PROVIDE (__fini_array_end = .)
                0x0801f21c                        . = ALIGN (0x4)
                0x0801f21c                        _sidata = LOADADDR (.data)

.rel.dyn        0x0801f21c        0x0
 .rel.iplt      0x0801f21c        0x0 C:/ST/STM32CubeIDE_1.19.0/STM32CubeIDE/plugins/com.st.stm32cube.ide.mcu.externaltools.gnu-tools-for-stm32.13.3.rel1.win32_1.0.0.202411081344/tools/bin/../lib/gcc/arm-none-eabi/13.3.1/thumb/v8-m.main+fp/hard/crtbegin.o

.data           0x20000000       0xa8 load address 0x0801f21c
                0x20000000                        . = ALIGN (0x4)
                0x20000000                        _sdata = .
 *(.data)
 *(.data*)
 .data.oe_shadow
                0x20000000        0x1 ./Core/Src/SI5351.o
 *fill*         0x20000001        0x3 
 .data.atten_shadow
                0x20000004        0x4 ./Core/Src/SN76489.o
 .data.ym_master_clock_hz
                0x20000008        0x4 ./Core/Src/YM2151.o
 .data.paused   0x2000000c        0x1 ./Core/Src/main.o
                0x2000000c                paused
 *fill*         0x2000000d        0x3 
 .data.current_song_index
                0x20000010        0x4 ./Core/Src/main.o
                0x20000010                current_song_index
 .data.playback_speed
                0x20000014        0x4 ./Core/Src/main.o
                0x20000014                playback_speed
 .data.virgin.7
                0x20000018        0x4 ./Core/Src/puff.o
 .data.sd_debug_cmd0_r
                0x2000001c        0x1 ./Core/Src/sd_spi.o
                0x2000001c                sd_debug_cmd0_r
 .data.timerRunning
                0x2000001d        0x1 ./Core/Src/stm32h5xx_it.o
                0x2000001d                timerRunning
 *fill*         0x2000001e        0x2 
 .data.cached_index
                0x20000020        0x4 ./Core/Src/storage.o
 .data.SystemCoreClock
                0x20000024        0x4 ./Core/Src/system_stm32h5xx.o
                0x20000024                SystemCoreClock
 .data.last_speed_x100
                0x20000028        0x4 ./Core/Src/ui.o
 .data.loopmode
                0x2000002c        0x1 ./Core/Src/vgm.o
                0x2000002c                loopmode
 *fill*         0x2000002d        0x3 
 .data.vgm      0x20000030        0x4 ./Core/Src/vgm.o
 .data.uwTickPrio
                0x20000034        0x4 ./Drivers/STM32H5xx_HAL_Driver/Src/stm32h5xx_hal.o
                0x20000034                uwTickPrio
 .data.uwTickFreq
                0x20000038        0x1 ./Drivers/STM32H5xx_HAL_Driver/Src/stm32h5xx_hal.o
                0x20000038                uwTickFreq
 *fill*         0x20000039        0x3 
 .data.pFlash   0x2000003c       0x1c ./Drivers/STM32H5xx_HAL_Driver/Src/stm32h5xx_hal_flash.o
                0x2000003c                pFlash
 .data._impure_ptr
                0x20000058        0x4 C:/ST/STM32CubeIDE_1.19.0/STM32CubeIDE/plugins/com.st.stm32cube.ide.mcu.externaltools.gnu-tools-for-stm32.13.3.rel1.win32_1.0.0.202411081344/tools/bin/../lib/gcc/arm-none-eabi/13.3.1/../../../../arm-none-eabi/lib/thumb/v8-m.main+fp/hard\libc_nano.a(libc_a-impure.o)
                0x20000058                _impure_ptr
 .data._impure_data
                0x2000005c       0x4c C:/ST/STM32CubeIDE_1.19.0/STM32CubeIDE/plugins/com.st.stm32cube.ide.mcu.externaltools.gnu-tools-for-stm32.13.3.rel1.win32_1.0.0.202411081344/tools/bin/../lib/gcc/arm-none-eabi/13.3.1/../../../../arm-none-eabi/lib/thumb/v8-m.main+fp/hard\libc_nano.a(libc_a-impure.o)
                0x2000005c                _impure_data
 *(.RamFunc)
 *(.RamFunc*)
                0x200000a8                        . = ALIGN (0x4)
                0x200000a8                        _edata = .

.igot.plt       0x200000a8        0x0 load address 0x0801f2c4
 .igot.plt      0x200000a8        0x0 C:/ST/STM32CubeIDE_1.19.0/STM32CubeIDE/plugins/com.st.stm32cube.ide.mcu.externaltools.gnu-tools-for-stm32.13.3.rel1.win32_1.0.0.202411081344/tools/bin/../lib/gcc/arm-none-eabi/13.3.1/thumb/v8-m.main+fp/hard/crtbegin.o
                0x200000a8                        . = ALIGN (0x4)

.bss            0x200000a8    0x91dd0 load address 0x0801f2c4
                0x200000a8                        _sbss = .
                0x200000a8                        __bss_start__ = _sbss
 *(.bss)
 .bss           0x200000a8       0x1c C:/ST/STM32CubeIDE_1.19.0/STM32CubeIDE/plugins/com.st.stm32cube.ide.mcu.externaltools.gnu-tools-for-stm32.13.3.rel1.win32_1.0.0.202411081344/tools/bin/../lib/gcc/arm-none-eabi/13.3.1/thumb/v8-m.main+fp/hard/crtbegin.o
 *(.bss*)
 .bss.pan_shadow
                0x200000c4        0x8 ./Core/Src/YM2151.o
 .bss.keyon_shadow
                0x200000cc        0x8 ./Core/Src/YM2151.o
 .bss.tl_shadow
                0x200000d4       0x20 ./Core/Src/YM2151.o
 .bss.tl_muting
                0x200000f4        0x1 ./Core/Src/YM2151.o
 *fill*         0x200000f5        0x3 
 .bss.sect      0x200000f8      0x200 ./Core/Src/fat32.o
 .bss.part_start
                0x200002f8        0x4 ./Core/Src/fat32.o
 .bss.fat_start
                0x200002fc        0x4 ./Core/Src/fat32.o
 .bss.data_start
                0x20000300        0x4 ./Core/Src/fat32.o
 .bss.spc       0x20000304        0x4 ./Core/Src/fat32.o
 .bss.root_cluster
                0x20000308        0x4 ./Core/Src/fat32.o
 .bss.hdac1     0x2000030c       0x14 ./Core/Src/main.o
                0x2000030c                hdac1
 .bss.hi2c1     0x20000320       0x54 ./Core/Src/main.o
                0x20000320                hi2c1
 .bss.hspi1     0x20000374       0x90 ./Core/Src/main.o
                0x20000374                hspi1
 .bss.hspi2     0x20000404       0x90 ./Core/Src/main.o
                0x20000404                hspi2
 .bss.htim2     0x20000494       0x4c ./Core/Src/main.o
                0x20000494                htim2
 .bss.htim3     0x200004e0       0x4c ./Core/Src/main.o
                0x200004e0                htim3
 .bss.htim4     0x2000052c       0x4c ./Core/Src/main.o
                0x2000052c                htim4
 .bss.sd_status
                0x20000578        0x1 ./Core/Src/main.o
                0x20000578                sd_status
 *fill*         0x20000579        0x3 
 .bss.fat_status
                0x2000057c        0x4 ./Core/Src/main.o
                0x2000057c                fat_status
 .bss.vgm_file  0x20000580        0x8 ./Core/Src/main.o
                0x20000580                vgm_file
 .bss.vgm_filename
                0x20000588        0xd ./Core/Src/main.o
                0x20000588                vgm_filename
 *fill*         0x20000595        0x3 
 .bss.vgm_valid
                0x20000598        0x4 ./Core/Src/main.o
                0x20000598                vgm_valid
 .bss.song_change
                0x2000059c        0x1 ./Core/Src/main.o
                0x2000059c                song_change
 *fill*         0x2000059d        0x3 
 .bss.nav_hold_start
                0x200005a0        0x4 ./Core/Src/main.o
 .bss.nav_last_repeat
                0x200005a4        0x4 ./Core/Src/main.o
 .bss.nav_hold_dir
                0x200005a8        0x1 ./Core/Src/main.o
 *fill*         0x200005a9        0x1 
 .bss.last_encoder_count
                0x200005aa        0x2 ./Core/Src/main.o
 .bss.msm       0x200005ac       0xd8 ./Core/Src/msm6295.o
 .bss.lencode.6
                0x20000684        0x8 ./Core/Src/puff.o
 .bss.lencnt.5  0x2000068c       0x20 ./Core/Src/puff.o
 .bss.lensym.4  0x200006ac      0x240 ./Core/Src/puff.o
 .bss.distcode.3
                0x200008ec        0x8 ./Core/Src/puff.o
 .bss.distcnt.2
                0x200008f4       0x20 ./Core/Src/puff.o
 .bss.distsym.1
                0x20000914       0x3c ./Core/Src/puff.o
 .bss.card_type
                0x20000950        0x1 ./Core/Src/sd_spi.o
 .bss.sd_debug_spi_status
                0x20000951        0x1 ./Core/Src/sd_spi.o
                0x20000951                sd_debug_spi_status
 *fill*         0x20000952        0x2 
 .bss.ff_buf    0x20000954      0x200 ./Core/Src/sd_spi.o
 .bss.bag       0x20000b54      0x400 ./Core/Src/shuffle.o
 .bss.bag_count
                0x20000f54        0x4 ./Core/Src/shuffle.o
 .bss.bag_pos   0x20000f58        0x4 ./Core/Src/shuffle.o
 .bss.enabled   0x20000f5c        0x4 ./Core/Src/shuffle.o
 .bss.rng_state
                0x20000f60        0x4 ./Core/Src/shuffle.o
 .bss.last_tick
                0x20000f64        0x4 ./Core/Src/stm32h5xx_it.o
                0x20000f64                last_tick
 .bss.last_tick_pf12
                0x20000f68        0x4 ./Core/Src/stm32h5xx_it.o
 .bss.last_tick_pd10
                0x20000f6c        0x4 ./Core/Src/stm32h5xx_it.o
 .bss.last_tick_pg7
                0x20000f70        0x4 ./Core/Src/stm32h5xx_it.o
 .bss.last_tick_pa0
                0x20000f74        0x4 ./Core/Src/stm32h5xx_it.o
 .bss.list_button
                0x20000f78        0x1 ./Core/Src/stm32h5xx_it.o
                0x20000f78                list_button
 .bss.speed_reset_button
                0x20000f79        0x1 ./Core/Src/stm32h5xx_it.o
                0x20000f79                speed_reset_button
 *fill*         0x20000f7a        0x2 
 .bss.__sbrk_heap_end
                0x20000f7c        0x4 ./Core/Src/sysmem.o
 .bss.last_filename
                0x20000f80        0xd ./Core/Src/ui.o
 *fill*         0x20000f8d        0x3 
 .bss.last_title
                0x20000f90       0x29 ./Core/Src/ui.o
 *fill*         0x20000fb9        0x3 
 .bss.last_elapsed
                0x20000fbc        0x4 ./Core/Src/ui.o
 .bss.last_total
                0x20000fc0        0x4 ./Core/Src/ui.o
 .bss.last_paused
                0x20000fc4        0x1 ./Core/Src/ui.o
 .bss.last_loopmode
                0x20000fc5        0x1 ./Core/Src/ui.o
 .bss.last_shufflemode
                0x20000fc6        0x1 ./Core/Src/ui.o
 *fill*         0x20000fc7        0x1 
 .bss.last_sn_active
                0x20000fc8        0x4 ./Core/Src/ui.o
 .bss.last_ym_active
                0x20000fcc        0x8 ./Core/Src/ui.o
 .bss.last_ok_active
                0x20000fd4        0x4 ./Core/Src/ui.o
 .bss.first_draw
                0x20000fd8        0x1 ./Core/Src/ui.o
 .bss.mode      0x20000fd9        0x1 ./Core/Src/ui.o
 *fill*         0x20000fda        0x2 
 .bss.cursor_index
                0x20000fdc        0x4 ./Core/Src/ui.o
 .bss.page_start
                0x20000fe0        0x4 ./Core/Src/ui.o
 .bss.file_name_cache
                0x20000fe4      0xd00 ./Core/Src/ui.o
 .bss.file_cache_count
                0x20001ce4        0x4 ./Core/Src/ui.o
 .bss.header    0x20001ce8       0x2c ./Core/Src/vgm.o
                0x20001ce8                header
 .bss.vgm_ram_buf
                0x20001d14    0x80000 ./Core/Src/vgm.o
 .bss.vgz_stage_buf
                0x20081d14    0x10000 ./Core/Src/vgm.o
 .bss.vgm_size  0x20091d14        0x4 ./Core/Src/vgm.o
 .bss.wait_samples
                0x20091d18        0x2 ./Core/Src/vgm.o
                0x20091d18                wait_samples
 *fill*         0x20091d1a        0x2 
 .bss.elapsed_samples
                0x20091d1c        0x4 ./Core/Src/vgm.o
                0x20091d1c                elapsed_samples
 .bss.track_finished
                0x20091d20        0x1 ./Core/Src/vgm.o
 *fill*         0x20091d21        0x3 
 .bss.pc        0x20091d24        0x4 ./Core/Src/vgm.o
                0x20091d24                pc
 .bss.cmd       0x20091d28        0x1 ./Core/Src/vgm.o
                0x20091d28                cmd
 .bss.cmd1      0x20091d29        0x1 ./Core/Src/vgm.o
                0x20091d29                cmd1
 .bss.cmd2      0x20091d2a        0x1 ./Core/Src/vgm.o
                0x20091d2a                cmd2
 .bss.cmd3      0x20091d2b        0x1 ./Core/Src/vgm.o
                0x20091d2b                cmd3
 .bss.uwTick    0x20091d2c        0x4 ./Drivers/STM32H5xx_HAL_Driver/Src/stm32h5xx_hal.o
                0x20091d2c                uwTick
 .bss.__sf      0x20091d30      0x138 C:/ST/STM32CubeIDE_1.19.0/STM32CubeIDE/plugins/com.st.stm32cube.ide.mcu.externaltools.gnu-tools-for-stm32.13.3.rel1.win32_1.0.0.202411081344/tools/bin/../lib/gcc/arm-none-eabi/13.3.1/../../../../arm-none-eabi/lib/thumb/v8-m.main+fp/hard\libc_nano.a(libc_a-findfp.o)
                0x20091d30                __sf
 .bss.errno     0x20091e68        0x4 C:/ST/STM32CubeIDE_1.19.0/STM32CubeIDE/plugins/com.st.stm32cube.ide.mcu.externaltools.gnu-tools-for-stm32.13.3.rel1.win32_1.0.0.202411081344/tools/bin/../lib/gcc/arm-none-eabi/13.3.1/../../../../arm-none-eabi/lib/thumb/v8-m.main+fp/hard\libc_nano.a(libc_a-reent.o)
                0x20091e68                errno
 .bss.__lock___malloc_recursive_mutex
                0x20091e6c        0x1 C:/ST/STM32CubeIDE_1.19.0/STM32CubeIDE/plugins/com.st.stm32cube.ide.mcu.externaltools.gnu-tools-for-stm32.13.3.rel1.win32_1.0.0.202411081344/tools/bin/../lib/gcc/arm-none-eabi/13.3.1/../../../../arm-none-eabi/lib/thumb/v8-m.main+fp/hard\libc_nano.a(libc_a-lock.o)
                0x20091e6c                __lock___malloc_recursive_mutex
 *fill*         0x20091e6d        0x3 
 .bss.__malloc_sbrk_start
                0x20091e70        0x4 C:/ST/STM32CubeIDE_1.19.0/STM32CubeIDE/plugins/com.st.stm32cube.ide.mcu.externaltools.gnu-tools-for-stm32.13.3.rel1.win32_1.0.0.202411081344/tools/bin/../lib/gcc/arm-none-eabi/13.3.1/../../../../arm-none-eabi/lib/thumb/v8-m.main+fp/hard\libc_nano.a(libc_a-mallocr.o)
                0x20091e70                __malloc_sbrk_start
 .bss.__malloc_free_list
                0x20091e74        0x4 C:/ST/STM32CubeIDE_1.19.0/STM32CubeIDE/plugins/com.st.stm32cube.ide.mcu.externaltools.gnu-tools-for-stm32.13.3.rel1.win32_1.0.0.202411081344/tools/bin/../lib/gcc/arm-none-eabi/13.3.1/../../../../arm-none-eabi/lib/thumb/v8-m.main+fp/hard\libc_nano.a(libc_a-mallocr.o)
                0x20091e74                __malloc_free_list
 *(COMMON)
                0x20091e78                        . = ALIGN (0x4)
                0x20091e78                        _ebss = .
                0x20091e78                        __bss_end__ = _ebss

._user_heap_stack
                0x20091e78      0x600 load address 0x0801f2c4
                0x20091e78                        . = ALIGN (0x8)
                [!provide]                        PROVIDE (end = .)
                0x20091e78                        PROVIDE (_end = .)
                0x20092078                        . = (. + _Min_Heap_Size)
 *fill*         0x20091e78      0x200 
                0x20092478                        . = (. + _Min_Stack_Size)
 *fill*         0x20092078      0x400 
                0x20092478                        . = ALIGN (0x8)

/DISCARD/
 libc.a(*)
 libm.a(*)
 libgcc.a(*)

.ARM.attributes
                0x00000000       0x36
 *(.ARM.attributes)
 .ARM.attributes
                0x00000000       0x26 C:/ST/STM32CubeIDE_1.19.0/STM32CubeIDE/plugins/com.st.stm32cube.ide.mcu.externaltools.gnu-tools-for-stm32.13.3.rel1.win32_1.0.0.202411081344/tools/bin/../lib/gcc/arm-none-eabi/13.3.1/thumb/v8-m.main+fp/hard/crti.o
 .ARM.attributes
                0x00000026       0x38 C:/ST/STM32CubeIDE_1.19.0/STM32CubeIDE/plugins/com.st.stm32cube.ide.mcu.externaltools.gnu-tools-for-stm32.13.3.rel1.win32_1.0.0.202411081344/tools/bin/../lib/gcc/arm-none-eabi/13.3.1/thumb/v8-m.main+fp/hard/crtbegin.o
 .ARM.attributes
                0x0000005e       0x26 ./Core/Audio/vgm_data.o
 .ARM.attributes
                0x00000084       0x3a ./Core/Src/ILI9341.o
 .ARM.attributes
                0x000000be       0x3a ./Core/Src/SI5351.o
 .ARM.attributes
                0x000000f8       0x3a ./Core/Src/SN76489.o
 .ARM.attributes
                0x00000132       0x3a ./Core/Src/YM2151.o
 .ARM.attributes
                0x0000016c       0x3a ./Core/Src/fat32.o
 .ARM.attributes
                0x000001a6       0x3a ./Core/Src/font5x7.o
 .ARM.attributes
                0x000001e0       0x3a ./Core/Src/main.o
 .ARM.attributes
                0x0000021a       0x3a ./Core/Src/msm6295.o
 .ARM.attributes
                0x00000254       0x3a ./Core/Src/puff.o
 .ARM.attributes
                0x0000028e       0x3a ./Core/Src/sd_spi.o
 .ARM.attributes
                0x000002c8       0x3a ./Core/Src/shuffle.o
 .ARM.attributes
                0x00000302       0x3a ./Core/Src/stm32h5xx_hal_msp.o
 .ARM.attributes
                0x0000033c       0x3a ./Core/Src/stm32h5xx_it.o
 .ARM.attributes
                0x00000376       0x3a ./Core/Src/storage.o
 .ARM.attributes
                0x000003b0       0x3a ./Core/Src/sysmem.o
 .ARM.attributes
                0x000003ea       0x3a ./Core/Src/system_stm32h5xx.o
 .ARM.attributes
                0x00000424       0x3a ./Core/Src/ui.o
 .ARM.attributes
                0x0000045e       0x3a ./Core/Src/vgm.o
 .ARM.attributes
                0x00000498       0x3a ./Core/Src/vgz.o
 .ARM.attributes
                0x000004d2       0x24 ./Core/Startup/startup_stm32h563zitx.o
 .ARM.attributes
                0x000004f6       0x3a ./Drivers/STM32H5xx_HAL_Driver/Src/stm32h5xx_hal.o
 .ARM.attributes
                0x00000530       0x3a ./Drivers/STM32H5xx_HAL_Driver/Src/stm32h5xx_hal_cortex.o
 .ARM.attributes
                0x0000056a       0x3a ./Drivers/STM32H5xx_HAL_Driver/Src/stm32h5xx_hal_dac.o
 .ARM.attributes
                0x000005a4       0x3a ./Drivers/STM32H5xx_HAL_Driver/Src/stm32h5xx_hal_flash.o
 .ARM.attributes
                0x000005de       0x3a ./Drivers/STM32H5xx_HAL_Driver/Src/stm32h5xx_hal_flash_ex.o
 .ARM.attributes
                0x00000618       0x3a ./Drivers/STM32H5xx_HAL_Driver/Src/stm32h5xx_hal_gpio.o
 .ARM.attributes
                0x00000652       0x3a ./Drivers/STM32H5xx_HAL_Driver/Src/stm32h5xx_hal_i2c.o
 .ARM.attributes
                0x0000068c       0x3a ./Drivers/STM32H5xx_HAL_Driver/Src/stm32h5xx_hal_i2c_ex.o
 .ARM.attributes
                0x000006c6       0x3a ./Drivers/STM32H5xx_HAL_Driver/Src/stm32h5xx_hal_icache.o
 .ARM.attributes
                0x00000700       0x3a ./Drivers/STM32H5xx_HAL_Driver/Src/stm32h5xx_hal_rcc.o
 .ARM.attributes
                0x0000073a       0x3a ./Drivers/STM32H5xx_HAL_Driver/Src/stm32h5xx_hal_rcc_ex.o
 .ARM.attributes
                0x00000774       0x3a ./Drivers/STM32H5xx_HAL_Driver/Src/stm32h5xx_hal_spi.o
 .ARM.attributes
                0x000007ae       0x3a ./Drivers/STM32H5xx_HAL_Driver/Src/stm32h5xx_hal_tim.o
 .ARM.attributes
                0x000007e8       0x3a ./Drivers/STM32H5xx_HAL_Driver/Src/stm32h5xx_hal_tim_ex.o
 .ARM.attributes
                0x00000822       0x38 C:/ST/STM32CubeIDE_1.19.0/STM32CubeIDE/plugins/com.st.stm32cube.ide.mcu.externaltools.gnu-tools-for-stm32.13.3.rel1.win32_1.0.0.202411081344/tools/bin/../lib/gcc/arm-none-eabi/13.3.1/../../../../arm-none-eabi/lib/thumb/v8-m.main+fp/hard\libc_nano.a(libc_a-findfp.o)
 .ARM.attributes
                0x0000085a       0x38 C:/ST/STM32CubeIDE_1.19.0/STM32CubeIDE/plugins/com.st.stm32cube.ide.mcu.externaltools.gnu-tools-for-stm32.13.3.rel1.win32_1.0.0.202411081344/tools/bin/../lib/gcc/arm-none-eabi/13.3.1/../../../../arm-none-eabi/lib/thumb/v8-m.main+fp/hard\libc_nano.a(libc_a-snprintf.o)
 .ARM.attributes
                0x00000892       0x38 C:/ST/STM32CubeIDE_1.19.0/STM32CubeIDE/plugins/com.st.stm32cube.ide.mcu.externaltools.gnu-tools-for-stm32.13.3.rel1.win32_1.0.0.202411081344/tools/bin/../lib/gcc/arm-none-eabi/13.3.1/../../../../arm-none-eabi/lib/thumb/v8-m.main+fp/hard\libc_nano.a(libc_a-memset.o)
 .ARM.attributes
                0x000008ca       0x38 C:/ST/STM32CubeIDE_1.19.0/STM32CubeIDE/plugins/com.st.stm32cube.ide.mcu.externaltools.gnu-tools-for-stm32.13.3.rel1.win32_1.0.0.202411081344/tools/bin/../lib/gcc/arm-none-eabi/13.3.1/../../../../arm-none-eabi/lib/thumb/v8-m.main+fp/hard\libc_nano.a(libc_a-strncpy.o)
 .ARM.attributes
                0x00000902       0x38 C:/ST/STM32CubeIDE_1.19.0/STM32CubeIDE/plugins/com.st.stm32cube.ide.mcu.externaltools.gnu-tools-for-stm32.13.3.rel1.win32_1.0.0.202411081344/tools/bin/../lib/gcc/arm-none-eabi/13.3.1/../../../../arm-none-eabi/lib/thumb/v8-m.main+fp/hard\libc_nano.a(libc_a-reent.o)
 .ARM.attributes
                0x0000093a       0x38 C:/ST/STM32CubeIDE_1.19.0/STM32CubeIDE/plugins/com.st.stm32cube.ide.mcu.externaltools.gnu-tools-for-stm32.13.3.rel1.win32_1.0.0.202411081344/tools/bin/../lib/gcc/arm-none-eabi/13.3.1/../../../../arm-none-eabi/lib/thumb/v8-m.main+fp/hard\libc_nano.a(libc_a-impure.o)
 .ARM.attributes
                0x00000972       0x38 C:/ST/STM32CubeIDE_1.19.0/STM32CubeIDE/plugins/com.st.stm32cube.ide.mcu.externaltools.gnu-tools-for-stm32.13.3.rel1.win32_1.0.0.202411081344/tools/bin/../lib/gcc/arm-none-eabi/13.3.1/../../../../arm-none-eabi/lib/thumb/v8-m.main+fp/hard\libc_nano.a(libc_a-errno.o)
 .ARM.attributes
                0x000009aa       0x38 C:/ST/STM32CubeIDE_1.19.0/STM32CubeIDE/plugins/com.st.stm32cube.ide.mcu.externaltools.gnu-tools-for-stm32.13.3.rel1.win32_1.0.0.202411081344/tools/bin/../lib/gcc/arm-none-eabi/13.3.1/../../../../arm-none-eabi/lib/thumb/v8-m.main+fp/hard\libc_nano.a(libc_a-init.o)
 .ARM.attributes
                0x000009e2       0x38 C:/ST/STM32CubeIDE_1.19.0/STM32CubeIDE/plugins/com.st.stm32cube.ide.mcu.externaltools.gnu-tools-for-stm32.13.3.rel1.win32_1.0.0.202411081344/tools/bin/../lib/gcc/arm-none-eabi/13.3.1/../../../../arm-none-eabi/lib/thumb/v8-m.main+fp/hard\libc_nano.a(libc_a-lock.o)
 .ARM.attributes
                0x00000a1a       0x24 C:/ST/STM32CubeIDE_1.19.0/STM32CubeIDE/plugins/com.st.stm32cube.ide.mcu.externaltools.gnu-tools-for-stm32.13.3.rel1.win32_1.0.0.202411081344/tools/bin/../lib/gcc/arm-none-eabi/13.3.1/../../../../arm-none-eabi/lib/thumb/v8-m.main+fp/hard\libc_nano.a(libc_a-setjmp.o)
 .ARM.attributes
                0x00000a3e       0x24 C:/ST/STM32CubeIDE_1.19.0/STM32CubeIDE/plugins/com.st.stm32cube.ide.mcu.externaltools.gnu-tools-for-stm32.13.3.rel1.win32_1.0.0.202411081344/tools/bin/../lib/gcc/arm-none-eabi/13.3.1/../../../../arm-none-eabi/lib/thumb/v8-m.main+fp/hard\libc_nano.a(libc_a-strcmp.o)
 .ARM.attributes
                0x00000a62       0x38 C:/ST/STM32CubeIDE_1.19.0/STM32CubeIDE/plugins/com.st.stm32cube.ide.mcu.externaltools.gnu-tools-for-stm32.13.3.rel1.win32_1.0.0.202411081344/tools/bin/../lib/gcc/arm-none-eabi/13.3.1/../../../../arm-none-eabi/lib/thumb/v8-m.main+fp/hard\libc_nano.a(libc_a-strcpy.o)
 .ARM.attributes
                0x00000a9a       0x38 C:/ST/STM32CubeIDE_1.19.0/STM32CubeIDE/plugins/com.st.stm32cube.ide.mcu.externaltools.gnu-tools-for-stm32.13.3.rel1.win32_1.0.0.202411081344/tools/bin/../lib/gcc/arm-none-eabi/13.3.1/../../../../arm-none-eabi/lib/thumb/v8-m.main+fp/hard\libc_nano.a(libc_a-memcpy-stub.o)
 .ARM.attributes