../Core/Src/ILI9341.c:24:13:ILI9341_Select	8	static
../Core/Src/ILI9341.c:28:13:ILI9341_Deselect	8	static
../Core/Src/ILI9341.c:32:13:ILI9341_Reset	8	static
../Core/Src/ILI9341.c:39:13:ILI9341_WriteCommand	16	static
../Core/Src/ILI9341.c:44:13:ILI9341_WriteData	16	static
../Core/Src/ILI9341.c:49:6:ILI9341_Init	120	static
../Core/Src/ILI9341.c:123:6:ILI9341_SetAddressWindow	32	static
../Core/Src/ILI9341.c:138:6:ILI9341_FillRect	104	static
../Core/Src/ILI9341.c:163:6:ILI9341_FillScreen	24	static
../Core/Src/ILI9341.c:167:6:ILI9341_DrawPixel	24	static
../Core/Src/ILI9341.c:176:6:ILI9341_DrawChar	1584	static
../Core/Src/ILI9341.c:206:6:ILI9341_DrawString	48	static
