../Core/Src/main.c:145:7:round_to	1
../Core/Src/main.c:155:5:main	43
../Core/Src/main.c:427:6:SystemClock_Config	4
../Core/Src/main.c:477:6:PeriphCommonClock_Config	2
../Core/Src/main.c:507:13:MX_DAC1_Init	4
../Core/Src/main.c:560:13:MX_I2C1_Init	4
../Core/Src/main.c:608:13:MX_ICACHE_Init	3
../Core/Src/main.c:640:13:MX_SPI1_Init	2
../Core/Src/main.c:688:13:MX_SPI2_Init	2
../Core/Src/main.c:736:13:MX_TIM2_Init	4
../Core/Src/main.c:781:13:MX_TIM3_Init	3
../Core/Src/main.c:830:13:MX_TIM4_Init	4
../Core/Src/main.c:875:13:MX_GPIO_Init	1
../Core/Src/main.c:1036:6:Error_Handler	1
